generadas 80000+10000 partidas en 781s
N_train=80000: por jugada t (estado ANTES de la jugada t+1 => prefijo de largo t)
 t | %test vistos | %test NO-triv vistos | mediana visitas (vistos) | n test
 0 |   100% |   100% (10000) |    80000 | 10000
 1 |   100% |   100% ( 2999) |    56010 | 10000
 2 |   100% |   100% ( 8592) |     7970 | 10000
 3 |   100% |   100% ( 4466) |     1112 | 10000
 4 |   100% |   100% ( 7424) |      172 | 10000
 5 |    96% |    94% ( 5104) |       33 | 10000
 6 |    84% |    84% ( 5980) |        7 | 10000
 7 |    56% |    54% ( 4924) |        2 | 9769
 8 |    27% |    28% ( 4932) |        1 | 9736
 9 |    10% |    14% ( 4508) |        1 | 9416
10 |     4% |     6% ( 4399) |        1 | 9307
11 |     2% |     3% ( 4145) |        1 | 8926
12 |     1% |     1% ( 3954) |        1 | 8734
13 |     0% |     1% ( 3656) |        1 | 8263
14 |     0% |     0% ( 3524) |        1 | 7975
15 |     0% |     0% ( 3291) |        1 | 7444
16 |     0% |     0% ( 2923) |        2 | 7016
17 |     0% |     0% ( 2757) |        0 | 6449
18 |     0% |     0% ( 2544) |        0 | 5958
19 |     0% |     0% ( 2323) |        0 | 5366
20 |     0% |     0% ( 2040) |        0 | 4874
21 |     0% |     0% ( 1838) |        0 | 4269
22 |     0% |     0% ( 1584) |        0 | 3784
23 |     0% |     0% ( 1370) |        0 | 3228
24 |     0% |     0% ( 1203) |        0 | 2813
25 |     0% |     0% ( 1036) |        0 | 2379
26 |     0% |     0% (  912) |        0 | 2042
27 |     0% |     0% (  743) |        0 | 1694
28 |     0% |     0% (  649) |        0 | 1435
29 |     0% |     0% (  559) |        0 | 1180
30 |     0% |     0% (  439) |        0 | 967
31 |     0% |     0% (  345) |        0 | 767
32 |     0% |     0% (  277) |        0 | 617
33 |     0% |     0% (  240) |        0 | 507
34 |     0% |     0% (  168) |        0 | 394
35 |     0% |     0% (  130) |        0 | 312
36 |     0% |     0% (   89) |        0 | 238
37 |     0% |     0% (   88) |        0 | 193
38 |     0% |     0% (   45) |        0 | 147
39 |     0% |     0% (   40) |        0 | 110
40 |     0% |     0% (   10) |        0 | 91
41 |     0% |     0% (    0) |        0 | 64
fraccion de estados no triviales de test vistos en train: 45.5%
no triviales de test con >= 1 visitas en train: 45.5%
no triviales de test con >= 10 visitas en train: 37.2%
no triviales de test con >= 100 visitas en train: 29.6%
tiempo total: 781s (generacion 781s, analisis 0s)
