warning: `VIRTUAL_ENV=/Users/marianocrosetti/Desktop/repo/ai-service/.venv` does not match the project environment path `/Users/marianocrosetti/Desktop/personal-hq/projects/unr-tesina-new/.venv` and will be ignored; use `--active` to target the active environment instead
generadas 800000+10000 partidas en 3626s
N_train=800000: por jugada t (estado ANTES de la jugada t+1 => prefijo de largo t)
 t | %test vistos | %test NO-triv vistos | mediana visitas (vistos) | n test
 0 |   100% |   100% (10000) |   800000 | 10000
 1 |   100% |   100% ( 2971) |   559817 | 10000
 2 |   100% |   100% ( 8587) |    79868 | 10000
 3 |   100% |   100% ( 4612) |    11168 | 10000
 4 |   100% |   100% ( 7357) |     1657 | 10000
 5 |   100% |    99% ( 5174) |      276 | 10000
 6 |    98% |    97% ( 6028) |       59 | 10000
 7 |    88% |    87% ( 4966) |       11 | 9765
 8 |    65% |    67% ( 5049) |        3 | 9728
 9 |    35% |    41% ( 4558) |        2 | 9408
10 |    16% |    19% ( 4376) |        1 | 9313
11 |     7% |    10% ( 4144) |        1 | 8929
12 |     3% |     5% ( 3953) |        1 | 8736
13 |     1% |     3% ( 3775) |        1 | 8278
14 |     1% |     1% ( 3431) |        1 | 7998
15 |     0% |     1% ( 3345) |        1 | 7433
16 |     0% |     0% ( 3003) |        1 | 7056
17 |     0% |     0% ( 2866) |        1 | 6489
18 |     0% |     0% ( 2568) |        1 | 6028
19 |     0% |     0% ( 2345) |        1 | 5436
20 |     0% |     0% ( 2124) |        1 | 4931
21 |     0% |     0% ( 1886) |        1 | 4348
22 |     0% |     0% ( 1725) |        0 | 3863
23 |     0% |     0% ( 1472) |        0 | 3305
24 |     0% |     0% ( 1228) |        0 | 2880
25 |     0% |     0% ( 1081) |        0 | 2435
26 |     0% |     0% (  887) |        0 | 2065
27 |     0% |     0% (  791) |        0 | 1756
28 |     0% |     0% (  658) |        0 | 1486
29 |     0% |     0% (  559) |        0 | 1234
30 |     0% |     0% (  487) |        0 | 1039
31 |     0% |     0% (  391) |        0 | 821
32 |     0% |     0% (  300) |        0 | 669
33 |     0% |     0% (  246) |        0 | 528
34 |     0% |     0% (  194) |        0 | 423
35 |     0% |     0% (  153) |        0 | 336
36 |     0% |     0% (  117) |        0 | 284
37 |     0% |     0% (  110) |        0 | 228
38 |     0% |     0% (   59) |        0 | 171
39 |     0% |     0% (   46) |        0 | 130
40 |     0% |     0% (   11) |        0 | 99
41 |     0% |     0% (    0) |        0 | 75
fraccion de estados no triviales de test vistos en train: 51.7%
no triviales de test con >= 1 visitas en train: 51.7%
no triviales de test con >= 10 visitas en train: 43.9%
no triviales de test con >= 100 visitas en train: 36.8%
