indexing training positions ...
  109978 distinct training positions
{
 "all": {
  "n": 40149,
  "expert_er": 0.5198635084310942,
  "mixture_argmax_er": 0.5198635084310942,
  "model_er_tau0.001": 0.4808975690398215,
  "gain_tau0.001": -0.038965939391272686,
  "acc_tau0.001": 0.9552876353263855,
  "model_er_tau1.0": 0.4777729069304592,
  "gain_tau1.0": -0.04209060150063498,
  "acc_tau1.0": 0.9512947201728821
 },
 "seen": {
  "n": 25371,
  "expert_er": 0.5187418706397068,
  "mixture_argmax_er": 0.5187418706397068,
  "model_er_tau0.001": 0.5137869970952451,
  "gain_tau0.001": -0.004954873544461669,
  "acc_tau0.001": 0.9937164783477783,
  "model_er_tau1.0": 0.510044891223465,
  "gain_tau1.0": -0.008696979416241812,
  "acc_tau1.0": 0.9889270067214966
 },
 "unseen": {
  "n": 14778,
  "expert_er": 0.5217891460278793,
  "mixture_argmax_er": 0.5217891460278793,
  "model_er_tau0.001": 0.4244327105207963,
  "gain_tau0.001": -0.097356435507083,
  "acc_tau0.001": 0.8893129825592041,
  "model_er_tau1.0": 0.42236808127760694,
  "gain_tau1.0": -0.09942106475027235,
  "acc_tau1.0": 0.8866875171661377
 },
 "seen_frac_by_phase": [
  0.991616716267762,
  0.13544053733702094,
  0.0
 ],
 "unseen_by_phase": [
  {
   "n": 200,
   "expert_er": 0.13,
   "mixture_argmax_er": 0.13,
   "model_er_tau0.001": 0.1175,
   "gain_tau0.001": -0.012500000000000011,
   "acc_tau0.001": 0.9850000143051147,
   "model_er_tau1.0": 0.10776463911730388,
   "gain_tau1.0": -0.02223536088269612,
   "acc_tau1.0": 0.9730932116508484
  },
  {
   "n": 10941,
   "expert_er": 0.5080888401425829,
   "mixture_argmax_er": 0.5080888401425829,
   "model_er_tau0.001": 0.41601948854645066,
   "gain_tau0.001": -0.09206935159613228,
   "acc_tau0.001": 0.897282600402832,
   "model_er_tau1.0": 0.41469624338900396,
   "gain_tau1.0": -0.09339259675357897,
   "acc_tau1.0": 0.8959363102912903
  },
  {
   "n": 3637,
   "expert_er": 0.5845477041517735,
   "mixture_argmax_er": 0.5845477041517735,
   "model_er_tau0.001": 0.46662011874886217,
   "gain_tau0.001": -0.11792758540291132,
   "acc_tau0.001": 0.8600762486457825,
   "model_er_tau1.0": 0.4627470383222223,
   "gain_tau1.0": -0.12180066582955118,
   "acc_tau1.0": 0.8541128039360046
  }
 ]
}
own-play tau=0.001: {"win": 65, "draw": 0, "loss": 235, "illegal": 33} score=0.217
own-play tau=1.0: {"win": 65, "draw": 0, "loss": 235, "illegal": 33} score=0.217
wrote results/comp_q1.0_n8_fa0.5_20k/seed2/decompose.json
