indexing training positions ...
  251425 distinct training positions
{
 "all": {
  "n": 61419,
  "expert_er": 0.4611873768703495,
  "mixture_argmax_er": 0.516639802015663,
  "model_er_tau0.001": 0.4332798132113841,
  "gain_tau0.001": -0.027907563658965406,
  "acc_tau0.001": 0.8075364828109741,
  "model_er_tau1.0": 0.39254264208607814,
  "gain_tau1.0": -0.06864473478427136,
  "acc_tau1.0": 0.760627269744873
 },
 "seen": {
  "n": 25029,
  "expert_er": 0.4466241160254105,
  "mixture_argmax_er": 0.5233728874505573,
  "model_er_tau0.001": 0.5118251817492251,
  "gain_tau0.001": 0.06520106572381457,
  "acc_tau0.001": 0.8856671452522278,
  "model_er_tau1.0": 0.4234086446028857,
  "gain_tau1.0": -0.023215471422524836,
  "acc_tau1.0": 0.7844763398170471
 },
 "unseen": {
  "n": 36390,
  "expert_er": 0.4712039708711184,
  "mixture_argmax_er": 0.5120087936246221,
  "model_er_tau0.001": 0.3792563993852335,
  "gain_tau0.001": -0.09194757148588495,
  "acc_tau0.001": 0.753798246383667,
  "model_er_tau1.0": 0.3713130411794231,
  "gain_tau1.0": -0.09989092969169533,
  "acc_tau1.0": 0.7442238330841064
 },
 "seen_frac_by_phase": [
  0.9409675802139037,
  0.08898199765649967,
  0.0
 ],
 "unseen_by_phase": [
  {
   "n": 1413,
   "expert_er": 0.4507165605095541,
   "mixture_argmax_er": 0.5180467091295117,
   "model_er_tau0.001": 0.3782743195541765,
   "gain_tau0.001": -0.0724422409553776,
   "acc_tau0.001": 0.7339006066322327,
   "model_er_tau1.0": 0.34003125933094197,
   "gain_tau1.0": -0.11068530117861214,
   "acc_tau1.0": 0.687452495098114
  },
  {
   "n": 25657,
   "expert_er": 0.46549255563783754,
   "mixture_argmax_er": 0.5037416689402502,
   "model_er_tau0.001": 0.37674192508836696,
   "gain_tau0.001": -0.08875063054947058,
   "acc_tau0.001": 0.7580631971359253,
   "model_er_tau1.0": 0.36892293121399156,
   "gain_tau1.0": -0.09656962442384598,
   "acc_tau1.0": 0.7491852641105652
  },
  {
   "n": 9320,
   "expert_er": 0.4900329935622318,
   "mixture_argmax_er": 0.5338519313304722,
   "model_er_tau0.001": 0.386327380698108,
   "gain_tau0.001": -0.10370561286412378,
   "acc_tau0.001": 0.7450740933418274,
   "model_er_tau1.0": 0.3826353812153653,
   "gain_tau1.0": -0.10739761234686651,
   "acc_tau1.0": 0.739172637462616
  }
 ]
}
own-play tau=0.001: {"win": 70, "draw": 0, "loss": 130, "illegal": 22} score=0.350
own-play tau=1.0: {"win": 55, "draw": 0, "loss": 145, "illegal": 26} score=0.275
wrote results/iid_rho0.3_pi0.0_20k/seed0/decompose.json
