indexing training positions ...
  541919 distinct training positions
{
 "all": {
  "n": 47267,
  "expert_er": 0.3707431541385463,
  "mixture_argmax_er": 0.3289927433515984,
  "model_er_tau0.001": 0.43155821699571545,
  "gain_tau0.001": 0.060815062857169144,
  "acc_tau0.001": 0.7978812456130981,
  "model_er_tau1.0": 0.3706024023235784,
  "gain_tau1.0": -0.000140751814967921,
  "acc_tau1.0": 0.7206847667694092
 },
 "seen": {
  "n": 29619,
  "expert_er": 0.2808852988509628,
  "mixture_argmax_er": 0.2142543637529964,
  "model_er_tau0.001": 0.42140862971304716,
  "gain_tau0.001": 0.14052333086208435,
  "acc_tau0.001": 0.7402798533439636,
  "model_er_tau1.0": 0.357697814892159,
  "gain_tau1.0": 0.07681251604119621,
  "acc_tau1.0": 0.6631240844726562
 },
 "unseen": {
  "n": 17648,
  "expert_er": 0.5215534338168631,
  "mixture_argmax_er": 0.5215605167724388,
  "model_er_tau0.001": 0.4485924772929361,
  "gain_tau0.001": -0.07296095652392703,
  "acc_tau0.001": 0.894554853439331,
  "model_er_tau1.0": 0.3922604358192272,
  "gain_tau1.0": -0.12929299799763594,
  "acc_tau1.0": 0.8172899484634399
 },
 "seen_frac_by_phase": [
  0.9985367892976589,
  0.3708512706568532,
  0.043935159306875346
 ],
 "unseen_by_phase": [
  {
   "n": 35,
   "expert_er": 0.010714285714285714,
   "mixture_argmax_er": 0.014285714285714285,
   "model_er_tau0.001": 0.014285717230640265,
   "gain_tau0.001": 0.003571431516354551,
   "acc_tau0.001": 0.9142857193946838,
   "model_er_tau1.0": 0.010882176407696014,
   "gain_tau1.0": 0.00016789069341030007,
   "acc_tau1.0": 0.89306640625
  },
  {
   "n": 9061,
   "expert_er": 0.5195342677408674,
   "mixture_argmax_er": 0.5195342677408674,
   "model_er_tau0.001": 0.4537026250026654,
   "gain_tau0.001": -0.06583164273820202,
   "acc_tau0.001": 0.9139503836631775,
   "model_er_tau1.0": 0.38916045352650075,
   "gain_tau1.0": -0.13037381421436667,
   "acc_tau1.0": 0.837551474571228
  },
  {
   "n": 8552,
   "expert_er": 0.5257834424695977,
   "mixture_argmax_er": 0.5257834424695977,
   "model_er_tau0.001": 0.44495563073123395,
   "gain_tau0.001": -0.08082781173836379,
   "acc_tau0.001": 0.873924195766449,
   "model_er_tau1.0": 0.3971057560523654,
   "gain_tau1.0": -0.12867768641723232,
   "acc_tau1.0": 0.7955121994018555
  }
 ]
}
own-play tau=0.001: {"win": 99, "draw": 0, "loss": 201, "illegal": 5} score=0.330
own-play tau=1.0: {"win": 40, "draw": 0, "loss": 260, "illegal": 7} score=0.133
wrote results/comp_edges_n8_fa0.5/seed1/decompose.json
