indexing training positions ...
  541919 distinct training positions
{
 "all": {
  "n": 47267,
  "expert_er": 0.3707431541385463,
  "mixture_argmax_er": 0.3289927433515984,
  "model_er_tau0.001": 0.4257206618205999,
  "gain_tau0.001": 0.05497750768205362,
  "acc_tau0.001": 0.7773871421813965,
  "model_er_tau1.0": 0.34936511254974084,
  "gain_tau1.0": -0.021378041588805463,
  "acc_tau1.0": 0.6903484463691711
 },
 "seen": {
  "n": 29619,
  "expert_er": 0.2808852988509628,
  "mixture_argmax_er": 0.2142543637529964,
  "model_er_tau0.001": 0.4223685877401902,
  "gain_tau0.001": 0.1414832888892274,
  "acc_tau0.001": 0.7212534546852112,
  "model_er_tau1.0": 0.33758782342836474,
  "gain_tau1.0": 0.056702524577401936,
  "acc_tau1.0": 0.635165810585022
 },
 "unseen": {
  "n": 17648,
  "expert_er": 0.5215534338168631,
  "mixture_argmax_er": 0.5215605167724388,
  "model_er_tau0.001": 0.431346516432321,
  "gain_tau0.001": -0.09020691738454212,
  "acc_tau0.001": 0.8715975284576416,
  "model_er_tau1.0": 0.36913117819378205,
  "gain_tau1.0": -0.1524222556230811,
  "acc_tau1.0": 0.7829625010490417
 },
 "seen_frac_by_phase": [
  0.9985367892976589,
  0.3708512706568532,
  0.043935159306875346
 ],
 "unseen_by_phase": [
  {
   "n": 35,
   "expert_er": 0.010714285714285714,
   "mixture_argmax_er": 0.014285714285714285,
   "model_er_tau0.001": 0.014285714285714289,
   "gain_tau0.001": 0.0035714285714285744,
   "acc_tau0.001": 0.8857142925262451,
   "model_er_tau1.0": 0.011663002089231407,
   "gain_tau1.0": 0.000948716374945693,
   "acc_tau1.0": 0.8930781483650208
  },
  {
   "n": 9061,
   "expert_er": 0.5195342677408674,
   "mixture_argmax_er": 0.5195342677408674,
   "model_er_tau0.001": 0.4286125666478866,
   "gain_tau0.001": -0.09092170109298081,
   "acc_tau0.001": 0.8852143883705139,
   "model_er_tau1.0": 0.36518933085669003,
   "gain_tau1.0": -0.15434493688417739,
   "acc_tau1.0": 0.8088673949241638
  },
  {
   "n": 8552,
   "expert_er": 0.5257834424695977,
   "mixture_argmax_er": 0.5257834424695977,
   "model_er_tau0.001": 0.43595005327421676,
   "gain_tau0.001": -0.08983338919538097,
   "acc_tau0.001": 0.8571124076843262,
   "model_er_tau1.0": 0.3747706151541481,
   "gain_tau1.0": -0.15101282731544963,
   "acc_tau1.0": 0.7550651431083679
  }
 ]
}
own-play tau=0.001: {"win": 82, "draw": 1, "loss": 217, "illegal": 6} score=0.275
own-play tau=1.0: {"win": 24, "draw": 0, "loss": 276, "illegal": 1} score=0.080
wrote results/comp_edges_n8_fa0.5_small/seed1/decompose.json
