indexing training positions ...
  541919 distinct training positions
{
 "all": {
  "n": 47267,
  "expert_er": 0.3707431541385463,
  "mixture_argmax_er": 0.3289927433515984,
  "model_er_tau0.001": 0.4220353773512643,
  "gain_tau0.001": 0.05129222321271798,
  "acc_tau0.001": 0.7772728204727173,
  "model_er_tau1.0": 0.3491322999065789,
  "gain_tau1.0": -0.021610854231967402,
  "acc_tau1.0": 0.6909382939338684
 },
 "seen": {
  "n": 29619,
  "expert_er": 0.2808852988509628,
  "mixture_argmax_er": 0.2142543637529964,
  "model_er_tau0.001": 0.41473958168230496,
  "gain_tau0.001": 0.13385428283134215,
  "acc_tau0.001": 0.7185320258140564,
  "model_er_tau1.0": 0.33608579165650293,
  "gain_tau1.0": 0.055200492805540124,
  "acc_tau1.0": 0.6340333819389343
 },
 "unseen": {
  "n": 17648,
  "expert_er": 0.5215534338168631,
  "mixture_argmax_er": 0.5215605167724388,
  "model_er_tau0.001": 0.43428006071022296,
  "gain_tau0.001": -0.08727337310664018,
  "acc_tau0.001": 0.875858724117279,
  "model_er_tau1.0": 0.3710285220200762,
  "gain_tau1.0": -0.15052491179678695,
  "acc_tau1.0": 0.7864429354667664
 },
 "seen_frac_by_phase": [
  0.9985367892976589,
  0.3708512706568532,
  0.043935159306875346
 ],
 "unseen_by_phase": [
  {
   "n": 35,
   "expert_er": 0.010714285714285714,
   "mixture_argmax_er": 0.014285714285714285,
   "model_er_tau0.001": 0.014285714285714285,
   "gain_tau0.001": 0.003571428571428571,
   "acc_tau0.001": 0.8857142925262451,
   "model_er_tau1.0": 0.011106641578953714,
   "gain_tau1.0": 0.00039235586466799914,
   "acc_tau1.0": 0.8926445245742798
  },
  {
   "n": 9061,
   "expert_er": 0.5195342677408674,
   "mixture_argmax_er": 0.5195342677408674,
   "model_er_tau0.001": 0.43079735456706053,
   "gain_tau0.001": -0.08873691317380689,
   "acc_tau0.001": 0.8869269490242004,
   "model_er_tau1.0": 0.3665025997218273,
   "gain_tau1.0": -0.1530316680190401,
   "acc_tau1.0": 0.8106491565704346
  },
  {
   "n": 8552,
   "expert_er": 0.5257834424695977,
   "mixture_argmax_er": 0.5257834424695977,
   "model_er_tau0.001": 0.43968892442491575,
   "gain_tau0.001": -0.08609451804468199,
   "acc_tau0.001": 0.8640913367271423,
   "model_er_tau1.0": 0.37729683911080025,
   "gain_tau1.0": -0.1484866033587975,
   "acc_tau1.0": 0.7603614926338196
  }
 ]
}
own-play tau=0.001: {"win": 64, "draw": 0, "loss": 236, "illegal": 27} score=0.213
own-play tau=1.0: {"win": 19, "draw": 0, "loss": 281, "illegal": 5} score=0.063
wrote results/comp_edges_n8_fa0.5_small/seed2/decompose.json
