indexing training positions ...
  541919 distinct training positions
{
 "all": {
  "n": 47267,
  "expert_er": 0.3707431541385463,
  "mixture_argmax_er": 0.3289927433515984,
  "model_er_tau0.001": 0.42249293890315776,
  "gain_tau0.001": 0.05174978476461145,
  "acc_tau0.001": 0.7860971093177795,
  "model_er_tau1.0": 0.3598124581889488,
  "gain_tau1.0": -0.010930695949597502,
  "acc_tau1.0": 0.7054575085639954
 },
 "seen": {
  "n": 29619,
  "expert_er": 0.2808852988509628,
  "mixture_argmax_er": 0.2142543637529964,
  "model_er_tau0.001": 0.4109928779204054,
  "gain_tau0.001": 0.1301075790694426,
  "acc_tau0.001": 0.7264329791069031,
  "model_er_tau1.0": 0.34648158931943623,
  "gain_tau1.0": 0.06559629046847343,
  "acc_tau1.0": 0.6473299264907837
 },
 "unseen": {
  "n": 17648,
  "expert_er": 0.5215534338168631,
  "mixture_argmax_er": 0.5215605167724388,
  "model_er_tau0.001": 0.44179372688186014,
  "gain_tau0.001": -0.079759706935003,
  "acc_tau0.001": 0.886232852935791,
  "model_er_tau1.0": 0.38218592855647443,
  "gain_tau1.0": -0.1393675052603887,
  "acc_tau1.0": 0.8030143976211548
 },
 "seen_frac_by_phase": [
  0.9985367892976589,
  0.3708512706568532,
  0.043935159306875346
 ],
 "unseen_by_phase": [
  {
   "n": 35,
   "expert_er": 0.010714285714285714,
   "mixture_argmax_er": 0.014285714285714285,
   "model_er_tau0.001": 0.01279216098289527,
   "gain_tau0.001": 0.0020778752686095563,
   "acc_tau0.001": 0.8857142925262451,
   "model_er_tau1.0": 0.010838754726656978,
   "gain_tau1.0": 0.00012446901237126405,
   "acc_tau1.0": 0.8928095102310181
  },
  {
   "n": 9061,
   "expert_er": 0.5195342677408674,
   "mixture_argmax_er": 0.5195342677408674,
   "model_er_tau0.001": 0.4406758917847839,
   "gain_tau0.001": -0.07885837595608353,
   "acc_tau0.001": 0.8987429738044739,
   "model_er_tau1.0": 0.3780040876920904,
   "gain_tau1.0": -0.14153018004877704,
   "acc_tau1.0": 0.8244397044181824
  },
  {
   "n": 8552,
   "expert_er": 0.5257834424695977,
   "mixture_argmax_er": 0.5257834424695977,
   "model_er_tau0.001": 0.4447338296205261,
   "gain_tau0.001": -0.08104961284907164,
   "acc_tau0.001": 0.8729802966117859,
   "model_er_tau1.0": 0.3881364443605235,
   "gain_tau1.0": -0.13764699810907421,
   "acc_tau1.0": 0.7799463272094727
  }
 ]
}
own-play tau=0.001: {"win": 78, "draw": 1, "loss": 221, "illegal": 47} score=0.262
own-play tau=1.0: {"win": 29, "draw": 0, "loss": 271, "illegal": 3} score=0.097
wrote results/comp_edges_n8_fa0.5_mid/seed1/decompose.json
