indexing training positions ...
  384667 distinct training positions
{
 "all": {
  "n": 40149,
  "expert_er": 0.5198635084310942,
  "mixture_argmax_er": 0.5198635084310942,
  "model_er_tau0.001": 0.49615225234102656,
  "gain_tau0.001": -0.023711256090067634,
  "acc_tau0.001": 0.9733545184135437,
  "model_er_tau1.0": 0.4707943987685213,
  "gain_tau1.0": -0.049069109662572885,
  "acc_tau1.0": 0.9431864619255066
 },
 "seen": {
  "n": 26899,
  "expert_er": 0.5163388973567791,
  "mixture_argmax_er": 0.5163388973567791,
  "model_er_tau0.001": 0.5101688695060483,
  "gain_tau0.001": -0.0061700278507307305,
  "acc_tau0.001": 0.9924846291542053,
  "model_er_tau1.0": 0.4946513806058187,
  "gain_tau1.0": -0.021687516750960367,
  "acc_tau1.0": 0.9730140566825867
 },
 "unseen": {
  "n": 13250,
  "expert_er": 0.5270188679245283,
  "mixture_argmax_er": 0.5270188679245283,
  "model_er_tau0.001": 0.46769693270918355,
  "gain_tau0.001": -0.05932193521534479,
  "acc_tau0.001": 0.9345182776451111,
  "model_er_tau1.0": 0.4223620248484109,
  "gain_tau1.0": -0.10465684307611745,
  "acc_tau1.0": 0.8826332092285156
 },
 "seen_frac_by_phase": [
  0.9994550865574046,
  0.24140655867246147,
  0.0
 ],
 "unseen_by_phase": [
  {
   "n": 13,
   "expert_er": 0.0,
   "mixture_argmax_er": 0.0,
   "model_er_tau0.001": 0.0,
   "gain_tau0.001": 0.0,
   "acc_tau0.001": 1.0,
   "model_er_tau1.0": 0.0,
   "gain_tau1.0": 0.0,
   "acc_tau1.0": 1.0
  },
  {
   "n": 9600,
   "expert_er": 0.5059375,
   "mixture_argmax_er": 0.5059375,
   "model_er_tau0.001": 0.45231317043797126,
   "gain_tau0.001": -0.05362432956202878,
   "acc_tau0.001": 0.9406343698501587,
   "model_er_tau1.0": 0.4088675529960528,
   "gain_tau1.0": -0.09706994700394722,
   "acc_tau1.0": 0.8923953175544739
  },
  {
   "n": 3637,
   "expert_er": 0.5845477041517735,
   "mixture_argmax_er": 0.5845477041517735,
   "model_er_tau0.001": 0.5099746830333124,
   "gain_tau0.001": -0.07457302111846109,
   "acc_tau0.001": 0.918140709400177,
   "model_er_tau1.0": 0.45949087722830273,
   "gain_tau1.0": -0.12505682692347075,
   "acc_tau1.0": 0.856445848941803
  }
 ]
}
own-play tau=0.001: {"win": 115, "draw": 0, "loss": 185, "illegal": 37} score=0.383
own-play tau=1.0: {"win": 61, "draw": 0, "loss": 239, "illegal": 4} score=0.203
wrote results/comp_q1.0_n8_fa0.5_mid/seed2/decompose.json
