indexing training positions ...
  109978 distinct training positions
{
 "all": {
  "n": 40149,
  "expert_er": 0.5198635084310942,
  "mixture_argmax_er": 0.5198635084310942,
  "model_er_tau0.001": 0.4802924962666284,
  "gain_tau0.001": -0.03957101216446579,
  "acc_tau0.001": 0.9545247554779053,
  "model_er_tau1.0": 0.47765542414202955,
  "gain_tau1.0": -0.04220808428906464,
  "acc_tau1.0": 0.9510833621025085
 },
 "seen": {
  "n": 25371,
  "expert_er": 0.5187418706397068,
  "mixture_argmax_er": 0.5187418706397068,
  "model_er_tau0.001": 0.5132935734420426,
  "gain_tau0.001": -0.005448297197664154,
  "acc_tau0.001": 0.9933081865310669,
  "model_er_tau1.0": 0.5097967848984397,
  "gain_tau1.0": -0.008945085741267067,
  "acc_tau1.0": 0.9886817932128906
 },
 "unseen": {
  "n": 14778,
  "expert_er": 0.5217891460278793,
  "mixture_argmax_er": 0.5217891460278793,
  "model_er_tau0.001": 0.42363595755926353,
  "gain_tau0.001": -0.09815318846861576,
  "acc_tau0.001": 0.8879410028457642,
  "model_er_tau1.0": 0.42247485412234614,
  "gain_tau1.0": -0.09931429190553315,
  "acc_tau1.0": 0.8865342736244202
 },
 "seen_frac_by_phase": [
  0.991616716267762,
  0.13544053733702094,
  0.0
 ],
 "unseen_by_phase": [
  {
   "n": 200,
   "expert_er": 0.13,
   "mixture_argmax_er": 0.13,
   "model_er_tau0.001": 0.115,
   "gain_tau0.001": -0.015,
   "acc_tau0.001": 0.9800000190734863,
   "model_er_tau1.0": 0.11412272507146554,
   "gain_tau1.0": -0.01587727492853447,
   "acc_tau1.0": 0.9798851609230042
  },
  {
   "n": 10941,
   "expert_er": 0.5080888401425829,
   "mixture_argmax_er": 0.5080888401425829,
   "model_er_tau0.001": 0.4171000987932255,
   "gain_tau0.001": -0.09098874134935742,
   "acc_tau0.001": 0.8992772102355957,
   "model_er_tau1.0": 0.4155795669177254,
   "gain_tau1.0": -0.09250927322485752,
   "acc_tau1.0": 0.8973264098167419
  },
  {
   "n": 3637,
   "expert_er": 0.5845477041517735,
   "mixture_argmax_er": 0.5845477041517735,
   "model_er_tau0.001": 0.46026945282213816,
   "gain_tau0.001": -0.12427825132963533,
   "acc_tau0.001": 0.8487765789031982,
   "model_er_tau1.0": 0.4601739916301636,
   "gain_tau1.0": -0.12437371252160989,
   "acc_tau1.0": 0.8489348888397217
  }
 ]
}
own-play tau=0.001: {"win": 77, "draw": 0, "loss": 223, "illegal": 26} score=0.257
own-play tau=1.0: {"win": 61, "draw": 0, "loss": 239, "illegal": 29} score=0.203
wrote results/comp_q1.0_n8_fa0.5_20k/seed1/decompose.json
