indexing training positions ...
  384667 distinct training positions
{
 "all": {
  "n": 40149,
  "expert_er": 0.5198635084310942,
  "mixture_argmax_er": 0.5198635084310942,
  "model_er_tau0.001": 0.4995904301441633,
  "gain_tau0.001": -0.020273078286930868,
  "acc_tau0.001": 0.9774110913276672,
  "model_er_tau1.0": 0.4798428941353509,
  "gain_tau1.0": -0.04002061429574327,
  "acc_tau1.0": 0.9548189043998718
 },
 "seen": {
  "n": 26899,
  "expert_er": 0.5163388973567791,
  "mixture_argmax_er": 0.5163388973567791,
  "model_er_tau0.001": 0.5116769754810127,
  "gain_tau0.001": -0.004661921875766417,
  "acc_tau0.001": 0.9942984580993652,
  "model_er_tau1.0": 0.502437297680714,
  "gain_tau1.0": -0.01390159967606508,
  "acc_tau1.0": 0.9828249216079712
 },
 "unseen": {
  "n": 13250,
  "expert_er": 0.5270188679245283,
  "mixture_argmax_er": 0.5270188679245283,
  "model_er_tau0.001": 0.475053374822208,
  "gain_tau0.001": -0.05196549310232035,
  "acc_tau0.001": 0.9431276321411133,
  "model_er_tau1.0": 0.43397369708125877,
  "gain_tau1.0": -0.09304517084326958,
  "acc_tau1.0": 0.897963285446167
 },
 "seen_frac_by_phase": [
  0.9994550865574046,
  0.24140655867246147,
  0.0
 ],
 "unseen_by_phase": [
  {
   "n": 13,
   "expert_er": 0.0,
   "mixture_argmax_er": 0.0,
   "model_er_tau0.001": 0.0,
   "gain_tau0.001": 0.0,
   "acc_tau0.001": 1.0,
   "model_er_tau1.0": 0.0,
   "gain_tau1.0": 0.0,
   "acc_tau1.0": 1.0
  },
  {
   "n": 9600,
   "expert_er": 0.5059375,
   "mixture_argmax_er": 0.5059375,
   "model_er_tau0.001": 0.4590752377065768,
   "gain_tau0.001": -0.04686226229342322,
   "acc_tau0.001": 0.948508083820343,
   "model_er_tau1.0": 0.41977084869169934,
   "gain_tau1.0": -0.0861666513083007,
   "acc_tau1.0": 0.9051501750946045
  },
  {
   "n": 3637,
   "expert_er": 0.5845477041517735,
   "mixture_argmax_er": 0.5845477041517735,
   "model_er_tau0.001": 0.5189262948614566,
   "gain_tau0.001": -0.0656214092903169,
   "acc_tau0.001": 0.9287225604057312,
   "model_er_tau1.0": 0.4730138407716153,
   "gain_tau1.0": -0.1115338633801582,
   "acc_tau1.0": 0.8786286115646362
  }
 ]
}
own-play tau=0.001: {"win": 121, "draw": 0, "loss": 179, "illegal": 40} score=0.403
own-play tau=1.0: {"win": 61, "draw": 0, "loss": 239, "illegal": 3} score=0.203
wrote results/comp_q1.0_n8_fa0.5/seed0/decompose.json
