indexing training positions ...
  1034363 distinct training positions
{
 "all": {
  "n": 63416,
  "expert_er": 0.442055332288081,
  "mixture_argmax_er": 0.36874763466633026,
  "model_er_tau0.001": 0.45677532649180763,
  "gain_tau0.001": 0.014719994203726605,
  "acc_tau0.001": 0.8071808218955994,
  "model_er_tau1.0": 0.364499721502172,
  "gain_tau1.0": -0.077555610785909,
  "acc_tau1.0": 0.6864105463027954
 },
 "seen": {
  "n": 27506,
  "expert_er": 0.33750558319743224,
  "mixture_argmax_er": 0.1707445648222206,
  "model_er_tau0.001": 0.44524324624049033,
  "gain_tau0.001": 0.1077376630430581,
  "acc_tau0.001": 0.6737021803855896,
  "model_er_tau1.0": 0.31524327710158606,
  "gain_tau1.0": -0.022262306095846174,
  "acc_tau1.0": 0.5039568543434143
 },
 "unseen": {
  "n": 35910,
  "expert_er": 0.5221373539669281,
  "mixture_argmax_er": 0.520412141464773,
  "model_er_tau0.001": 0.4656085595576037,
  "gain_tau0.001": -0.056528794409324346,
  "acc_tau0.001": 0.9094216227531433,
  "model_er_tau1.0": 0.40222870394947136,
  "gain_tau1.0": -0.11990865001745671,
  "acc_tau1.0": 0.8261646628379822
 },
 "seen_frac_by_phase": [
  0.9742776014698513,
  0.15515165199066758,
  0.003955328059562588
 ],
 "unseen_by_phase": [
  {
   "n": 616,
   "expert_er": 0.2986239950525664,
   "mixture_argmax_er": 0.19805194805194806,
   "model_er_tau0.001": 0.438154874089238,
   "gain_tau0.001": 0.13953087903667155,
   "acc_tau0.001": 0.7282619476318359,
   "model_er_tau1.0": 0.3027861085901787,
   "gain_tau1.0": 0.004162113537612255,
   "acc_tau1.0": 0.5741744637489319
  },
  {
   "n": 22451,
   "expert_er": 0.5240969221860942,
   "mixture_argmax_er": 0.5240969221860942,
   "model_er_tau0.001": 0.4666280720452567,
   "gain_tau0.001": -0.05746885014083747,
   "acc_tau0.001": 0.919269323348999,
   "model_er_tau1.0": 0.40190329047325984,
   "gain_tau1.0": -0.12219363171283432,
   "acc_tau1.0": 0.8405014276504517
  },
  {
   "n": 12843,
   "expert_er": 0.5294323756131745,
   "mixture_argmax_er": 0.5294323756131745,
   "model_er_tau0.001": 0.4651431227740029,
   "gain_tau0.001": -0.06428925283917158,
   "acc_tau0.001": 0.9008956551551819,
   "model_er_tau1.0": 0.4075672149434564,
   "gain_tau1.0": -0.12186516066971809,
   "acc_tau1.0": 0.8131887316703796
  }
 ]
}
own-play tau=0.001: {"win": 14, "draw": 0, "loss": 286, "illegal": 19} score=0.047
own-play tau=1.0: {"win": 2, "draw": 0, "loss": 298, "illegal": 6} score=0.007
wrote results/comp_q0.0_n8_fa0.0/seed0/decompose.json
