indexing training positions ...
  549236 distinct training positions
{
 "all": {
  "n": 44383,
  "expert_er": 0.3796558742461453,
  "mixture_argmax_er": 0.31482774936349506,
  "model_er_tau0.001": 0.4610326992969818,
  "gain_tau0.001": 0.08137682505083654,
  "acc_tau0.001": 0.8299056887626648,
  "model_er_tau1.0": 0.38481571786227714,
  "gain_tau1.0": 0.005159843616131865,
  "acc_tau1.0": 0.7392372488975525
 },
 "seen": {
  "n": 25913,
  "expert_er": 0.2797984280734252,
  "mixture_argmax_er": 0.16966387527495852,
  "model_er_tau0.001": 0.4688993482442709,
  "gain_tau0.001": 0.18910092017084568,
  "acc_tau0.001": 0.7871400713920593,
  "model_er_tau1.0": 0.38085193475697054,
  "gain_tau1.0": 0.10105350668354535,
  "acc_tau1.0": 0.688310980796814
 },
 "unseen": {
  "n": 18470,
  "expert_er": 0.5197536545749865,
  "mixture_argmax_er": 0.518489442338928,
  "model_er_tau0.001": 0.44999596544906073,
  "gain_tau0.001": -0.06975768912592573,
  "acc_tau0.001": 0.8899049758911133,
  "model_er_tau1.0": 0.390376817570334,
  "gain_tau1.0": -0.12937683700465247,
  "acc_tau1.0": 0.8106856942176819
 },
 "seen_frac_by_phase": [
  0.9879654005265137,
  0.16641857695742782,
  0.004846066134549601
 ],
 "unseen_by_phase": [
  {
   "n": 288,
   "expert_er": 0.23732638888888888,
   "mixture_argmax_er": 0.15625,
   "model_er_tau0.001": 0.2677806438171345,
   "gain_tau0.001": 0.030454254928245633,
   "acc_tau0.001": 0.5331997275352478,
   "model_er_tau1.0": 0.23945966845926453,
   "gain_tau1.0": 0.0021332795703756513,
   "acc_tau1.0": 0.5047797560691833
  },
  {
   "n": 11200,
   "expert_er": 0.5203125,
   "mixture_argmax_er": 0.5203125,
   "model_er_tau0.001": 0.4494403953226996,
   "gain_tau0.001": -0.07087210467730037,
   "acc_tau0.001": 0.9005929827690125,
   "model_er_tau1.0": 0.3862977577969494,
   "gain_tau1.0": -0.13401474220305054,
   "acc_tau1.0": 0.823688805103302
  },
  {
   "n": 6982,
   "expert_er": 0.530507018046405,
   "mixture_argmax_er": 0.530507018046405,
   "model_er_tau0.001": 0.45840335560163004,
   "gain_tau0.001": -0.07210366244477495,
   "acc_tau0.001": 0.8874737620353699,
   "model_er_tau1.0": 0.40314530917816765,
   "gain_tau1.0": -0.12736170886823733,
   "acc_tau1.0": 0.8024454116821289
  }
 ]
}
own-play tau=0.001: {"win": 109, "draw": 1, "loss": 190, "illegal": 27} score=0.365
own-play tau=1.0: {"win": 40, "draw": 0, "loss": 260, "illegal": 6} score=0.133
wrote results/comp_nocenter_n8_fa0.5/seed0/decompose.json
