indexing training positions ...
  552637 distinct training positions
{
 "all": {
  "n": 43282,
  "expert_er": 0.43085256490655965,
  "mixture_argmax_er": 0.5562358486206738,
  "model_er_tau0.001": 0.5063456509652381,
  "gain_tau0.001": 0.07549308605867844,
  "acc_tau0.001": 0.9313360452651978,
  "model_er_tau1.0": 0.40977124379527935,
  "gain_tau1.0": -0.021081321111280305,
  "acc_tau1.0": 0.808249831199646
 },
 "seen": {
  "n": 24714,
  "expert_er": 0.3670533763396108,
  "mixture_argmax_er": 0.5799344501092498,
  "model_er_tau0.001": 0.5505786970287845,
  "gain_tau0.001": 0.18352532068917365,
  "acc_tau0.001": 0.9580963253974915,
  "model_er_tau1.0": 0.42515768792048586,
  "gain_tau1.0": 0.058104311580875034,
  "acc_tau1.0": 0.7994406819343567
 },
 "unseen": {
  "n": 18568,
  "expert_er": 0.5157692574013663,
  "mixture_argmax_er": 0.5246930202498923,
  "model_er_tau0.001": 0.4474714857124115,
  "gain_tau0.001": -0.06829777168895473,
  "acc_tau0.001": 0.895717978477478,
  "model_er_tau1.0": 0.38929189329386005,
  "gain_tau1.0": -0.1264773641075062,
  "acc_tau1.0": 0.8199747204780579
 },
 "seen_frac_by_phase": [
  0.9764445002301159,
  0.1024713682941531,
  0.002619086593550499
 ],
 "unseen_by_phase": [
  {
   "n": 563,
   "expert_er": 0.4037363613296118,
   "mixture_argmax_er": 0.6980461811722913,
   "model_er_tau0.001": 0.5434170776321049,
   "gain_tau0.001": 0.13968071630249307,
   "acc_tau0.001": 0.7973912954330444,
   "model_er_tau1.0": 0.3265344199474709,
   "gain_tau1.0": -0.07720194138214093,
   "acc_tau1.0": 0.5440050363540649
  },
  {
   "n": 11912,
   "expert_er": 0.5135577568838147,
   "mixture_argmax_er": 0.5135577568838147,
   "model_er_tau0.001": 0.4396632844152932,
   "gain_tau0.001": -0.07389447246852149,
   "acc_tau0.001": 0.9029912948608398,
   "model_er_tau1.0": 0.3836241744763611,
   "gain_tau1.0": -0.12993358240745356,
   "acc_tau1.0": 0.8347392678260803
  },
  {
   "n": 6093,
   "expert_er": 0.5304447726899721,
   "mixture_argmax_er": 0.5304447726899721,
   "model_er_tau0.001": 0.45387127655444115,
   "gain_tau0.001": -0.076573496135531,
   "acc_tau0.001": 0.8905838131904602,
   "model_er_tau1.0": 0.40617131624611097,
   "gain_tau1.0": -0.12427345644386117,
   "acc_tau1.0": 0.8166096210479736
  }
 ]
}
own-play tau=0.001: {"win": 119, "draw": 1, "loss": 180, "illegal": 17} score=0.398
own-play tau=1.0: {"win": 29, "draw": 0, "loss": 271, "illegal": 2} score=0.097
wrote results/comp_q0.25_n8_fa0.5/seed1/decompose.json
