indexing training positions ...
  552637 distinct training positions
{
 "all": {
  "n": 43282,
  "expert_er": 0.43085256490655965,
  "mixture_argmax_er": 0.5562358486206738,
  "model_er_tau0.001": 0.5045952448097325,
  "gain_tau0.001": 0.07374267990317285,
  "acc_tau0.001": 0.929532527923584,
  "model_er_tau1.0": 0.40858219304050014,
  "gain_tau1.0": -0.022270371866059513,
  "acc_tau1.0": 0.8071451187133789
 },
 "seen": {
  "n": 24714,
  "expert_er": 0.3670533763396108,
  "mixture_argmax_er": 0.5799344501092498,
  "model_er_tau0.001": 0.5489353339862345,
  "gain_tau0.001": 0.18188195764662368,
  "acc_tau0.001": 0.9568396210670471,
  "model_er_tau1.0": 0.4246328718698438,
  "gain_tau1.0": 0.05757949553023295,
  "acc_tau1.0": 0.7990061640739441
 },
 "unseen": {
  "n": 18568,
  "expert_er": 0.5157692574013663,
  "mixture_argmax_er": 0.5246930202498923,
  "model_er_tau0.001": 0.44557860521968123,
  "gain_tau0.001": -0.07019065218168502,
  "acc_tau0.001": 0.8931867480278015,
  "model_er_tau1.0": 0.38721874643405896,
  "gain_tau1.0": -0.1285505109673073,
  "acc_tau1.0": 0.8179778456687927
 },
 "seen_frac_by_phase": [
  0.9764445002301159,
  0.1024713682941531,
  0.002619086593550499
 ],
 "unseen_by_phase": [
  {
   "n": 563,
   "expert_er": 0.4037363613296118,
   "mixture_argmax_er": 0.6980461811722913,
   "model_er_tau0.001": 0.5405518065008723,
   "gain_tau0.001": 0.13681544517126049,
   "acc_tau0.001": 0.7975484728813171,
   "model_er_tau1.0": 0.3266746430702468,
   "gain_tau1.0": -0.07706171825936503,
   "acc_tau1.0": 0.5439830422401428
  },
  {
   "n": 11912,
   "expert_er": 0.5135577568838147,
   "mixture_argmax_er": 0.5135577568838147,
   "model_er_tau0.001": 0.43744680404951747,
   "gain_tau0.001": -0.0761109528342972,
   "acc_tau0.001": 0.9004611968994141,
   "model_er_tau1.0": 0.380852619638062,
   "gain_tau1.0": -0.13270513724575267,
   "acc_tau1.0": 0.8319786190986633
  },
  {
   "n": 6093,
   "expert_er": 0.5304447726899721,
   "mixture_argmax_er": 0.5304447726899721,
   "model_er_tau0.001": 0.45270089361910343,
   "gain_tau0.001": -0.07774387907086872,
   "acc_tau0.001": 0.8878020644187927,
   "model_er_tau1.0": 0.4052590603332452,
   "gain_tau1.0": -0.12518571235672693,
   "acc_tau1.0": 0.8159233331680298
  }
 ]
}
own-play tau=0.001: {"win": 104, "draw": 1, "loss": 195, "illegal": 15} score=0.348
own-play tau=1.0: {"win": 31, "draw": 0, "loss": 269, "illegal": 11} score=0.103
wrote results/comp_q0.25_n8_fa0.5/seed2/decompose.json
