indexing training positions ...
  520473 distinct training positions
{
 "all": {
  "n": 47293,
  "expert_er": 0.5203307043325651,
  "mixture_argmax_er": 0.5203307043325651,
  "model_er_tau0.001": 0.5008639470952071,
  "gain_tau0.001": -0.019466757237358023,
  "acc_tau0.001": 0.9780718684196472,
  "model_er_tau1.0": 0.47708358752764857,
  "gain_tau1.0": -0.04324711680491655,
  "acc_tau1.0": 0.9503204822540283
 },
 "seen": {
  "n": 31237,
  "expert_er": 0.5230976086051797,
  "mixture_argmax_er": 0.5230976086051797,
  "model_er_tau0.001": 0.5174992142397333,
  "gain_tau0.001": -0.005598394365446402,
  "acc_tau0.001": 0.992985725402832,
  "model_er_tau1.0": 0.5037524089863474,
  "gain_tau1.0": -0.0193451996188323,
  "acc_tau1.0": 0.9760453104972839
 },
 "unseen": {
  "n": 16056,
  "expert_er": 0.5149476831091181,
  "mixture_argmax_er": 0.5149476831091181,
  "model_er_tau0.001": 0.4684999809894792,
  "gain_tau0.001": -0.04644770211963889,
  "acc_tau0.001": 0.9490569233894348,
  "model_er_tau1.0": 0.42519930900838004,
  "gain_tau1.0": -0.08974837410073805,
  "acc_tau1.0": 0.9002731442451477
 },
 "seen_frac_by_phase": [
  0.9995387067013336,
  0.37261515227787567,
  0.0
 ],
 "unseen_by_phase": [
  {
   "n": 11,
   "expert_er": 0.0,
   "mixture_argmax_er": 0.0,
   "model_er_tau0.001": 0.0,
   "gain_tau0.001": 0.0,
   "acc_tau0.001": 1.0,
   "model_er_tau1.0": 0.0,
   "gain_tau1.0": 0.0,
   "acc_tau1.0": 1.0
  },
  {
   "n": 12463,
   "expert_er": 0.4957072935890235,
   "mixture_argmax_er": 0.4957072935890235,
   "model_er_tau0.001": 0.45587183482109067,
   "gain_tau0.001": -0.03983545876793282,
   "acc_tau0.001": 0.9555763006210327,
   "model_er_tau1.0": 0.4140774046760926,
   "gain_tau1.0": -0.08162988891293088,
   "acc_tau1.0": 0.9091191291809082
  },
  {
   "n": 3582,
   "expert_er": 0.5834729201563372,
   "mixture_argmax_er": 0.5834729201563372,
   "model_er_tau0.001": 0.5138763309301578,
   "gain_tau0.001": -0.0695965892261794,
   "acc_tau0.001": 0.9262170791625977,
   "model_er_tau1.0": 0.4652019572753791,
   "gain_tau1.0": -0.11827096288095812,
   "acc_tau1.0": 0.8691883087158203
  }
 ]
}
own-play tau=0.001: {"win": 130, "draw": 0, "loss": 170, "illegal": 18} score=0.433
own-play tau=1.0: {"win": 70, "draw": 0, "loss": 230, "illegal": 4} score=0.233
wrote results/comp_q1.0_n14_fa0.5/seed1/decompose.json
