indexing training positions ...
  552097 distinct training positions
{
 "all": {
  "n": 44194,
  "expert_er": 0.3960136799436252,
  "mixture_argmax_er": 0.3193419921256279,
  "model_er_tau0.001": 0.45120072669803635,
  "gain_tau0.001": 0.05518704675441116,
  "acc_tau0.001": 0.8351755738258362,
  "model_er_tau1.0": 0.39189431083414145,
  "gain_tau1.0": -0.004119369109483739,
  "acc_tau1.0": 0.7582274079322815
 },
 "seen": {
  "n": 24831,
  "expert_er": 0.302438771811733,
  "mixture_argmax_er": 0.16878095928476503,
  "model_er_tau0.001": 0.4603859795648986,
  "gain_tau0.001": 0.15794720775316556,
  "acc_tau0.001": 0.8024307489395142,
  "model_er_tau1.0": 0.40009173839899226,
  "gain_tau1.0": 0.09765296658725925,
  "acc_tau1.0": 0.7276968359947205
 },
 "unseen": {
  "n": 19363,
  "expert_er": 0.5160136047395254,
  "mixture_argmax_er": 0.5124205959820276,
  "model_er_tau0.001": 0.43942161117166867,
  "gain_tau0.001": -0.07659199356785673,
  "acc_tau0.001": 0.8771674633026123,
  "model_er_tau1.0": 0.38138197680207975,
  "gain_tau1.0": -0.13463162793744565,
  "acc_tau1.0": 0.7973796725273132
 },
 "seen_frac_by_phase": [
  0.976215401365102,
  0.11027325668209646,
  0.005925711808064749
 ],
 "unseen_by_phase": [
  {
   "n": 568,
   "expert_er": 0.3135060362173038,
   "mixture_argmax_er": 0.19102112676056338,
   "model_er_tau0.001": 0.3541419880977819,
   "gain_tau0.001": 0.04063595188047814,
   "acc_tau0.001": 0.6007142663002014,
   "model_er_tau1.0": 0.3161966311417415,
   "gain_tau1.0": 0.002690594924437739,
   "acc_tau1.0": 0.5494901537895203
  },
  {
   "n": 11917,
   "expert_er": 0.5191742888310816,
   "mixture_argmax_er": 0.5191742888310816,
   "model_er_tau0.001": 0.43880099659239996,
   "gain_tau0.001": -0.08037329223868167,
   "acc_tau0.001": 0.8916983604431152,
   "model_er_tau1.0": 0.37712639003768256,
   "gain_tau1.0": -0.14204789879339907,
   "acc_tau1.0": 0.8136492371559143
  },
  {
   "n": 6878,
   "expert_er": 0.5272608316371038,
   "mixture_argmax_er": 0.5272608316371038,
   "model_er_tau0.001": 0.44753947826197316,
   "gain_tau0.001": -0.07972135337513064,
   "acc_tau0.001": 0.8748210072517395,
   "model_er_tau1.0": 0.3941384617986475,
   "gain_tau1.0": -0.13312236983845632,
   "acc_tau1.0": 0.7896616458892822
  }
 ]
}
own-play tau=0.001: {"win": 109, "draw": 3, "loss": 188, "illegal": 29} score=0.368
own-play tau=1.0: {"win": 34, "draw": 0, "loss": 266, "illegal": 6} score=0.113
wrote results/comp_q0.0_n8_fa0.5/seed1/decompose.json
