indexing training positions ...
  552097 distinct training positions
{
 "all": {
  "n": 44194,
  "expert_er": 0.3960136799436252,
  "mixture_argmax_er": 0.3193419921256279,
  "model_er_tau0.001": 0.45823080997499027,
  "gain_tau0.001": 0.06221713003136509,
  "acc_tau0.001": 0.8450583219528198,
  "model_er_tau1.0": 0.39040084027898353,
  "gain_tau1.0": -0.005612839664641656,
  "acc_tau1.0": 0.7561520934104919
 },
 "seen": {
  "n": 24831,
  "expert_er": 0.302438771811733,
  "mixture_argmax_er": 0.16878095928476503,
  "model_er_tau0.001": 0.4733337754762693,
  "gain_tau0.001": 0.1708950036645363,
  "acc_tau0.001": 0.8210506439208984,
  "model_er_tau1.0": 0.39871607277732807,
  "gain_tau1.0": 0.09627730096559506,
  "acc_tau1.0": 0.7260924577713013
 },
 "unseen": {
  "n": 19363,
  "expert_er": 0.5160136047395254,
  "mixture_argmax_er": 0.5124205959820276,
  "model_er_tau0.001": 0.43886285375114786,
  "gain_tau0.001": -0.07715075098837754,
  "acc_tau0.001": 0.8758457899093628,
  "model_er_tau1.0": 0.37973743387675285,
  "gain_tau1.0": -0.13627617086277255,
  "acc_tau1.0": 0.794700562953949
 },
 "seen_frac_by_phase": [
  0.976215401365102,
  0.11027325668209646,
  0.005925711808064749
 ],
 "unseen_by_phase": [
  {
   "n": 568,
   "expert_er": 0.3135060362173038,
   "mixture_argmax_er": 0.19102112676056338,
   "model_er_tau0.001": 0.3859330490110112,
   "gain_tau0.001": 0.07242701279370745,
   "acc_tau0.001": 0.6347231268882751,
   "model_er_tau1.0": 0.31590845902830783,
   "gain_tau1.0": 0.002402422811004057,
   "acc_tau1.0": 0.5492963194847107
  },
  {
   "n": 11917,
   "expert_er": 0.5191742888310816,
   "mixture_argmax_er": 0.5191742888310816,
   "model_er_tau0.001": 0.4356546708009245,
   "gain_tau0.001": -0.08351961803015712,
   "acc_tau0.001": 0.8865777850151062,
   "model_er_tau1.0": 0.37528888124893767,
   "gain_tau1.0": -0.14388540758214396,
   "acc_tau1.0": 0.8107844591140747
  },
  {
   "n": 6878,
   "expert_er": 0.5272608316371038,
   "mixture_argmax_er": 0.5272608316371038,
   "model_er_tau0.001": 0.4487924910454499,
   "gain_tau0.001": -0.07846834059165392,
   "acc_tau0.001": 0.8771637082099915,
   "model_er_tau1.0": 0.39271624448733594,
   "gain_tau1.0": -0.13454458714976786,
   "acc_tau1.0": 0.7870991230010986
  }
 ]
}
own-play tau=0.001: {"win": 117, "draw": 2, "loss": 181, "illegal": 33} score=0.393
own-play tau=1.0: {"win": 27, "draw": 0, "loss": 273, "illegal": 8} score=0.090
wrote results/comp_q0.0_n8_fa0.5/seed0/decompose.json
