indexing training positions ...
  384667 distinct training positions
{
 "all": {
  "n": 40149,
  "expert_er": 0.5198635084310942,
  "mixture_argmax_er": 0.5198635084310942,
  "model_er_tau0.001": 0.4980152564062663,
  "gain_tau0.001": -0.021848252024827874,
  "acc_tau0.001": 0.9756177663803101,
  "model_er_tau1.0": 0.47707691262730545,
  "gain_tau1.0": -0.04278659580378874,
  "acc_tau1.0": 0.9516215920448303
 },
 "seen": {
  "n": 26899,
  "expert_er": 0.5163388973567791,
  "mixture_argmax_er": 0.5163388973567791,
  "model_er_tau0.001": 0.5116658571363947,
  "gain_tau0.001": -0.004673040220384395,
  "acc_tau0.001": 0.9941552877426147,
  "model_er_tau1.0": 0.5003561597874967,
  "gain_tau1.0": -0.015982737569282368,
  "acc_tau1.0": 0.9802265763282776
 },
 "unseen": {
  "n": 13250,
  "expert_er": 0.5270188679245283,
  "mixture_argmax_er": 0.5270188679245283,
  "model_er_tau0.001": 0.4703029915730797,
  "gain_tau0.001": -0.056715876351448646,
  "acc_tau0.001": 0.9379846453666687,
  "model_er_tau1.0": 0.4298174055056462,
  "gain_tau1.0": -0.09720146241888217,
  "acc_tau1.0": 0.8935503959655762
 },
 "seen_frac_by_phase": [
  0.9994550865574046,
  0.24140655867246147,
  0.0
 ],
 "unseen_by_phase": [
  {
   "n": 13,
   "expert_er": 0.0,
   "mixture_argmax_er": 0.0,
   "model_er_tau0.001": 0.0,
   "gain_tau0.001": 0.0,
   "acc_tau0.001": 1.0,
   "model_er_tau1.0": 0.0,
   "gain_tau1.0": 0.0,
   "acc_tau1.0": 1.0
  },
  {
   "n": 9600,
   "expert_er": 0.5059375,
   "mixture_argmax_er": 0.5059375,
   "model_er_tau0.001": 0.4560922111576504,
   "gain_tau0.001": -0.04984528884234962,
   "acc_tau0.001": 0.9452789425849915,
   "model_er_tau1.0": 0.4159116028279095,
   "gain_tau1.0": -0.09002589717209053,
   "acc_tau1.0": 0.9011520147323608
  },
  {
   "n": 3637,
   "expert_er": 0.5845477041517735,
   "mixture_argmax_er": 0.5845477041517735,
   "model_er_tau0.001": 0.5094939266510478,
   "gain_tau0.001": -0.07505377750072573,
   "acc_tau0.001": 0.918509304523468,
   "model_er_tau1.0": 0.4680586295853398,
   "gain_tau1.0": -0.1164890745664337,
   "acc_tau1.0": 0.8731051683425903
  }
 ]
}
own-play tau=0.001: {"win": 118, "draw": 0, "loss": 182, "illegal": 41} score=0.393
own-play tau=1.0: {"win": 58, "draw": 0, "loss": 242, "illegal": 5} score=0.193
wrote results/comp_q1.0_n8_fa0.5/seed1/decompose.json
