indexing training positions ...
  3371447 distinct training positions
{
 "all": {
  "n": 61419,
  "expert_er": 0.4611873768703495,
  "mixture_argmax_er": 0.516639802015663,
  "model_er_tau0.001": 0.5228702069322848,
  "gain_tau0.001": 0.06168283006193531,
  "acc_tau0.001": 0.9142976999282837,
  "model_er_tau1.0": 0.41651402323146536,
  "gain_tau1.0": -0.04467335363888414,
  "acc_tau1.0": 0.7894110679626465
 },
 "seen": {
  "n": 32571,
  "expert_er": 0.4481439010162414,
  "mixture_argmax_er": 0.5147216849344509,
  "model_er_tau0.001": 0.5379869919003452,
  "gain_tau0.001": 0.08984309088410375,
  "acc_tau0.001": 0.9301789999008179,
  "model_er_tau1.0": 0.4298493717215078,
  "gain_tau1.0": -0.01829452929473363,
  "acc_tau1.0": 0.7993085980415344
 },
 "unseen": {
  "n": 28848,
  "expert_er": 0.47591418815862446,
  "mixture_argmax_er": 0.5188054631170271,
  "model_er_tau0.001": 0.505802514087211,
  "gain_tau0.001": 0.029888325928586534,
  "acc_tau0.001": 0.8963667154312134,
  "model_er_tau1.0": 0.4014576714681136,
  "gain_tau1.0": -0.07445651669051084,
  "acc_tau1.0": 0.7782362699508667
 },
 "seen_frac_by_phase": [
  0.9957386363636364,
  0.3102297340482193,
  0.0
 ],
 "unseen_by_phase": [
  {
   "n": 102,
   "expert_er": 0.567279411764706,
   "mixture_argmax_er": 0.7156862745098039,
   "model_er_tau0.001": 0.6519607851054223,
   "gain_tau0.001": 0.08468137334071635,
   "acc_tau0.001": 0.8725489974021912,
   "model_er_tau1.0": 0.43398995828979153,
   "gain_tau1.0": -0.13328945347491444,
   "acc_tau1.0": 0.6200129985809326
  },
  {
   "n": 19426,
   "expert_er": 0.46866068670853495,
   "mixture_argmax_er": 0.5105528672912591,
   "model_er_tau0.001": 0.5060087366682519,
   "gain_tau0.001": 0.03734804995971691,
   "acc_tau0.001": 0.9050707221031189,
   "model_er_tau1.0": 0.39649610118540635,
   "gain_tau1.0": -0.0721645855231286,
   "acc_tau1.0": 0.7807748913764954
  },
  {
   "n": 9320,
   "expert_er": 0.4900329935622318,
   "mixture_argmax_er": 0.5338519313304722,
   "model_er_tau0.001": 0.5037730909645549,
   "gain_tau0.001": 0.013740097402323126,
   "acc_tau0.001": 0.8784853219985962,
   "model_er_tau1.0": 0.41144320484322733,
   "gain_tau1.0": -0.07858978871900446,
   "acc_tau1.0": 0.7746767401695251
  }
 ]
}
own-play tau=0.001: {"win": 160, "draw": 1, "loss": 39, "illegal": 6} score=0.802
own-play tau=1.0: {"win": 65, "draw": 0, "loss": 135, "illegal": 1} score=0.325
wrote results/iid_rho0.3_pi0.0_x4_steps6400/seed0/decompose.json
