indexing training positions ...
  1034363 distinct training positions
{
 "all": {
  "n": 63416,
  "expert_er": 0.442055332288081,
  "mixture_argmax_er": 0.36874763466633026,
  "model_er_tau0.001": 0.4095812122403536,
  "gain_tau0.001": -0.03247412004772743,
  "acc_tau0.001": 0.7521790862083435,
  "model_er_tau1.0": 0.3659323337329323,
  "gain_tau1.0": -0.0761229985551487,
  "acc_tau1.0": 0.6880897283554077
 },
 "seen": {
  "n": 27506,
  "expert_er": 0.33750558319743224,
  "mixture_argmax_er": 0.1707445648222206,
  "model_er_tau0.001": 0.33616290812828603,
  "gain_tau0.001": -0.0013426750691462042,
  "acc_tau0.001": 0.5463902950286865,
  "model_er_tau1.0": 0.31479224595052147,
  "gain_tau1.0": -0.02271333724691077,
  "acc_tau1.0": 0.5035797357559204
 },
 "unseen": {
  "n": 35910,
  "expert_er": 0.5221373539669281,
  "mixture_argmax_er": 0.520412141464773,
  "model_er_tau0.001": 0.46581746601107293,
  "gain_tau0.001": -0.05631988795585513,
  "acc_tau0.001": 0.9098072052001953,
  "model_er_tau1.0": 0.405104131408872,
  "gain_tau1.0": -0.11703322255805604,
  "acc_tau1.0": 0.8294188976287842
 },
 "seen_frac_by_phase": [
  0.9742776014698513,
  0.15515165199066758,
  0.003955328059562588
 ],
 "unseen_by_phase": [
  {
   "n": 616,
   "expert_er": 0.2986239950525664,
   "mixture_argmax_er": 0.19805194805194806,
   "model_er_tau0.001": 0.4404641192888963,
   "gain_tau0.001": 0.14184012423632986,
   "acc_tau0.001": 0.7409875392913818,
   "model_er_tau1.0": 0.30219819211679233,
   "gain_tau1.0": 0.0035741970642259036,
   "acc_tau1.0": 0.5736910104751587
  },
  {
   "n": 22451,
   "expert_er": 0.5240969221860942,
   "mixture_argmax_er": 0.5240969221860942,
   "model_er_tau0.001": 0.46753510494508926,
   "gain_tau0.001": -0.0565618172410049,
   "acc_tau0.001": 0.920628011226654,
   "model_er_tau1.0": 0.40617928946844917,
   "gain_tau1.0": -0.117917632717645,
   "acc_tau1.0": 0.8454636335372925
  },
  {
   "n": 12843,
   "expert_er": 0.5294323756131745,
   "mixture_argmax_er": 0.5294323756131745,
   "model_er_tau0.001": 0.4640308857629426,
   "gain_tau0.001": -0.06540148985023186,
   "acc_tau0.001": 0.8989883065223694,
   "model_er_tau1.0": 0.40816040214066013,
   "gain_tau1.0": -0.12127197347251434,
   "acc_tau1.0": 0.8136366009712219
  }
 ]
}
own-play tau=0.001: {"win": 0, "draw": 0, "loss": 300, "illegal": 38} score=0.000
own-play tau=1.0: {"win": 1, "draw": 0, "loss": 299, "illegal": 4} score=0.003
wrote results/comp_q0.0_n8_fa0.0/seed2/decompose.json
