indexing training positions ...
  384667 distinct training positions
{
 "all": {
  "n": 40149,
  "expert_er": 0.5198635084310942,
  "mixture_argmax_er": 0.5198635084310942,
  "model_er_tau0.001": 0.4942674302303558,
  "gain_tau0.001": -0.025596078200738392,
  "acc_tau0.001": 0.971354067325592,
  "model_er_tau1.0": 0.46969816210257115,
  "gain_tau1.0": -0.05016534632852304,
  "acc_tau1.0": 0.9413729906082153
 },
 "seen": {
  "n": 26899,
  "expert_er": 0.5163388973567791,
  "mixture_argmax_er": 0.5163388973567791,
  "model_er_tau0.001": 0.5097216399781944,
  "gain_tau0.001": -0.006617257378584651,
  "acc_tau0.001": 0.9918394684791565,
  "model_er_tau1.0": 0.4939325004214832,
  "gain_tau1.0": -0.02240639693529589,
  "acc_tau1.0": 0.9721693992614746
 },
 "unseen": {
  "n": 13250,
  "expert_er": 0.5270188679245283,
  "mixture_argmax_er": 0.5270188679245283,
  "model_er_tau0.001": 0.46289363490906404,
  "gain_tau0.001": -0.0641252330154643,
  "acc_tau0.001": 0.9297665357589722,
  "model_er_tau1.0": 0.4204997118051814,
  "gain_tau1.0": -0.10651915611934692,
  "acc_tau1.0": 0.8788527250289917
 },
 "seen_frac_by_phase": [
  0.9994550865574046,
  0.24140655867246147,
  0.0
 ],
 "unseen_by_phase": [
  {
   "n": 13,
   "expert_er": 0.0,
   "mixture_argmax_er": 0.0,
   "model_er_tau0.001": 0.0,
   "gain_tau0.001": 0.0,
   "acc_tau0.001": 1.0,
   "model_er_tau1.0": 0.0,
   "gain_tau1.0": 0.0,
   "acc_tau1.0": 1.0
  },
  {
   "n": 9600,
   "expert_er": 0.5059375,
   "mixture_argmax_er": 0.5059375,
   "model_er_tau0.001": 0.4470498975475624,
   "gain_tau0.001": -0.058887602452437626,
   "acc_tau0.001": 0.9347813129425049,
   "model_er_tau1.0": 0.40765974761442825,
   "gain_tau1.0": -0.09827775238557179,
   "acc_tau1.0": 0.8904023170471191
  },
  {
   "n": 3637,
   "expert_er": 0.5845477041517735,
   "mixture_argmax_er": 0.5845477041517735,
   "model_er_tau0.001": 0.5063683382151495,
   "gain_tau0.001": -0.078179365936624,
   "acc_tau0.001": 0.916278600692749,
   "model_er_tau1.0": 0.4558943096838445,
   "gain_tau1.0": -0.128653394467929,
   "acc_tau1.0": 0.8479342460632324
  }
 ]
}
own-play tau=0.001: {"win": 115, "draw": 0, "loss": 185, "illegal": 9} score=0.383
own-play tau=1.0: {"win": 44, "draw": 0, "loss": 256, "illegal": 5} score=0.147
wrote results/comp_q1.0_n8_fa0.5_mid/seed0/decompose.json
