indexing training positions ...
  549236 distinct training positions
{
 "all": {
  "n": 44383,
  "expert_er": 0.3796558742461453,
  "mixture_argmax_er": 0.31482774936349506,
  "model_er_tau0.001": 0.42602400472161384,
  "gain_tau0.001": 0.04636813047546856,
  "acc_tau0.001": 0.7948861718177795,
  "model_er_tau1.0": 0.38262334698530664,
  "gain_tau1.0": 0.0029674727391613698,
  "acc_tau1.0": 0.7369281649589539
 },
 "seen": {
  "n": 25913,
  "expert_er": 0.2797984280734252,
  "mixture_argmax_er": 0.16966387527495852,
  "model_er_tau0.001": 0.41057216394880686,
  "gain_tau0.001": 0.13077373587538166,
  "acc_tau0.001": 0.7288162708282471,
  "model_er_tau1.0": 0.37764169030237815,
  "gain_tau1.0": 0.09784326222895295,
  "acc_tau1.0": 0.6847062706947327
 },
 "unseen": {
  "n": 18470,
  "expert_er": 0.5197536545749865,
  "mixture_argmax_er": 0.518489442338928,
  "model_er_tau0.001": 0.44770259432344095,
  "gain_tau0.001": -0.0720510602515455,
  "acc_tau0.001": 0.8875808715820312,
  "model_er_tau1.0": 0.38961250072784737,
  "gain_tau1.0": -0.1301411538471391,
  "acc_tau1.0": 0.810194194316864
 },
 "seen_frac_by_phase": [
  0.9879654005265137,
  0.16641857695742782,
  0.004846066134549601
 ],
 "unseen_by_phase": [
  {
   "n": 288,
   "expert_er": 0.23732638888888888,
   "mixture_argmax_er": 0.15625,
   "model_er_tau0.001": 0.23895026224954194,
   "gain_tau0.001": 0.0016238733606530609,
   "acc_tau0.001": 0.4997035562992096,
   "model_er_tau1.0": 0.2383102643896867,
   "gain_tau1.0": 0.000983875500797815,
   "acc_tau1.0": 0.5036751627922058
  },
  {
   "n": 11200,
   "expert_er": 0.5203125,
   "mixture_argmax_er": 0.5203125,
   "model_er_tau0.001": 0.4457857466933976,
   "gain_tau0.001": -0.07452675330660236,
   "acc_tau0.001": 0.8967706561088562,
   "model_er_tau1.0": 0.38468990182562784,
   "gain_tau1.0": -0.1356225981743721,
   "acc_tau1.0": 0.8220528960227966
  },
  {
   "n": 6982,
   "expert_er": 0.530507018046405,
   "mixture_argmax_er": 0.530507018046405,
   "model_er_tau0.001": 0.45938826678029665,
   "gain_tau0.001": -0.07111875126610834,
   "acc_tau0.001": 0.888839066028595,
   "model_er_tau1.0": 0.4037500188845716,
   "gain_tau1.0": -0.12675699916183336,
   "acc_tau1.0": 0.8038151860237122
  }
 ]
}
own-play tau=0.001: {"win": 93, "draw": 1, "loss": 206, "illegal": 33} score=0.312
own-play tau=1.0: {"win": 26, "draw": 0, "loss": 274, "illegal": 12} score=0.087
wrote results/comp_nocenter_n8_fa0.5/seed1/decompose.json
