{
 "ckpt": "runs/comp_edges_n8_fa0.5_20k/seed0/final.pt",
 "data": "data/perfect_test.npz",
 "expert_cfg": {
  "mode": "iid",
  "rho": 0.0,
  "pi": 0.0,
  "k": 4,
  "alpha": 0.0,
  "blind_plies": 4,
  "rule_mod": 3,
  "q_open": 1.0,
  "n_open": 8,
  "frac_a": 0.5,
  "b_open": "random",
  "bias_seed": 12345
 },
 "n_games": 3000,
 "n_states": 55932,
 "bias_state_frac": 0.0,
 "realized": {
  "error_rate": 0.0,
  "random_error_rate": 0.0,
  "shared_error_rate": 0.0
 },
 "theory": {
  "acc_tau0": 1.0,
  "acc_expert": 1.0,
  "acc_gain_tau0": 0.0
 },
 "mass_on_nonmove_tokens_tau1": 0.0075757503509521484,
 "mass_on_illegal_cols_tau1": 0.006629658862948418,
 "expert": {
  "er": 0.5268182793391976,
  "acc": 1.0,
  "best_er": 0.5268182793391976,
  "best_acc": 1.0,
  "mixture_er": 0.5268182793391976,
  "mixture_acc": 1.0,
  "er_bias": null,
  "er_nonbias": 0.5268182793391976,
  "er_by_phase": [
   0.5028494803888702,
   0.5328683662016995,
   0.5859550561797753
  ],
  "acc_bias_by_phase": [
   null,
   null,
   null
  ],
  "n_bias_by_phase": [
   0,
   0,
   0
  ]
 },
 "taus": {
  "0.001": {
   "er": 0.46333968691075655,
   "acc": 0.9283427000045776,
   "er_bias": null,
   "er_nonbias": 0.46333968691075655,
   "acc_bias": null,
   "acc_nonbias": 0.9283427000045776,
   "er_by_phase": [
    0.500188247784635,
    0.43026065130832986,
    0.455741614370743
   ],
   "acc_bias_by_phase": [
    null,
    null,
    null
   ],
   "acc_nonbias_by_phase": [
    0.9961860775947571,
    0.884907066822052,
    0.8531485795974731
   ],
   "transcends_best_expert": false,
   "gain_vs_best_expert": -0.063478592428441
  },
  "0.1": {
   "er": 0.46341550435804524,
   "acc": 0.9284968972206116,
   "er_bias": null,
   "er_nonbias": 0.46341550435804524,
   "acc_bias": null,
   "acc_nonbias": 0.9284968972206116,
   "er_by_phase": [
    0.4999341287819287,
    0.43075538267693125,
    0.4554554288592925
   ],
   "acc_bias_by_phase": [
    null,
    null,
    null
   ],
   "acc_nonbias_by_phase": [
    0.9959077835083008,
    0.8855606317520142,
    0.8530022501945496
   ],
   "transcends_best_expert": false,
   "gain_vs_best_expert": -0.06340277498115232
  },
  "0.3": {
   "er": 0.4608284305969292,
   "acc": 0.9257199168205261,
   "er_bias": null,
   "er_nonbias": 0.4608284305969292,
   "acc_bias": null,
   "acc_nonbias": 0.9257199168205261,
   "er_by_phase": [
    0.4937249781184951,
    0.4310703751217712,
    0.4548397730041752
   ],
   "acc_bias_by_phase": [
    null,
    null,
    null
   ],
   "acc_nonbias_by_phase": [
    0.9894260764122009,
    0.8856668472290039,
    0.8525398969650269
   ],
   "transcends_best_expert": false,
   "gain_vs_best_expert": -0.06598984874226838
  },
  "1.0": {
   "er": 0.43176998750664,
   "acc": 0.8949757218360901,
   "er_bias": null,
   "er_nonbias": 0.43176998750664,
   "acc_bias": null,
   "acc_nonbias": 0.8949757218360901,
   "er_by_phase": [
    0.4303341772896924,
    0.42782267938349794,
    0.4504134731911039
   ],
   "acc_bias_by_phase": [
    null,
    null,
    null
   ],
   "acc_nonbias_by_phase": [
    0.9246039986610413,
    0.8809651136398315,
    0.8447635173797607
   ],
   "transcends_best_expert": false,
   "gain_vs_best_expert": -0.09504829183255759
  }
 }
}
