{
 "ckpt": "runs/comp_edges_n8_fa0.5_mid/seed1/final.pt",
 "data": "data/perfect_test.npz",
 "expert_cfg": {
  "mode": "iid",
  "rho": 0.0,
  "pi": 0.0,
  "k": 4,
  "alpha": 0.0,
  "blind_plies": 4,
  "rule_mod": 3,
  "q_open": 1.0,
  "n_open": 8,
  "frac_a": 0.5,
  "b_open": "random",
  "bias_seed": 12345
 },
 "n_games": 3000,
 "n_states": 55932,
 "bias_state_frac": 0.0,
 "realized": {
  "error_rate": 0.0,
  "random_error_rate": 0.0,
  "shared_error_rate": 0.0
 },
 "theory": {
  "acc_tau0": 1.0,
  "acc_expert": 1.0,
  "acc_gain_tau0": 0.0
 },
 "mass_on_nonmove_tokens_tau1": 0.004822075366973877,
 "mass_on_illegal_cols_tau1": 0.007953173480927944,
 "expert": {
  "er": 0.5268182793391976,
  "acc": 1.0,
  "best_er": 0.5268182793391976,
  "best_acc": 1.0,
  "mixture_er": 0.5268182793391976,
  "mixture_acc": 1.0,
  "er_bias": null,
  "er_nonbias": 0.5268182793391976,
  "er_by_phase": [
   0.5028494803888702,
   0.5328683662016995,
   0.5859550561797753
  ],
  "acc_bias_by_phase": [
   null,
   null,
   null
  ],
  "n_bias_by_phase": [
   0,
   0,
   0
  ]
 },
 "taus": {
  "0.001": {
   "er": 0.48263460684035736,
   "acc": 0.9502683877944946,
   "er_bias": null,
   "er_nonbias": 0.48263460684035736,
   "acc_bias": null,
   "acc_nonbias": 0.9502683877944946,
   "er_by_phase": [
    0.4987219245876431,
    0.4642237356022678,
    0.49322543056600743
   ],
   "acc_bias_by_phase": [
    null,
    null,
    null
   ],
   "acc_nonbias_by_phase": [
    0.9945107102394104,
    0.9230616688728333,
    0.8973115682601929
   ],
   "transcends_best_expert": false,
   "gain_vs_best_expert": -0.0441836724988402
  },
  "0.1": {
   "er": 0.48120037000458366,
   "acc": 0.9485651850700378,
   "er_bias": null,
   "er_nonbias": 0.48120037000458366,
   "acc_bias": null,
   "acc_nonbias": 0.9485651850700378,
   "er_by_phase": [
    0.4978329581559294,
    0.4623881832376655,
    0.4913698014396062
   ],
   "acc_bias_by_phase": [
    null,
    null,
    null
   ],
   "acc_nonbias_by_phase": [
    0.9933683276176453,
    0.9210396409034729,
    0.8948467373847961
   ],
   "transcends_best_expert": false,
   "gain_vs_best_expert": -0.045617909334613904
  },
  "0.3": {
   "er": 0.4717869324024672,
   "acc": 0.9378107190132141,
   "er_bias": null,
   "er_nonbias": 0.4717869324024672,
   "acc_bias": null,
   "acc_nonbias": 0.9378107190132141,
   "er_by_phase": [
    0.48961293442163417,
    0.4526843868080459,
    0.4789738137654195
   ],
   "acc_bias_by_phase": [
    null,
    null,
    null
   ],
   "acc_nonbias_by_phase": [
    0.9839154481887817,
    0.910434901714325,
    0.8792055249214172
   ],
   "transcends_best_expert": false,
   "gain_vs_best_expert": -0.05503134693673034
  },
  "1.0": {
   "er": 0.42892439764136425,
   "acc": 0.8907634019851685,
   "er_bias": null,
   "er_nonbias": 0.42892439764136425,
   "acc_bias": null,
   "acc_nonbias": 0.8907634019851685,
   "er_by_phase": [
    0.4207418013545929,
    0.43207246631543733,
    0.4453192656900632
   ],
   "acc_bias_by_phase": [
    null,
    null,
    null
   ],
   "acc_nonbias_by_phase": [
    0.9122252464294434,
    0.8868675231933594,
    0.8324813842773438
   ],
   "transcends_best_expert": false,
   "gain_vs_best_expert": -0.09789388169783331
  }
 }
}
