{
 "ckpt": "runs/comp_edges_n14_fa0.5/seed1/final.pt",
 "data": "data/perfect_test.npz",
 "expert_cfg": {
  "mode": "iid",
  "rho": 0.0,
  "pi": 0.0,
  "k": 4,
  "alpha": 0.0,
  "blind_plies": 4,
  "rule_mod": 3,
  "q_open": 1.0,
  "n_open": 8,
  "frac_a": 0.5,
  "b_open": "random",
  "bias_seed": 12345
 },
 "n_games": 3000,
 "n_states": 55932,
 "bias_state_frac": 0.0,
 "realized": {
  "error_rate": 0.0,
  "random_error_rate": 0.0,
  "shared_error_rate": 0.0
 },
 "theory": {
  "acc_tau0": 1.0,
  "acc_expert": 1.0,
  "acc_gain_tau0": 0.0
 },
 "mass_on_nonmove_tokens_tau1": 0.00808262825012207,
 "mass_on_illegal_cols_tau1": 0.004756138194352388,
 "expert": {
  "er": 0.5268182793391976,
  "acc": 1.0,
  "best_er": 0.5268182793391976,
  "best_acc": 1.0,
  "mixture_er": 0.5268182793391976,
  "mixture_acc": 1.0,
  "er_bias": null,
  "er_nonbias": 0.5268182793391976,
  "er_by_phase": [
   0.5028494803888702,
   0.5328683662016995,
   0.5859550561797753
  ],
  "acc_bias_by_phase": [
   null,
   null,
   null
  ],
  "n_bias_by_phase": [
   0,
   0,
   0
  ]
 },
 "taus": {
  "0.001": {
   "er": 0.493975525073291,
   "acc": 0.9635090231895447,
   "er_bias": null,
   "er_nonbias": 0.493975525073291,
   "acc_bias": null,
   "acc_nonbias": 0.9635090231895447,
   "er_by_phase": [
    0.5013159639980935,
    0.484275297860498,
    0.50336162535465
   ],
   "acc_bias_by_phase": [
    null,
    null,
    null
   ],
   "acc_nonbias_by_phase": [
    0.9976534247398376,
    0.9462049603462219,
    0.9096994996070862
   ],
   "transcends_best_expert": false,
   "gain_vs_best_expert": -0.03284275426590655
  },
  "0.1": {
   "er": 0.490371426478958,
   "acc": 0.9593630433082581,
   "er_bias": null,
   "er_nonbias": 0.490371426478958,
   "acc_bias": null,
   "acc_nonbias": 0.9593630433082581,
   "er_by_phase": [
    0.5005017307953175,
    0.4780438083643401,
    0.4996129762707959
   ],
   "acc_bias_by_phase": [
    null,
    null,
    null
   ],
   "acc_nonbias_by_phase": [
    0.9966566562652588,
    0.9389962553977966,
    0.9057311415672302
   ],
   "transcends_best_expert": false,
   "gain_vs_best_expert": -0.036446852860239576
  },
  "0.3": {
   "er": 0.480527714551209,
   "acc": 0.9480392932891846,
   "er_bias": null,
   "er_nonbias": 0.480527714551209,
   "acc_bias": null,
   "acc_nonbias": 0.9480392932891846,
   "er_by_phase": [
    0.4948423875765595,
    0.46479622525477915,
    0.48767151200772096
   ],
   "acc_bias_by_phase": [
    null,
    null,
    null
   ],
   "acc_nonbias_by_phase": [
    0.9901593923568726,
    0.9238588213920593,
    0.8915925025939941
   ],
   "transcends_best_expert": false,
   "gain_vs_best_expert": -0.04629056478798854
  },
  "1.0": {
   "er": 0.4398630408111858,
   "acc": 0.9039494395256042,
   "er_bias": null,
   "er_nonbias": 0.4398630408111858,
   "acc_bias": null,
   "acc_nonbias": 0.9039494395256042,
   "er_by_phase": [
    0.432648581416764,
    0.44133464219423885,
    0.4588872469465897
   ],
   "acc_bias_by_phase": [
    null,
    null,
    null
   ],
   "acc_nonbias_by_phase": [
    0.9262633323669434,
    0.8973710536956787,
    0.8522101640701294
   ],
   "transcends_best_expert": false,
   "gain_vs_best_expert": -0.08695523852801174
  }
 }
}
