{
 "ckpt": "runs/comp_q0.0_n8_fa0.0/seed1/final.pt",
 "data": "data/perfect_test.npz",
 "expert_cfg": {
  "mode": "iid",
  "rho": 0.0,
  "pi": 0.0,
  "k": 4,
  "alpha": 0.0,
  "blind_plies": 4,
  "rule_mod": 3,
  "q_open": 1.0,
  "n_open": 8,
  "frac_a": 0.5,
  "b_open": "random",
  "bias_seed": 12345
 },
 "n_games": 3000,
 "n_states": 55932,
 "bias_state_frac": 0.0,
 "realized": {
  "error_rate": 0.0,
  "random_error_rate": 0.0,
  "shared_error_rate": 0.0
 },
 "theory": {
  "acc_tau0": 1.0,
  "acc_expert": 1.0,
  "acc_gain_tau0": 0.0
 },
 "mass_on_nonmove_tokens_tau1": 0.01208716630935669,
 "mass_on_illegal_cols_tau1": 0.0008377744816243649,
 "expert": {
  "er": 0.5268182793391976,
  "acc": 1.0,
  "best_er": 0.5268182793391976,
  "best_acc": 1.0,
  "mixture_er": 0.5268182793391976,
  "mixture_acc": 1.0,
  "er_bias": null,
  "er_nonbias": 0.5268182793391976,
  "er_by_phase": [
   0.5028494803888702,
   0.5328683662016995,
   0.5859550561797753
  ],
  "acc_bias_by_phase": [
   null,
   null,
   null
  ],
  "n_bias_by_phase": [
   0,
   0,
   0
  ]
 },
 "taus": {
  "0.001": {
   "er": 0.39274439672110717,
   "acc": 0.8534091114997864,
   "er_bias": null,
   "er_nonbias": 0.39274439672110717,
   "acc_bias": null,
   "acc_nonbias": 0.8534091114997864,
   "er_by_phase": [
    0.2523085319244219,
    0.48886609860156055,
    0.5266372701753974
   ],
   "acc_bias_by_phase": [
    null,
    null,
    null
   ],
   "acc_nonbias_by_phase": [
    0.7267592549324036,
    0.9509893655776978,
    0.9359844923019409
   ],
   "transcends_best_expert": false,
   "gain_vs_best_expert": -0.1340738826180904
  },
  "0.1": {
   "er": 0.3968411502823232,
   "acc": 0.8484780192375183,
   "er_bias": null,
   "er_nonbias": 0.3968411502823232,
   "acc_bias": null,
   "acc_nonbias": 0.8484780192375183,
   "er_by_phase": [
    0.27102976999950945,
    0.48190389502919306,
    0.5204671928559408
   ],
   "acc_bias_by_phase": [
    null,
    null,
    null
   ],
   "acc_nonbias_by_phase": [
    0.7253250479698181,
    0.943118155002594,
    0.9296356439590454
   ],
   "transcends_best_expert": false,
   "gain_vs_best_expert": -0.12997712905687436
  },
  "0.3": {
   "er": 0.38671772578414865,
   "acc": 0.8366228938102722,
   "er_bias": null,
   "er_nonbias": 0.38671772578414865,
   "acc_bias": null,
   "acc_nonbias": 0.8366228938102722,
   "er_by_phase": [
    0.26902880560621706,
    0.46552897105540036,
    0.5050246701800711
   ],
   "acc_bias_by_phase": [
    null,
    null,
    null
   ],
   "acc_nonbias_by_phase": [
    0.7215996980667114,
    0.9247040152549744,
    0.9135141372680664
   ],
   "transcends_best_expert": false,
   "gain_vs_best_expert": -0.1401005535550489
  },
  "1.0": {
   "er": 0.37108040386667035,
   "acc": 0.8193399310112,
   "er_bias": null,
   "er_nonbias": 0.37108040386667035,
   "acc_bias": null,
   "acc_nonbias": 0.8193399310112,
   "er_by_phase": [
    0.2680647853041331,
    0.4397040787967125,
    0.47590361724050423
   ],
   "acc_bias_by_phase": [
    null,
    null,
    null
   ],
   "acc_nonbias_by_phase": [
    0.7201419472694397,
    0.8965807557106018,
    0.881173849105835
   ],
   "transcends_best_expert": false,
   "gain_vs_best_expert": -0.1557378754725272
  }
 }
}
