{
 "ckpt": "runs/comp_edges_n8_fa0.5_20k/seed2/final.pt",
 "data": "data/perfect_test.npz",
 "expert_cfg": {
  "mode": "iid",
  "rho": 0.0,
  "pi": 0.0,
  "k": 4,
  "alpha": 0.0,
  "blind_plies": 4,
  "rule_mod": 3,
  "q_open": 1.0,
  "n_open": 8,
  "frac_a": 0.5,
  "b_open": "random",
  "bias_seed": 12345
 },
 "n_games": 3000,
 "n_states": 55932,
 "bias_state_frac": 0.0,
 "realized": {
  "error_rate": 0.0,
  "random_error_rate": 0.0,
  "shared_error_rate": 0.0
 },
 "theory": {
  "acc_tau0": 1.0,
  "acc_expert": 1.0,
  "acc_gain_tau0": 0.0
 },
 "mass_on_nonmove_tokens_tau1": 0.012564778327941895,
 "mass_on_illegal_cols_tau1": 0.006772656459361315,
 "expert": {
  "er": 0.5268182793391976,
  "acc": 1.0,
  "best_er": 0.5268182793391976,
  "best_acc": 1.0,
  "mixture_er": 0.5268182793391976,
  "mixture_acc": 1.0,
  "er_bias": null,
  "er_nonbias": 0.5268182793391976,
  "er_by_phase": [
   0.5028494803888702,
   0.5328683662016995,
   0.5859550561797753
  ],
  "acc_bias_by_phase": [
   null,
   null,
   null
  ],
  "n_bias_by_phase": [
   0,
   0,
   0
  ]
 },
 "taus": {
  "0.001": {
   "er": 0.4671921463835425,
   "acc": 0.9309313893318176,
   "er_bias": null,
   "er_nonbias": 0.4671921463835425,
   "acc_bias": null,
   "acc_nonbias": 0.9309313893318176,
   "er_by_phase": [
    0.4992667767777873,
    0.43848671078818946,
    0.4602699873252016
   ],
   "acc_bias_by_phase": [
    null,
    null,
    null
   ],
   "acc_nonbias_by_phase": [
    0.9949297904968262,
    0.8905215263366699,
    0.8580227494239807
   ],
   "transcends_best_expert": false,
   "gain_vs_best_expert": -0.05962613295565505
  },
  "0.1": {
   "er": 0.4672402866474677,
   "acc": 0.9311989545822144,
   "er_bias": null,
   "er_nonbias": 0.4672402866474677,
   "acc_bias": null,
   "acc_nonbias": 0.9311989545822144,
   "er_by_phase": [
    0.49926789602425986,
    0.43854859430029725,
    0.460427571831378
   ],
   "acc_bias_by_phase": [
    null,
    null,
    null
   ],
   "acc_nonbias_by_phase": [
    0.9950122833251953,
    0.8909980654716492,
    0.8581781387329102
   ],
   "transcends_best_expert": false,
   "gain_vs_best_expert": -0.059577992691729864
  },
  "0.3": {
   "er": 0.46454787323053676,
   "acc": 0.9285690188407898,
   "er_bias": null,
   "er_nonbias": 0.46454787323053676,
   "acc_bias": null,
   "acc_nonbias": 0.9285690188407898,
   "er_by_phase": [
    0.4929756954534911,
    0.4382696502466155,
    0.4613438784937787
   ],
   "acc_bias_by_phase": [
    null,
    null,
    null
   ],
   "acc_nonbias_by_phase": [
    0.9885945320129395,
    0.8910811543464661,
    0.858737051486969
   ],
   "transcends_best_expert": false,
   "gain_vs_best_expert": -0.0622704061086608
  },
  "1.0": {
   "er": 0.4356730603976891,
   "acc": 0.8989093899726868,
   "er_bias": null,
   "er_nonbias": 0.4356730603976891,
   "acc_bias": null,
   "acc_nonbias": 0.8989093899726868,
   "er_by_phase": [
    0.4295491422009384,
    0.43501237417299893,
    0.45851350755791764
   ],
   "acc_bias_by_phase": [
    null,
    null,
    null
   ],
   "acc_nonbias_by_phase": [
    0.9238558411598206,
    0.8880192041397095,
    0.8534550666809082
   ],
   "transcends_best_expert": false,
   "gain_vs_best_expert": -0.09114521894150845
  }
 }
}
