{
 "ckpt": "runs/comp_q1.0_n8_fa0.5_small/seed0/final.pt",
 "data": "data/perfect_test.npz",
 "expert_cfg": {
  "mode": "iid",
  "rho": 0.0,
  "pi": 0.0,
  "k": 4,
  "alpha": 0.0,
  "blind_plies": 4,
  "rule_mod": 3,
  "q_open": 1.0,
  "n_open": 8,
  "frac_a": 0.5,
  "b_open": "random",
  "bias_seed": 12345
 },
 "n_games": 3000,
 "n_states": 55932,
 "bias_state_frac": 0.0,
 "realized": {
  "error_rate": 0.0,
  "random_error_rate": 0.0,
  "shared_error_rate": 0.0
 },
 "theory": {
  "acc_tau0": 1.0,
  "acc_expert": 1.0,
  "acc_gain_tau0": 0.0
 },
 "mass_on_nonmove_tokens_tau1": 0.020497679710388184,
 "mass_on_illegal_cols_tau1": 0.015395615249872208,
 "expert": {
  "er": 0.5268182793391976,
  "acc": 1.0,
  "best_er": 0.5268182793391976,
  "best_acc": 1.0,
  "mixture_er": 0.5268182793391976,
  "mixture_acc": 1.0,
  "er_bias": null,
  "er_nonbias": 0.5268182793391976,
  "er_by_phase": [
   0.5028494803888702,
   0.5328683662016995,
   0.5859550561797753
  ],
  "acc_bias_by_phase": [
   null,
   null,
   null
  ],
  "n_bias_by_phase": [
   0,
   0,
   0
  ]
 },
 "taus": {
  "0.001": {
   "er": 0.48257019236128573,
   "acc": 0.9509727358818054,
   "er_bias": null,
   "er_nonbias": 0.48257019236128573,
   "acc_bias": null,
   "acc_nonbias": 0.9509727358818054,
   "er_by_phase": [
    0.49828549434313407,
    0.46603982760050516,
    0.4878187279732412
   ],
   "acc_bias_by_phase": [
    null,
    null,
    null
   ],
   "acc_nonbias_by_phase": [
    0.9940923452377319,
    0.9260435700416565,
    0.8937997817993164
   ],
   "transcends_best_expert": false,
   "gain_vs_best_expert": -0.04424808697791183
  },
  "0.1": {
   "er": 0.47722807385563887,
   "acc": 0.9446151256561279,
   "er_bias": null,
   "er_nonbias": 0.47722807385563887,
   "acc_bias": null,
   "acc_nonbias": 0.9446151256561279,
   "er_by_phase": [
    0.4971520632249811,
    0.45772621374314354,
    0.47878233281301974
   ],
   "acc_bias_by_phase": [
    null,
    null,
    null
   ],
   "acc_nonbias_by_phase": [
    0.9924311637878418,
    0.9169247150421143,
    0.8813772797584534
   ],
   "transcends_best_expert": false,
   "gain_vs_best_expert": -0.04959020548355869
  },
  "0.3": {
   "er": 0.46523352008209967,
   "acc": 0.9290205836296082,
   "er_bias": null,
   "er_nonbias": 0.46523352008209967,
   "acc_bias": null,
   "acc_nonbias": 0.9290205836296082,
   "er_by_phase": [
    0.49357824955048457,
    0.4402937326790262,
    0.45761823807343927
   ],
   "acc_bias_by_phase": [
    null,
    null,
    null
   ],
   "acc_nonbias_by_phase": [
    0.987648606300354,
    0.8966561555862427,
    0.8459208011627197
   ],
   "transcends_best_expert": false,
   "gain_vs_best_expert": -0.06158475925709789
  },
  "1.0": {
   "er": 0.4458198489364923,
   "acc": 0.9032211899757385,
   "er_bias": null,
   "er_nonbias": 0.4458198489364923,
   "acc_bias": null,
   "acc_nonbias": 0.9032211899757385,
   "er_by_phase": [
    0.47906523122666217,
    0.4212626585843002,
    0.42043852617439625
   ],
   "acc_bias_by_phase": [
    null,
    null,
    null
   ],
   "acc_nonbias_by_phase": [
    0.9697880148887634,
    0.8737906813621521,
    0.7832333445549011
   ],
   "transcends_best_expert": false,
   "gain_vs_best_expert": -0.08099843040270527
  }
 }
}
