{
 "ckpt": "runs/comp_q0.0_n8_fa0.5/seed2/final.pt",
 "data": "data/perfect_test.npz",
 "expert_cfg": {
  "mode": "iid",
  "rho": 0.0,
  "pi": 0.0,
  "k": 4,
  "alpha": 0.0,
  "blind_plies": 4,
  "rule_mod": 3,
  "q_open": 1.0,
  "n_open": 8,
  "frac_a": 0.5,
  "bias_seed": 12345
 },
 "n_games": 3000,
 "n_states": 55932,
 "bias_state_frac": 0.0,
 "realized": {
  "error_rate": 0.0,
  "random_error_rate": 0.0,
  "shared_error_rate": 0.0
 },
 "theory": {
  "acc_tau0": 1.0,
  "acc_expert": 1.0,
  "acc_gain_tau0": 0.0
 },
 "mass_on_nonmove_tokens_tau1": 0.013803303241729736,
 "mass_on_illegal_cols_tau1": 0.001231527072377503,
 "expert": {
  "er": 0.5268182793391976,
  "acc": 1.0,
  "best_er": 0.5268182793391976,
  "best_acc": 1.0,
  "mixture_er": 0.5268182793391976,
  "mixture_acc": 1.0,
  "er_bias": null,
  "er_nonbias": 0.5268182793391976,
  "er_by_phase": [
   0.5028494803888702,
   0.5328683662016995,
   0.5859550561797753
  ],
  "acc_bias_by_phase": [
   null,
   null,
   null
  ],
  "n_bias_by_phase": [
   0,
   0,
   0
  ]
 },
 "taus": {
  "0.001": {
   "er": 0.4926519314381642,
   "acc": 0.9622383713722229,
   "er_bias": null,
   "er_nonbias": 0.4926519314381642,
   "acc_bias": null,
   "acc_nonbias": 0.9622383713722229,
   "er_by_phase": [
    0.500731649550035,
    0.4784152903614718,
    0.5154554888201354
   ],
   "acc_bias_by_phase": [
    null,
    null,
    null
   ],
   "acc_nonbias_by_phase": [
    0.9974417090415955,
    0.9392505288124084,
    0.9247965216636658
   ],
   "transcends_best_expert": false,
   "gain_vs_best_expert": -0.034166347901033345
  },
  "0.1": {
   "er": 0.48941372073781336,
   "acc": 0.9584589600563049,
   "er_bias": null,
   "er_nonbias": 0.48941372073781336,
   "acc_bias": null,
   "acc_nonbias": 0.9584589600563049,
   "er_by_phase": [
    0.49989775371363654,
    0.473130988522847,
    0.5113281365192648
   ],
   "acc_bias_by_phase": [
    null,
    null,
    null
   ],
   "acc_nonbias_by_phase": [
    0.9960768222808838,
    0.9333470463752747,
    0.9203662872314453
   ],
   "transcends_best_expert": false,
   "gain_vs_best_expert": -0.0374045586013842
  },
  "0.3": {
   "er": 0.4809333963010263,
   "acc": 0.9489148259162903,
   "er_bias": null,
   "er_nonbias": 0.4809333963010263,
   "acc_bias": null,
   "acc_nonbias": 0.9489148259162903,
   "er_by_phase": [
    0.49707045392188515,
    0.46068389257306064,
    0.4977999519107327
   ],
   "acc_bias_by_phase": [
    null,
    null,
    null
   ],
   "acc_nonbias_by_phase": [
    0.9921826720237732,
    0.9196533560752869,
    0.9064244031906128
   ],
   "transcends_best_expert": false,
   "gain_vs_best_expert": -0.04588488303817129
  },
  "1.0": {
   "er": 0.4412390392817505,
   "acc": 0.9024320244789124,
   "er_bias": null,
   "er_nonbias": 0.4412390392817505,
   "acc_bias": null,
   "acc_nonbias": 0.9024320244789124,
   "er_by_phase": [
    0.43706970532879,
    0.4370397008357646,
    0.4699275338047709
   ],
   "acc_bias_by_phase": [
    null,
    null,
    null
   ],
   "acc_nonbias_by_phase": [
    0.9195812940597534,
    0.8938353657722473,
    0.8750748634338379
   ],
   "transcends_best_expert": false,
   "gain_vs_best_expert": -0.08557924005744705
  }
 }
}
