{
 "ckpt": "runs/comp_q1.0_n8_fa0.5_20k/seed2/final.pt",
 "data": "data/perfect_test.npz",
 "expert_cfg": {
  "mode": "iid",
  "rho": 0.0,
  "pi": 0.0,
  "k": 4,
  "alpha": 0.0,
  "blind_plies": 4,
  "rule_mod": 3,
  "q_open": 1.0,
  "n_open": 8,
  "frac_a": 0.5,
  "b_open": "random",
  "bias_seed": 12345
 },
 "n_games": 3000,
 "n_states": 55932,
 "bias_state_frac": 0.0,
 "realized": {
  "error_rate": 0.0,
  "random_error_rate": 0.0,
  "shared_error_rate": 0.0
 },
 "theory": {
  "acc_tau0": 1.0,
  "acc_expert": 1.0,
  "acc_gain_tau0": 0.0
 },
 "mass_on_nonmove_tokens_tau1": 0.014415740966796875,
 "mass_on_illegal_cols_tau1": 0.005716863553971052,
 "expert": {
  "er": 0.5268182793391976,
  "acc": 1.0,
  "best_er": 0.5268182793391976,
  "best_acc": 1.0,
  "mixture_er": 0.5268182793391976,
  "mixture_acc": 1.0,
  "er_bias": null,
  "er_nonbias": 0.5268182793391976,
  "er_by_phase": [
   0.5028494803888702,
   0.5328683662016995,
   0.5859550561797753
  ],
  "acc_bias_by_phase": [
   null,
   null,
   null
  ],
  "n_bias_by_phase": [
   0,
   0,
   0
  ]
 },
 "taus": {
  "0.001": {
   "er": 0.4713901574210714,
   "acc": 0.9374375343322754,
   "er_bias": null,
   "er_nonbias": 0.4713901574210714,
   "acc_bias": null,
   "acc_nonbias": 0.9374375343322754,
   "er_by_phase": [
    0.5017599727372403,
    0.4452379113898067,
    0.4612357980506973
   ],
   "acc_bias_by_phase": [
    null,
    null,
    null
   ],
   "acc_nonbias_by_phase": [
    0.9984495639801025,
    0.9025477766990662,
    0.855196475982666
   ],
   "transcends_best_expert": false,
   "gain_vs_best_expert": -0.05542812191812618
  },
  "0.1": {
   "er": 0.47146400037545244,
   "acc": 0.9374871253967285,
   "er_bias": null,
   "er_nonbias": 0.47146400037545244,
   "acc_bias": null,
   "acc_nonbias": 0.9374871253967285,
   "er_by_phase": [
    0.5018292683797151,
    0.44543506517089315,
    0.4608928093402868
   ],
   "acc_bias_by_phase": [
    null,
    null,
    null
   ],
   "acc_nonbias_by_phase": [
    0.998490571975708,
    0.9027892351150513,
    0.8546022176742554
   ],
   "transcends_best_expert": false,
   "gain_vs_best_expert": -0.05535427896374512
  },
  "0.3": {
   "er": 0.47117128906342726,
   "acc": 0.937118411064148,
   "er_bias": null,
   "er_nonbias": 0.47117128906342726,
   "acc_bias": null,
   "acc_nonbias": 0.937118411064148,
   "er_by_phase": [
    0.5015513612448579,
    0.44517704760155796,
    0.46042891454840623
   ],
   "acc_bias_by_phase": [
    null,
    null,
    null
   ],
   "acc_nonbias_by_phase": [
    0.9981107115745544,
    0.9025245308876038,
    0.8539060950279236
   ],
   "transcends_best_expert": false,
   "gain_vs_best_expert": -0.0556469902757703
  },
  "1.0": {
   "er": 0.4686657930557069,
   "acc": 0.9337169528007507,
   "er_bias": null,
   "er_nonbias": 0.4686657930557069,
   "acc_bias": null,
   "acc_nonbias": 0.9337169528007507,
   "er_by_phase": [
    0.49860685912830804,
    0.44283682232799465,
    0.4588157313925632
   ],
   "acc_bias_by_phase": [
    null,
    null,
    null
   ],
   "acc_nonbias_by_phase": [
    0.9943511486053467,
    0.8997297883033752,
    0.8495792150497437
   ],
   "transcends_best_expert": false,
   "gain_vs_best_expert": -0.05815248628349068
  }
 }
}
