{
 "ckpt": "runs/comp_q0.0_n8_fa0.0/seed0/final.pt",
 "data": "data/perfect_test.npz",
 "expert_cfg": {
  "mode": "iid",
  "rho": 0.0,
  "pi": 0.0,
  "k": 4,
  "alpha": 0.0,
  "blind_plies": 4,
  "rule_mod": 3,
  "q_open": 1.0,
  "n_open": 8,
  "frac_a": 0.5,
  "b_open": "random",
  "bias_seed": 12345
 },
 "n_games": 3000,
 "n_states": 55932,
 "bias_state_frac": 0.0,
 "realized": {
  "error_rate": 0.0,
  "random_error_rate": 0.0,
  "shared_error_rate": 0.0
 },
 "theory": {
  "acc_tau0": 1.0,
  "acc_expert": 1.0,
  "acc_gain_tau0": 0.0
 },
 "mass_on_nonmove_tokens_tau1": 0.010326802730560303,
 "mass_on_illegal_cols_tau1": 0.0008894421043805778,
 "expert": {
  "er": 0.5268182793391976,
  "acc": 1.0,
  "best_er": 0.5268182793391976,
  "best_acc": 1.0,
  "mixture_er": 0.5268182793391976,
  "mixture_acc": 1.0,
  "er_bias": null,
  "er_nonbias": 0.5268182793391976,
  "er_by_phase": [
   0.5028494803888702,
   0.5328683662016995,
   0.5859550561797753
  ],
  "acc_bias_by_phase": [
   null,
   null,
   null
  ],
  "n_bias_by_phase": [
   0,
   0,
   0
  ]
 },
 "taus": {
  "0.001": {
   "er": 0.4243783166001512,
   "acc": 0.87901771068573,
   "er_bias": null,
   "er_nonbias": 0.4243783166001512,
   "acc_bias": null,
   "acc_nonbias": 0.87901771068573,
   "er_by_phase": [
    0.32456938586673095,
    0.49141999679823367,
    0.5239969241058502
   ],
   "acc_bias_by_phase": [
    null,
    null,
    null
   ],
   "acc_nonbias_by_phase": [
    0.7850837111473083,
    0.9535084366798401,
    0.9328444600105286
   ],
   "transcends_best_expert": false,
   "gain_vs_best_expert": -0.10243996273904638
  },
  "0.1": {
   "er": 0.3992543045830535,
   "acc": 0.8491666913032532,
   "er_bias": null,
   "er_nonbias": 0.3992543045830535,
   "acc_bias": null,
   "acc_nonbias": 0.8491666913032532,
   "er_by_phase": [
    0.27411124558575495,
    0.484806201011973,
    0.5189263899486222
   ],
   "acc_bias_by_phase": [
    null,
    null,
    null
   ],
   "acc_nonbias_by_phase": [
    0.7241865396499634,
    0.9462518692016602,
    0.9278799891471863
   ],
   "transcends_best_expert": false,
   "gain_vs_best_expert": -0.12756397475614406
  },
  "0.3": {
   "er": 0.3882598456156783,
   "acc": 0.8377567529678345,
   "er_bias": null,
   "er_nonbias": 0.3882598456156783,
   "acc_bias": null,
   "acc_nonbias": 0.8377567529678345,
   "er_by_phase": [
    0.2700366798965957,
    0.4681055053988713,
    0.5047328942742574
   ],
   "acc_bias_by_phase": [
    null,
    null,
    null
   ],
   "acc_nonbias_by_phase": [
    0.7212965488433838,
    0.9276215434074402,
    0.9132148623466492
   ],
   "transcends_best_expert": false,
   "gain_vs_best_expert": -0.13855843372351928
  },
  "1.0": {
   "er": 0.3722503423516843,
   "acc": 0.8204189538955688,
   "er_bias": null,
   "er_nonbias": 0.3722503423516843,
   "acc_bias": null,
   "acc_nonbias": 0.8204189538955688,
   "er_by_phase": [
    0.2683608390178882,
    0.4415347736434635,
    0.47768729680258354
   ],
   "acc_bias_by_phase": [
    null,
    null,
    null
   ],
   "acc_nonbias_by_phase": [
    0.7200539112091064,
    0.8985596299171448,
    0.8830118179321289
   ],
   "transcends_best_expert": false,
   "gain_vs_best_expert": -0.15456793698751325
  }
 }
}
