{
 "ckpt": "runs/comp_edges_n8_fa0.0/seed1/final.pt",
 "data": "data/perfect_test.npz",
 "expert_cfg": {
  "mode": "iid",
  "rho": 0.0,
  "pi": 0.0,
  "k": 4,
  "alpha": 0.0,
  "blind_plies": 4,
  "rule_mod": 3,
  "q_open": 1.0,
  "n_open": 8,
  "frac_a": 0.5,
  "b_open": "random",
  "bias_seed": 12345
 },
 "n_games": 3000,
 "n_states": 55932,
 "bias_state_frac": 0.0,
 "realized": {
  "error_rate": 0.0,
  "random_error_rate": 0.0,
  "shared_error_rate": 0.0
 },
 "theory": {
  "acc_tau0": 1.0,
  "acc_expert": 1.0,
  "acc_gain_tau0": 0.0
 },
 "mass_on_nonmove_tokens_tau1": 0.011677265167236328,
 "mass_on_illegal_cols_tau1": 0.0010820891475304961,
 "expert": {
  "er": 0.5268182793391976,
  "acc": 1.0,
  "best_er": 0.5268182793391976,
  "best_acc": 1.0,
  "mixture_er": 0.5268182793391976,
  "mixture_acc": 1.0,
  "er_bias": null,
  "er_nonbias": 0.5268182793391976,
  "er_by_phase": [
   0.5028494803888702,
   0.5328683662016995,
   0.5859550561797753
  ],
  "acc_bias_by_phase": [
   null,
   null,
   null
  ],
  "n_bias_by_phase": [
   0,
   0,
   0
  ]
 },
 "taus": {
  "0.001": {
   "er": 0.3741332127574268,
   "acc": 0.8331912159919739,
   "er_bias": null,
   "er_nonbias": 0.3741332127574268,
   "acc_bias": null,
   "acc_nonbias": 0.8331912159919739,
   "er_by_phase": [
    0.24746188582906548,
    0.4554776361140982,
    0.5136702734198106
   ],
   "acc_bias_by_phase": [
    null,
    null,
    null
   ],
   "acc_nonbias_by_phase": [
    0.7231351137161255,
    0.9130587577819824,
    0.9222143292427063
   ],
   "transcends_best_expert": false,
   "gain_vs_best_expert": -0.15268506658177078
  },
  "0.1": {
   "er": 0.35958120706394553,
   "acc": 0.8197577595710754,
   "er_bias": null,
   "er_nonbias": 0.35958120706394553,
   "acc_bias": null,
   "acc_nonbias": 0.8197577595710754,
   "er_by_phase": [
    0.21775075654598203,
    0.45263594856381617,
    0.5088947155220787
   ],
   "acc_bias_by_phase": [
    null,
    null,
    null
   ],
   "acc_nonbias_by_phase": [
    0.6959980130195618,
    0.9102448225021362,
    0.9175012707710266
   ],
   "transcends_best_expert": false,
   "gain_vs_best_expert": -0.16723707227525203
  },
  "0.3": {
   "er": 0.35204211675890673,
   "acc": 0.8118051290512085,
   "er_bias": null,
   "er_nonbias": 0.35204211675890673,
   "acc_bias": null,
   "acc_nonbias": 0.8118051290512085,
   "er_by_phase": [
    0.21569694344329407,
    0.441288052841713,
    0.4963164991479415
   ],
   "acc_bias_by_phase": [
    null,
    null,
    null
   ],
   "acc_nonbias_by_phase": [
    0.6938627362251282,
    0.8981997966766357,
    0.9043892025947571
   ],
   "transcends_best_expert": false,
   "gain_vs_best_expert": -0.17477616258029083
  },
  "1.0": {
   "er": 0.3416963171857444,
   "acc": 0.8005546927452087,
   "er_bias": null,
   "er_nonbias": 0.3416963171857444,
   "acc_bias": null,
   "acc_nonbias": 0.8005546927452087,
   "er_by_phase": [
    0.21490097859636328,
    0.42590373444587254,
    0.4716172882940749
   ],
   "acc_bias_by_phase": [
    null,
    null,
    null
   ],
   "acc_nonbias_by_phase": [
    0.6930184364318848,
    0.8818525075912476,
    0.8761199116706848
   ],
   "transcends_best_expert": false,
   "gain_vs_best_expert": -0.18512196215345317
  }
 }
}
