{
 "ckpt": "runs/comp_edges_n14_fa0.5/seed0/final.pt",
 "data": "data/perfect_test.npz",
 "expert_cfg": {
  "mode": "iid",
  "rho": 0.0,
  "pi": 0.0,
  "k": 4,
  "alpha": 0.0,
  "blind_plies": 4,
  "rule_mod": 3,
  "q_open": 1.0,
  "n_open": 8,
  "frac_a": 0.5,
  "b_open": "random",
  "bias_seed": 12345
 },
 "n_games": 3000,
 "n_states": 55932,
 "bias_state_frac": 0.0,
 "realized": {
  "error_rate": 0.0,
  "random_error_rate": 0.0,
  "shared_error_rate": 0.0
 },
 "theory": {
  "acc_tau0": 1.0,
  "acc_expert": 1.0,
  "acc_gain_tau0": 0.0
 },
 "mass_on_nonmove_tokens_tau1": 0.007653534412384033,
 "mass_on_illegal_cols_tau1": 0.0036090235225856304,
 "expert": {
  "er": 0.5268182793391976,
  "acc": 1.0,
  "best_er": 0.5268182793391976,
  "best_acc": 1.0,
  "mixture_er": 0.5268182793391976,
  "mixture_acc": 1.0,
  "er_bias": null,
  "er_nonbias": 0.5268182793391976,
  "er_by_phase": [
   0.5028494803888702,
   0.5328683662016995,
   0.5859550561797753
  ],
  "acc_bias_by_phase": [
   null,
   null,
   null
  ],
  "n_bias_by_phase": [
   0,
   0,
   0
  ]
 },
 "taus": {
  "0.001": {
   "er": 0.4943206443258944,
   "acc": 0.9640827775001526,
   "er_bias": null,
   "er_nonbias": 0.4943206443258944,
   "acc_bias": null,
   "acc_nonbias": 0.9640827775001526,
   "er_by_phase": [
    0.5009863013610658,
    0.48507675994495236,
    0.5043694066922438
   ],
   "acc_bias_by_phase": [
    null,
    null,
    null
   ],
   "acc_nonbias_by_phase": [
    0.9974454045295715,
    0.9468764662742615,
    0.9125513434410095
   ],
   "transcends_best_expert": false,
   "gain_vs_best_expert": -0.03249763501330316
  },
  "0.1": {
   "er": 0.4914549118239106,
   "acc": 0.9607415199279785,
   "er_bias": null,
   "er_nonbias": 0.4914549118239106,
   "acc_bias": null,
   "acc_nonbias": 0.9607415199279785,
   "er_by_phase": [
    0.5003469163930742,
    0.4797378070449422,
    0.5027076552209878
   ],
   "acc_bias_by_phase": [
    null,
    null,
    null
   ],
   "acc_nonbias_by_phase": [
    0.9965195655822754,
    0.9409186840057373,
    0.9102823734283447
   ],
   "transcends_best_expert": false,
   "gain_vs_best_expert": -0.03536336751528696
  },
  "0.3": {
   "er": 0.48153409534571817,
   "acc": 0.9494563341140747,
   "er_bias": null,
   "er_nonbias": 0.48153409534571817,
   "acc_bias": null,
   "acc_nonbias": 0.9494563341140747,
   "er_by_phase": [
    0.4928431824369371,
    0.4670553690199849,
    0.49436207428245155
   ],
   "acc_bias_by_phase": [
    null,
    null,
    null
   ],
   "acc_nonbias_by_phase": [
    0.988194465637207,
    0.9264666438102722,
    0.9001721143722534
   ],
   "transcends_best_expert": false,
   "gain_vs_best_expert": -0.04528418399347939
  },
  "1.0": {
   "er": 0.43992278571976584,
   "acc": 0.9049708247184753,
   "er_bias": null,
   "er_nonbias": 0.43992278571976584,
   "acc_bias": null,
   "acc_nonbias": 0.9049708247184753,
   "er_by_phase": [
    0.4286237413093782,
    0.44293936390327576,
    0.4672237412376428
   ],
   "acc_bias_by_phase": [
    null,
    null,
    null
   ],
   "acc_nonbias_by_phase": [
    0.9223573803901672,
    0.8994321227073669,
    0.86610347032547
   ],
   "transcends_best_expert": false,
   "gain_vs_best_expert": -0.08689549361943172
  }
 }
}
