{
 "ckpt": "runs/comp_q1.0_n8_fa0.5_mid/seed1/final.pt",
 "data": "data/perfect_test.npz",
 "expert_cfg": {
  "mode": "iid",
  "rho": 0.0,
  "pi": 0.0,
  "k": 4,
  "alpha": 0.0,
  "blind_plies": 4,
  "rule_mod": 3,
  "q_open": 1.0,
  "n_open": 8,
  "frac_a": 0.5,
  "b_open": "random",
  "bias_seed": 12345
 },
 "n_games": 3000,
 "n_states": 55932,
 "bias_state_frac": 0.0,
 "realized": {
  "error_rate": 0.0,
  "random_error_rate": 0.0,
  "shared_error_rate": 0.0
 },
 "theory": {
  "acc_tau0": 1.0,
  "acc_expert": 1.0,
  "acc_gain_tau0": 0.0
 },
 "mass_on_nonmove_tokens_tau1": 0.012806475162506104,
 "mass_on_illegal_cols_tau1": 0.00539856031537056,
 "expert": {
  "er": 0.5268182793391976,
  "acc": 1.0,
  "best_er": 0.5268182793391976,
  "best_acc": 1.0,
  "mixture_er": 0.5268182793391976,
  "mixture_acc": 1.0,
  "er_bias": null,
  "er_nonbias": 0.5268182793391976,
  "er_by_phase": [
   0.5028494803888702,
   0.5328683662016995,
   0.5859550561797753
  ],
  "acc_bias_by_phase": [
   null,
   null,
   null
  ],
  "n_bias_by_phase": [
   0,
   0,
   0
  ]
 },
 "taus": {
  "0.001": {
   "er": 0.49277518075333715,
   "acc": 0.9625086188316345,
   "er_bias": null,
   "er_nonbias": 0.49277518075333715,
   "acc_bias": null,
   "acc_nonbias": 0.9625086188316345,
   "er_by_phase": [
    0.501464197411295,
    0.4804921191748032,
    0.506691350238696
   ],
   "acc_bias_by_phase": [
    null,
    null,
    null
   ],
   "acc_nonbias_by_phase": [
    0.9980678558349609,
    0.9418196082115173,
    0.9158182740211487
   ],
   "transcends_best_expert": false,
   "gain_vs_best_expert": -0.03404309858586041
  },
  "0.1": {
   "er": 0.48929324046847134,
   "acc": 0.9584492444992065,
   "er_bias": null,
   "er_nonbias": 0.48929324046847134,
   "acc_bias": null,
   "acc_nonbias": 0.9584492444992065,
   "er_by_phase": [
    0.5007692253510453,
    0.4744922231194029,
    0.5026911165340352
   ],
   "acc_bias_by_phase": [
    null,
    null,
    null
   ],
   "acc_nonbias_by_phase": [
    0.9970942735671997,
    0.9348828196525574,
    0.9114989638328552
   ],
   "transcends_best_expert": false,
   "gain_vs_best_expert": -0.037525038870726224
  },
  "0.3": {
   "er": 0.4797160064715693,
   "acc": 0.9473356008529663,
   "er_bias": null,
   "er_nonbias": 0.4797160064715693,
   "acc_bias": null,
   "acc_nonbias": 0.9473356008529663,
   "er_by_phase": [
    0.4988552823444565,
    0.4590898982434247,
    0.4878396677981383
   ],
   "acc_bias_by_phase": [
    null,
    null,
    null
   ],
   "acc_nonbias_by_phase": [
    0.9943951368331909,
    0.9175748825073242,
    0.8938863277435303
   ],
   "transcends_best_expert": false,
   "gain_vs_best_expert": -0.04710227286762825
  },
  "1.0": {
   "er": 0.4610761003702754,
   "acc": 0.9244535565376282,
   "er_bias": null,
   "er_nonbias": 0.4610761003702754,
   "acc_bias": null,
   "acc_nonbias": 0.9244535565376282,
   "er_by_phase": [
    0.49126449913425807,
    0.4338384140570058,
    0.45533310178035524
   ],
   "acc_bias_by_phase": [
    null,
    null,
    null
   ],
   "acc_nonbias_by_phase": [
    0.9847976565361023,
    0.8892810344696045,
    0.8454414010047913
   ],
   "transcends_best_expert": false,
   "gain_vs_best_expert": -0.06574217896892215
  }
 }
}
