{
 "ckpt": "runs/comp_q1.0_n8_fa0.5/seed1/final.pt",
 "data": "data/perfect_test.npz",
 "expert_cfg": {
  "mode": "iid",
  "rho": 0.0,
  "pi": 0.0,
  "k": 4,
  "alpha": 0.0,
  "blind_plies": 4,
  "rule_mod": 3,
  "q_open": 1.0,
  "n_open": 8,
  "frac_a": 0.5,
  "bias_seed": 12345
 },
 "n_games": 3000,
 "n_states": 55932,
 "bias_state_frac": 0.0,
 "realized": {
  "error_rate": 0.0,
  "random_error_rate": 0.0,
  "shared_error_rate": 0.0
 },
 "theory": {
  "acc_tau0": 1.0,
  "acc_expert": 1.0,
  "acc_gain_tau0": 0.0
 },
 "mass_on_nonmove_tokens_tau1": 0.008427202701568604,
 "mass_on_illegal_cols_tau1": 0.0013503527734428644,
 "expert": {
  "er": 0.5268182793391976,
  "acc": 1.0,
  "best_er": 0.5268182793391976,
  "best_acc": 1.0,
  "mixture_er": 0.5268182793391976,
  "mixture_acc": 1.0,
  "er_bias": null,
  "er_nonbias": 0.5268182793391976,
  "er_by_phase": [
   0.5028494803888702,
   0.5328683662016995,
   0.5859550561797753
  ],
  "acc_bias_by_phase": [
   null,
   null,
   null
  ],
  "n_bias_by_phase": [
   0,
   0,
   0
  ]
 },
 "taus": {
  "0.001": {
   "er": 0.49558924169145757,
   "acc": 0.9656959176063538,
   "er_bias": null,
   "er_nonbias": 0.49558924169145757,
   "acc_bias": null,
   "acc_nonbias": 0.9656959176063538,
   "er_by_phase": [
    0.5010685066872804,
    0.4848493232600026,
    0.5148564193835394
   ],
   "acc_bias_by_phase": [
    null,
    null,
    null
   ],
   "acc_nonbias_by_phase": [
    0.9978209137916565,
    0.9467359185218811,
    0.9244577288627625
   ],
   "transcends_best_expert": false,
   "gain_vs_best_expert": -0.031229037647739988
  },
  "0.1": {
   "er": 0.49207489595898307,
   "acc": 0.9617236852645874,
   "er_bias": null,
   "er_nonbias": 0.49207489595898307,
   "acc_bias": null,
   "acc_nonbias": 0.9617236852645874,
   "er_by_phase": [
    0.5011125376902367,
    0.4789067296257535,
    0.5079239312689241
   ],
   "acc_bias_by_phase": [
    null,
    null,
    null
   ],
   "acc_nonbias_by_phase": [
    0.9976460933685303,
    0.9400235414505005,
    0.9173588752746582
   ],
   "transcends_best_expert": false,
   "gain_vs_best_expert": -0.03474338338021449
  },
  "0.3": {
   "er": 0.4835097820802485,
   "acc": 0.9520691633224487,
   "er_bias": null,
   "er_nonbias": 0.4835097820802485,
   "acc_bias": null,
   "acc_nonbias": 0.9520691633224487,
   "er_by_phase": [
    0.5002710345773015,
    0.4649648282615671,
    0.49231160487221276
   ],
   "acc_bias_by_phase": [
    null,
    null,
    null
   ],
   "acc_nonbias_by_phase": [
    0.9963890314102173,
    0.9243007302284241,
    0.9008216857910156
   ],
   "transcends_best_expert": false,
   "gain_vs_best_expert": -0.043308497258949086
  },
  "1.0": {
   "er": 0.46870947260214907,
   "acc": 0.935392439365387,
   "er_bias": null,
   "er_nonbias": 0.46870947260214907,
   "acc_bias": null,
   "acc_nonbias": 0.935392439365387,
   "er_by_phase": [
    0.49702650793684916,
    0.4421255857318565,
    0.46694782631180876
   ],
   "acc_bias_by_phase": [
    null,
    null,
    null
   ],
   "acc_nonbias_by_phase": [
    0.9921335577964783,
    0.8993756771087646,
    0.8714144825935364
   ],
   "transcends_best_expert": false,
   "gain_vs_best_expert": -0.05810880673704849
  }
 }
}
