{
 "ckpt": "runs/comp_q0.0_n8_fa0.0/seed2/final.pt",
 "data": "data/perfect_test.npz",
 "expert_cfg": {
  "mode": "iid",
  "rho": 0.0,
  "pi": 0.0,
  "k": 4,
  "alpha": 0.0,
  "blind_plies": 4,
  "rule_mod": 3,
  "q_open": 1.0,
  "n_open": 8,
  "frac_a": 0.5,
  "b_open": "random",
  "bias_seed": 12345
 },
 "n_games": 3000,
 "n_states": 55932,
 "bias_state_frac": 0.0,
 "realized": {
  "error_rate": 0.0,
  "random_error_rate": 0.0,
  "shared_error_rate": 0.0
 },
 "theory": {
  "acc_tau0": 1.0,
  "acc_expert": 1.0,
  "acc_gain_tau0": 0.0
 },
 "mass_on_nonmove_tokens_tau1": 0.0107002854347229,
 "mass_on_illegal_cols_tau1": 0.0008262912160716951,
 "expert": {
  "er": 0.5268182793391976,
  "acc": 1.0,
  "best_er": 0.5268182793391976,
  "best_acc": 1.0,
  "mixture_er": 0.5268182793391976,
  "mixture_acc": 1.0,
  "er_bias": null,
  "er_nonbias": 0.5268182793391976,
  "er_by_phase": [
   0.5028494803888702,
   0.5328683662016995,
   0.5859550561797753
  ],
  "acc_bias_by_phase": [
   null,
   null,
   null
  ],
  "n_bias_by_phase": [
   0,
   0,
   0
  ]
 },
 "taus": {
  "0.001": {
   "er": 0.3928491774594047,
   "acc": 0.8564364314079285,
   "er_bias": null,
   "er_nonbias": 0.3928491774594047,
   "acc_bias": null,
   "acc_nonbias": 0.8564364314079285,
   "er_by_phase": [
    0.24358281402006196,
    0.4966000965329805,
    0.5296068415140259
   ],
   "acc_bias_by_phase": [
    null,
    null,
    null
   ],
   "acc_nonbias_by_phase": [
    0.7240623235702515,
    0.959418535232544,
    0.9392703771591187
   ],
   "transcends_best_expert": false,
   "gain_vs_best_expert": -0.13396910187979288
  },
  "0.1": {
   "er": 0.3974713822762809,
   "acc": 0.84858638048172,
   "er_bias": null,
   "er_nonbias": 0.3974713822762809,
   "acc_bias": null,
   "acc_nonbias": 0.84858638048172,
   "er_by_phase": [
    0.26506947558313076,
    0.48818633175757037,
    0.5233818516114109
   ],
   "acc_bias_by_phase": [
    null,
    null,
    null
   ],
   "acc_nonbias_by_phase": [
    0.7176809310913086,
    0.9498629570007324,
    0.9324741363525391
   ],
   "transcends_best_expert": false,
   "gain_vs_best_expert": -0.12934689706291663
  },
  "0.3": {
   "er": 0.38899856314852266,
   "acc": 0.8390578031539917,
   "er_bias": null,
   "er_nonbias": 0.38899856314852266,
   "acc_bias": null,
   "acc_nonbias": 0.8390578031539917,
   "er_by_phase": [
    0.26646901731573835,
    0.47231108641420355,
    0.5077575872105111
   ],
   "acc_bias_by_phase": [
    null,
    null,
    null
   ],
   "acc_nonbias_by_phase": [
    0.7186518907546997,
    0.9321697950363159,
    0.9163626432418823
   ],
   "transcends_best_expert": false,
   "gain_vs_best_expert": -0.1378197161906749
  },
  "1.0": {
   "er": 0.3738316215633557,
   "acc": 0.8222441673278809,
   "er_bias": null,
   "er_nonbias": 0.3738316215633557,
   "acc_bias": null,
   "acc_nonbias": 0.8222441673278809,
   "er_by_phase": [
    0.26723813989374223,
    0.4457723668037578,
    0.47902391570747116
   ],
   "acc_bias_by_phase": [
    null,
    null,
    null
   ],
   "acc_nonbias_by_phase": [
    0.719201922416687,
    0.9030018448829651,
    0.8846397995948792
   ],
   "transcends_best_expert": false,
   "gain_vs_best_expert": -0.15298665777584186
  }
 }
}
