{
 "ckpt": "runs/comp_edges_n8_fa0.5/seed0/final.pt",
 "data": "data/perfect_test.npz",
 "expert_cfg": {
  "mode": "iid",
  "rho": 0.0,
  "pi": 0.0,
  "k": 4,
  "alpha": 0.0,
  "blind_plies": 4,
  "rule_mod": 3,
  "q_open": 1.0,
  "n_open": 8,
  "frac_a": 0.5,
  "b_open": "random",
  "bias_seed": 12345
 },
 "n_games": 3000,
 "n_states": 55932,
 "bias_state_frac": 0.0,
 "realized": {
  "error_rate": 0.0,
  "random_error_rate": 0.0,
  "shared_error_rate": 0.0
 },
 "theory": {
  "acc_tau0": 1.0,
  "acc_expert": 1.0,
  "acc_gain_tau0": 0.0
 },
 "mass_on_nonmove_tokens_tau1": 0.008307814598083496,
 "mass_on_illegal_cols_tau1": 0.0029266560450196266,
 "expert": {
  "er": 0.5268182793391976,
  "acc": 1.0,
  "best_er": 0.5268182793391976,
  "best_acc": 1.0,
  "mixture_er": 0.5268182793391976,
  "mixture_acc": 1.0,
  "er_bias": null,
  "er_nonbias": 0.5268182793391976,
  "er_by_phase": [
   0.5028494803888702,
   0.5328683662016995,
   0.5859550561797753
  ],
  "acc_bias_by_phase": [
   null,
   null,
   null
  ],
  "n_bias_by_phase": [
   0,
   0,
   0
  ]
 },
 "taus": {
  "0.001": {
   "er": 0.48411971439275586,
   "acc": 0.9527664184570312,
   "er_bias": null,
   "er_nonbias": 0.48411971439275586,
   "acc_bias": null,
   "acc_nonbias": 0.9527664184570312,
   "er_by_phase": [
    0.5006231861939269,
    0.46203515057075256,
    0.5061880918040196
   ],
   "acc_bias_by_phase": [
    null,
    null,
    null
   ],
   "acc_nonbias_by_phase": [
    0.9969356060028076,
    0.9212645292282104,
    0.9151059985160828
   ],
   "transcends_best_expert": false,
   "gain_vs_best_expert": -0.0426985649464417
  },
  "0.1": {
   "er": 0.4823089579838007,
   "acc": 0.9507125616073608,
   "er_bias": null,
   "er_nonbias": 0.4823089579838007,
   "acc_bias": null,
   "acc_nonbias": 0.9507125616073608,
   "er_by_phase": [
    0.4992724317493364,
    0.46044314372653705,
    0.5020690698025463
   ],
   "acc_bias_by_phase": [
    null,
    null,
    null
   ],
   "acc_nonbias_by_phase": [
    0.9951562881469727,
    0.9196093678474426,
    0.910734236240387
   ],
   "transcends_best_expert": false,
   "gain_vs_best_expert": -0.04450932135539687
  },
  "0.3": {
   "er": 0.47556846516605544,
   "acc": 0.9431713223457336,
   "er_bias": null,
   "er_nonbias": 0.47556846516605544,
   "acc_bias": null,
   "acc_nonbias": 0.9431713223457336,
   "er_by_phase": [
    0.49284049346078007,
    0.4541249847142413,
    0.49281457009394264
   ],
   "acc_bias_by_phase": [
    null,
    null,
    null
   ],
   "acc_nonbias_by_phase": [
    0.987893283367157,
    0.912456214427948,
    0.9009006023406982
   ],
   "transcends_best_expert": false,
   "gain_vs_best_expert": -0.051249814173142116
  },
  "1.0": {
   "er": 0.43925653838693157,
   "acc": 0.9043934345245361,
   "er_bias": null,
   "er_nonbias": 0.43925653838693157,
   "acc_bias": null,
   "acc_nonbias": 0.9043934345245361,
   "er_by_phase": [
    0.4299221324733637,
    0.43954637044094474,
    0.46952697836415935
   ],
   "acc_bias_by_phase": [
    null,
    null,
    null
   ],
   "acc_nonbias_by_phase": [
    0.9233567714691162,
    0.8955672383308411,
    0.8717608451843262
   ],
   "transcends_best_expert": false,
   "gain_vs_best_expert": -0.08756174095226599
  }
 }
}
