{
 "ckpt": "runs/comp_q1.0_n14_fa0.5/seed0/final.pt",
 "data": "data/perfect_test.npz",
 "expert_cfg": {
  "mode": "iid",
  "rho": 0.0,
  "pi": 0.0,
  "k": 4,
  "alpha": 0.0,
  "blind_plies": 4,
  "rule_mod": 3,
  "q_open": 1.0,
  "n_open": 8,
  "frac_a": 0.5,
  "b_open": "random",
  "bias_seed": 12345
 },
 "n_games": 3000,
 "n_states": 55932,
 "bias_state_frac": 0.0,
 "realized": {
  "error_rate": 0.0,
  "random_error_rate": 0.0,
  "shared_error_rate": 0.0
 },
 "theory": {
  "acc_tau0": 1.0,
  "acc_expert": 1.0,
  "acc_gain_tau0": 0.0
 },
 "mass_on_nonmove_tokens_tau1": 0.009902238845825195,
 "mass_on_illegal_cols_tau1": 0.0017748926766216755,
 "expert": {
  "er": 0.5268182793391976,
  "acc": 1.0,
  "best_er": 0.5268182793391976,
  "best_acc": 1.0,
  "mixture_er": 0.5268182793391976,
  "mixture_acc": 1.0,
  "er_bias": null,
  "er_nonbias": 0.5268182793391976,
  "er_by_phase": [
   0.5028494803888702,
   0.5328683662016995,
   0.5859550561797753
  ],
  "acc_bias_by_phase": [
   null,
   null,
   null
  ],
  "n_bias_by_phase": [
   0,
   0,
   0
  ]
 },
 "taus": {
  "0.001": {
   "er": 0.5021795712140203,
   "acc": 0.972935140132904,
   "er_bias": null,
   "er_nonbias": 0.5021795712140203,
   "acc_bias": null,
   "acc_nonbias": 0.972935140132904,
   "er_by_phase": [
    0.5024728163416983,
    0.49935663619615167,
    0.5110880797953234
   ],
   "acc_bias_by_phase": [
    null,
    null,
    null
   ],
   "acc_nonbias_by_phase": [
    0.9993663430213928,
    0.9626160860061646,
    0.920503556728363
   ],
   "transcends_best_expert": false,
   "gain_vs_best_expert": -0.02463870812517721
  },
  "0.1": {
   "er": 0.4981179130879378,
   "acc": 0.9683432579040527,
   "er_bias": null,
   "er_nonbias": 0.4981179130879378,
   "acc_bias": null,
   "acc_nonbias": 0.9683432579040527,
   "er_by_phase": [
    0.5019713141634353,
    0.49144270455771377,
    0.508592005664673
   ],
   "acc_bias_by_phase": [
    null,
    null,
    null
   ],
   "acc_nonbias_by_phase": [
    0.998704731464386,
    0.9537047147750854,
    0.9178734421730042
   ],
   "transcends_best_expert": false,
   "gain_vs_best_expert": -0.028700366251259768
  },
  "0.3": {
   "er": 0.4902706555545702,
   "acc": 0.9594131708145142,
   "er_bias": null,
   "er_nonbias": 0.4902706555545702,
   "acc_bias": null,
   "acc_nonbias": 0.9594131708145142,
   "er_by_phase": [
    0.5011730667889814,
    0.4778626236995445,
    0.4972061101923788
   ],
   "acc_bias_by_phase": [
    null,
    null,
    null
   ],
   "acc_nonbias_by_phase": [
    0.9975492358207703,
    0.9382917284965515,
    0.9056012630462646
   ],
   "transcends_best_expert": false,
   "gain_vs_best_expert": -0.03654762378462734
  },
  "1.0": {
   "er": 0.4755130236393074,
   "acc": 0.9424057006835938,
   "er_bias": null,
   "er_nonbias": 0.4755130236393074,
   "acc_bias": null,
   "acc_nonbias": 0.9424057006835938,
   "er_by_phase": [
    0.49815879011612857,
    0.4548399737236174,
    0.4720485121356238
   ],
   "acc_bias_by_phase": [
    null,
    null,
    null
   ],
   "acc_nonbias_by_phase": [
    0.9935577511787415,
    0.9126500487327576,
    0.8752222657203674
   ],
   "transcends_best_expert": false,
   "gain_vs_best_expert": -0.05130525569989014
  }
 }
}
