{
 "ckpt": "runs/comp_q0.25_n8_fa0.5/seed2/final.pt",
 "data": "data/perfect_test.npz",
 "expert_cfg": {
  "mode": "iid",
  "rho": 0.0,
  "pi": 0.0,
  "k": 4,
  "alpha": 0.0,
  "blind_plies": 4,
  "rule_mod": 3,
  "q_open": 1.0,
  "n_open": 8,
  "frac_a": 0.5,
  "b_open": "random",
  "bias_seed": 12345
 },
 "n_games": 3000,
 "n_states": 55932,
 "bias_state_frac": 0.0,
 "realized": {
  "error_rate": 0.0,
  "random_error_rate": 0.0,
  "shared_error_rate": 0.0
 },
 "theory": {
  "acc_tau0": 1.0,
  "acc_expert": 1.0,
  "acc_gain_tau0": 0.0
 },
 "mass_on_nonmove_tokens_tau1": 0.012379586696624756,
 "mass_on_illegal_cols_tau1": 0.0010322623420506716,
 "expert": {
  "er": 0.5268182793391976,
  "acc": 1.0,
  "best_er": 0.5268182793391976,
  "best_acc": 1.0,
  "mixture_er": 0.5268182793391976,
  "mixture_acc": 1.0,
  "er_bias": null,
  "er_nonbias": 0.5268182793391976,
  "er_by_phase": [
   0.5028494803888702,
   0.5328683662016995,
   0.5859550561797753
  ],
  "acc_bias_by_phase": [
   null,
   null,
   null
  ],
  "n_bias_by_phase": [
   0,
   0,
   0
  ]
 },
 "taus": {
  "0.001": {
   "er": 0.49389559087978463,
   "acc": 0.9637884497642517,
   "er_bias": null,
   "er_nonbias": 0.49389559087978463,
   "acc_bias": null,
   "acc_nonbias": 0.9637884497642517,
   "er_by_phase": [
    0.5007537679819243,
    0.4817816109411814,
    0.5133557078942245
   ],
   "acc_bias_by_phase": [
    null,
    null,
    null
   ],
   "acc_nonbias_by_phase": [
    0.9972756505012512,
    0.9434440732002258,
    0.9228353500366211
   ],
   "transcends_best_expert": false,
   "gain_vs_best_expert": -0.03292268845941293
  },
  "0.1": {
   "er": 0.4901497219992794,
   "acc": 0.9594895243644714,
   "er_bias": null,
   "er_nonbias": 0.4901497219992794,
   "acc_bias": null,
   "acc_nonbias": 0.9594895243644714,
   "er_by_phase": [
    0.49997616278412216,
    0.475450236164152,
    0.5087205913427163
   ],
   "acc_bias_by_phase": [
    null,
    null,
    null
   ],
   "acc_nonbias_by_phase": [
    0.9960605502128601,
    0.9364224672317505,
    0.9177404642105103
   ],
   "transcends_best_expert": false,
   "gain_vs_best_expert": -0.03666855733991814
  },
  "0.3": {
   "er": 0.4806533488153166,
   "acc": 0.9487080574035645,
   "er_bias": null,
   "er_nonbias": 0.4806533488153166,
   "acc_bias": null,
   "acc_nonbias": 0.9487080574035645,
   "er_by_phase": [
    0.4970470157534727,
    0.460765167362355,
    0.49539378183165483
   ],
   "acc_bias_by_phase": [
    null,
    null,
    null
   ],
   "acc_nonbias_by_phase": [
    0.9920517802238464,
    0.9200592637062073,
    0.9038169384002686
   ],
   "transcends_best_expert": false,
   "gain_vs_best_expert": -0.04616493052388099
  },
  "1.0": {
   "er": 0.4413566688642823,
   "acc": 0.9027608036994934,
   "er_bias": null,
   "er_nonbias": 0.4413566688642823,
   "acc_bias": null,
   "acc_nonbias": 0.9027608036994934,
   "er_by_phase": [
    0.43997583058531387,
    0.4352045267937128,
    0.46754149541847756
   ],
   "acc_bias_by_phase": [
    null,
    null,
    null
   ],
   "acc_nonbias_by_phase": [
    0.9229162335395813,
    0.8921564817428589,
    0.8723627328872681
   ],
   "transcends_best_expert": false,
   "gain_vs_best_expert": -0.08546161047491524
  }
 }
}
