{
 "ckpt": "runs/comp_q1.0_n8_fa0.5_20k/seed1/final.pt",
 "data": "data/perfect_test.npz",
 "expert_cfg": {
  "mode": "iid",
  "rho": 0.0,
  "pi": 0.0,
  "k": 4,
  "alpha": 0.0,
  "blind_plies": 4,
  "rule_mod": 3,
  "q_open": 1.0,
  "n_open": 8,
  "frac_a": 0.5,
  "b_open": "random",
  "bias_seed": 12345
 },
 "n_games": 3000,
 "n_states": 55932,
 "bias_state_frac": 0.0,
 "realized": {
  "error_rate": 0.0,
  "random_error_rate": 0.0,
  "shared_error_rate": 0.0
 },
 "theory": {
  "acc_tau0": 1.0,
  "acc_expert": 1.0,
  "acc_gain_tau0": 0.0
 },
 "mass_on_nonmove_tokens_tau1": 0.01493072509765625,
 "mass_on_illegal_cols_tau1": 0.0057380422949790955,
 "expert": {
  "er": 0.5268182793391976,
  "acc": 1.0,
  "best_er": 0.5268182793391976,
  "best_acc": 1.0,
  "mixture_er": 0.5268182793391976,
  "mixture_acc": 1.0,
  "er_bias": null,
  "er_nonbias": 0.5268182793391976,
  "er_by_phase": [
   0.5028494803888702,
   0.5328683662016995,
   0.5859550561797753
  ],
  "acc_bias_by_phase": [
   null,
   null,
   null
  ],
  "n_bias_by_phase": [
   0,
   0,
   0
  ]
 },
 "taus": {
  "0.001": {
   "er": 0.47183007706391406,
   "acc": 0.937735915184021,
   "er_bias": null,
   "er_nonbias": 0.47183007706391406,
   "acc_bias": null,
   "acc_nonbias": 0.937735915184021,
   "er_by_phase": [
    0.5020539806696687,
    0.44810326891406016,
    0.45366619701824473
   ],
   "acc_bias_by_phase": [
    null,
    null,
    null
   ],
   "acc_nonbias_by_phase": [
    0.9989535212516785,
    0.9051553010940552,
    0.8467139601707458
   ],
   "transcends_best_expert": false,
   "gain_vs_best_expert": -0.054988202275283504
  },
  "0.1": {
   "er": 0.471656960403312,
   "acc": 0.9376007914543152,
   "er_bias": null,
   "er_nonbias": 0.471656960403312,
   "acc_bias": null,
   "acc_nonbias": 0.9376007914543152,
   "er_by_phase": [
    0.5020577893075913,
    0.44786613512692536,
    0.4531243941144881
   ],
   "acc_bias_by_phase": [
    null,
    null,
    null
   ],
   "acc_nonbias_by_phase": [
    0.9989808201789856,
    0.9049399495124817,
    0.8463160395622253
   ],
   "transcends_best_expert": false,
   "gain_vs_best_expert": -0.05516131893588555
  },
  "0.3": {
   "er": 0.4713493812267044,
   "acc": 0.9372029900550842,
   "er_bias": null,
   "er_nonbias": 0.4713493812267044,
   "acc_bias": null,
   "acc_nonbias": 0.9372029900550842,
   "er_by_phase": [
    0.5016479997252272,
    0.4475261954974506,
    0.4532727809071362
   ],
   "acc_bias_by_phase": [
    null,
    null,
    null
   ],
   "acc_nonbias_by_phase": [
    0.9983969926834106,
    0.9046577215194702,
    0.8461354374885559
   ],
   "transcends_best_expert": false,
   "gain_vs_best_expert": -0.05546889811249317
  },
  "1.0": {
   "er": 0.4688437000790423,
   "acc": 0.9339374899864197,
   "er_bias": null,
   "er_nonbias": 0.4688437000790423,
   "acc_bias": null,
   "acc_nonbias": 0.9339374899864197,
   "er_by_phase": [
    0.4988792667148835,
    0.44464579184105907,
    0.45296176925368964
   ],
   "acc_bias_by_phase": [
    null,
    null,
    null
   ],
   "acc_nonbias_by_phase": [
    0.9947179555892944,
    0.9014921188354492,
    0.8439067602157593
   ],
   "transcends_best_expert": false,
   "gain_vs_best_expert": -0.05797457926015526
  }
 }
}
