indexing training positions ...
  691135 distinct training positions
{
 "all": {
  "n": 61667,
  "expert_er": 0.47162177501743235,
  "mixture_argmax_er": 0.47162177501743235,
  "model_er_tau0.001": 0.45443950777242814,
  "gain_tau0.001": -0.017182267245004212,
  "acc_tau0.001": 0.8453925251960754,
  "model_er_tau1.0": 0.41988470559036595,
  "gain_tau1.0": -0.05173706942706641,
  "acc_tau1.0": 0.8062401413917542
 },
 "seen": {
  "n": 36961,
  "expert_er": 0.4666675685181678,
  "mixture_argmax_er": 0.4666675685181678,
  "model_er_tau0.001": 0.46221382870497824,
  "gain_tau0.001": -0.004453739813189583,
  "acc_tau0.001": 0.8519704341888428,
  "model_er_tau1.0": 0.4450886088468542,
  "gain_tau1.0": -0.021578959671313624,
  "acc_tau1.0": 0.8314793705940247
 },
 "unseen": {
  "n": 24706,
  "expert_er": 0.4790334331741277,
  "mixture_argmax_er": 0.4790334331741277,
  "model_er_tau0.001": 0.4428088643664547,
  "gain_tau0.001": -0.036224568807673,
  "acc_tau0.001": 0.8355516195297241,
  "model_er_tau1.0": 0.3821788257124795,
  "gain_tau1.0": -0.0968546074616482,
  "acc_tau1.0": 0.7684813141822815
 },
 "seen_frac_by_phase": [
  0.9993314670120754,
  0.45894699395233013,
  0.014858686616791355
 ],
 "unseen_by_phase": [
  {
   "n": 16,
   "expert_er": 0.0,
   "mixture_argmax_er": 0.0,
   "model_er_tau0.001": 0.0,
   "gain_tau0.001": 0.0,
   "acc_tau0.001": 1.0,
   "model_er_tau1.0": 0.0,
   "gain_tau1.0": 0.0,
   "acc_tau1.0": 1.0
  },
  {
   "n": 15209,
   "expert_er": 0.47212177000460254,
   "mixture_argmax_er": 0.47212177000460254,
   "model_er_tau0.001": 0.44273196918084684,
   "gain_tau0.001": -0.029389800823755696,
   "acc_tau0.001": 0.8491072654724121,
   "model_er_tau1.0": 0.3809650014640192,
   "gain_tau1.0": -0.09115676854058335,
   "acc_tau1.0": 0.7817561626434326
  },
  {
   "n": 9481,
   "expert_er": 0.4909292268748022,
   "mixture_argmax_er": 0.4909292268748022,
   "model_er_tau0.001": 0.4436794941215199,
   "gain_tau0.001": -0.047249732753282314,
   "acc_tau0.001": 0.8135287761688232,
   "model_er_tau1.0": 0.3847709482951431,
   "gain_tau1.0": -0.10615827857965915,
   "acc_tau1.0": 0.7467957139015198
  }
 ]
}
own-play tau=0.001: {"win": 176, "draw": 0, "loss": 124, "illegal": 30} score=0.587
own-play tau=1.0: {"win": 88, "draw": 0, "loss": 212, "illegal": 1} score=0.293
wrote results/iid_rho0.3_pi1.0/seed0/decompose.json
indexing training positions ...
  941589 distinct training positions
{
 "all": {
  "n": 61419,
  "expert_er": 0.46118737687034955,
  "mixture_argmax_er": 0.516639802015663,
  "model_er_tau0.001": 0.5011781643671882,
  "gain_tau0.001": 0.03999078749683865,
  "acc_tau0.001": 0.8902369141578674,
  "model_er_tau1.0": 0.3949362051925864,
  "gain_tau1.0": -0.06625117167776318,
  "acc_tau1.0": 0.7633157968521118
 },
 "seen": {
  "n": 28804,
  "expert_er": 0.44725324607693373,
  "mixture_argmax_er": 0.5183307873906402,
  "model_er_tau0.001": 0.5380009272564366,
  "gain_tau0.001": 0.09074768117950283,
  "acc_tau0.001": 0.9295258522033691,
  "model_er_tau1.0": 0.41639653104574054,
  "gain_tau1.0": -0.030856715031193194,
  "acc_tau1.0": 0.778492271900177
 },
 "unseen": {
  "n": 32615,
  "expert_er": 0.4734933312892841,
  "mixture_argmax_er": 0.5151464050283612,
  "model_er_tau0.001": 0.4686580704759752,
  "gain_tau0.001": -0.004835260813308928,
  "acc_tau0.001": 0.8555389046669006,
  "model_er_tau1.0": 0.3759834771265354,
  "gain_tau1.0": -0.09750985416274871,
  "acc_tau1.0": 0.7499126195907593
 },
 "seen_frac_by_phase": [
  0.9839154411764706,
  0.18648581472144302,
  0.00010729613733905579
 ],
 "unseen_by_phase": [
  {
   "n": 385,
   "expert_er": 0.510090909090909,
   "mixture_argmax_er": 0.6025974025974026,
   "model_er_tau0.001": 0.5640627723739119,
   "gain_tau0.001": 0.05397186328300285,
   "acc_tau0.001": 0.861465573310852,
   "model_er_tau1.0": 0.36835537621533715,
   "gain_tau1.0": -0.1417355328755719,
   "acc_tau1.0": 0.6295372247695923
  },
  {
   "n": 22911,
   "expert_er": 0.46612947928942433,
   "mixture_argmax_er": 0.506045131159705,
   "model_er_tau0.001": 0.4700492940896126,
   "gain_tau0.001": 0.0039198148001882704,
   "acc_tau0.001": 0.8650035858154297,
   "model_er_tau1.0": 0.3701353299307501,
   "gain_tau1.0": -0.09599414935867423,
   "acc_tau1.0": 0.7514417171478271
  },
  {
   "n": 9319,
   "expert_er": 0.4900855778517008,
   "mixture_argmax_er": 0.533909217727224,
   "model_er_tau0.001": 0.4612962146499475,
   "gain_tau0.001": -0.028789363201753293,
   "acc_tau0.001": 0.8320249915122986,
   "model_er_tau1.0": 0.3906764398106698,
   "gain_tau1.0": -0.09940913804103102,
   "acc_tau1.0": 0.7511264085769653
  }
 ]
}
own-play tau=0.001: {"win": 214, "draw": 0, "loss": 86, "illegal": 14} score=0.713
own-play tau=1.0: {"win": 98, "draw": 1, "loss": 201, "illegal": 3} score=0.328
wrote results/iid_rho0.3_pi0.0/seed0/decompose.json
