indexing training positions ...
  153293 distinct training positions
{
 "all": {
  "n": 47267,
  "expert_er": 0.3707431541385463,
  "mixture_argmax_er": 0.3289927433515984,
  "model_er_tau0.001": 0.41263758895830394,
  "gain_tau0.001": 0.04189443481975763,
  "acc_tau0.001": 0.7659415006637573,
  "model_er_tau1.0": 0.3689813120825375,
  "gain_tau1.0": -0.0017618420560088222,
  "acc_tau1.0": 0.7192218899726868
 },
 "seen": {
  "n": 26941,
  "expert_er": 0.2617386140083887,
  "mixture_argmax_er": 0.18863442336958539,
  "model_er_tau0.001": 0.43339857157972017,
  "gain_tau0.001": 0.17165995757133146,
  "acc_tau0.001": 0.7358578443527222,
  "model_er_tau1.0": 0.3622709435073022,
  "gain_tau1.0": 0.1005323294989135,
  "acc_tau1.0": 0.6615577340126038
 },
 "unseen": {
  "n": 20326,
  "expert_er": 0.5152227032700318,
  "mixture_argmax_er": 0.5150300108235757,
  "model_er_tau0.001": 0.3851200433121574,
  "gain_tau0.001": -0.13010265995787446,
  "acc_tau0.001": 0.8058156967163086,
  "model_er_tau1.0": 0.37787553818631653,
  "gain_tau1.0": -0.1373471650837153,
  "acc_tau1.0": 0.7956525683403015
 },
 "seen_frac_by_phase": [
  0.9846153846153847,
  0.22531592834328565,
  0.016098378982671885
 ],
 "unseen_by_phase": [
  {
   "n": 368,
   "expert_er": 0.17368659420289853,
   "mixture_argmax_er": 0.16304347826086957,
   "model_er_tau0.001": 0.19403877862177038,
   "gain_tau0.001": 0.02035218441887185,
   "acc_tau0.001": 0.7634772658348083,
   "model_er_tau1.0": 0.19316753019588956,
   "gain_tau1.0": 0.019480935992991028,
   "acc_tau1.0": 0.768958568572998
  },
  {
   "n": 11157,
   "expert_er": 0.5187326342206686,
   "mixture_argmax_er": 0.5187326342206686,
   "model_er_tau0.001": 0.38780204438614146,
   "gain_tau0.001": -0.13093058983452716,
   "acc_tau0.001": 0.8263730406761169,
   "model_er_tau1.0": 0.3778772656818786,
   "gain_tau1.0": -0.14085536853879,
   "acc_tau1.0": 0.8138604760169983
  },
  {
   "n": 8801,
   "expert_er": 0.5250539711396432,
   "mixture_argmax_er": 0.5250539711396432,
   "model_er_tau0.001": 0.3897098421331575,
   "gain_tau0.001": -0.13534412900648574,
   "acc_tau0.001": 0.7815254330635071,
   "model_er_tau1.0": 0.38559662366211367,
   "gain_tau1.0": -0.13945734747752958,
   "acc_tau1.0": 0.7736866474151611
  }
 ]
}
own-play tau=0.001: {"win": 69, "draw": 0, "loss": 231, "illegal": 39} score=0.230
own-play tau=1.0: {"win": 34, "draw": 0, "loss": 266, "illegal": 38} score=0.113
wrote results/comp_edges_n8_fa0.5_20k/seed2/decompose.json
