indexing training positions ...
  985036 distinct training positions
{
 "all": {
  "n": 71563,
  "expert_er": 0.4245373540330431,
  "mixture_argmax_er": 0.3831449212581921,
  "model_er_tau0.001": 0.4244948539307322,
  "gain_tau0.001": -4.250010231088286e-05,
  "acc_tau0.001": 0.7453334331512451,
  "model_er_tau1.0": 0.346372586775874,
  "gain_tau1.0": -0.07816476725716909,
  "acc_tau1.0": 0.6602337956428528
 },
 "seen": {
  "n": 37171,
  "expert_er": 0.3350775245935452,
  "mixture_argmax_er": 0.25538726426515296,
  "model_er_tau0.001": 0.39122156753636805,
  "gain_tau0.001": 0.05614404294282288,
  "acc_tau0.001": 0.5916457176208496,
  "model_er_tau1.0": 0.2891316559804874,
  "gain_tau1.0": -0.04594586861305777,
  "acc_tau1.0": 0.49375614523887634
 },
 "unseen": {
  "n": 34392,
  "expert_er": 0.5212258664805769,
  "mixture_argmax_er": 0.5212258664805769,
  "model_er_tau0.001": 0.4604567441541828,
  "gain_tau0.001": -0.06076912232639409,
  "acc_tau0.001": 0.9114397168159485,
  "model_er_tau1.0": 0.4082387951555936,
  "gain_tau1.0": -0.11298707132498331,
  "acc_tau1.0": 0.8401634693145752
 },
 "seen_frac_by_phase": [
  1.0,
  0.42048267326732675,
  0.05175210902011681
 ],
 "unseen_by_phase": [
  {
   "n": 0
  },
  {
   "n": 16857,
   "expert_er": 0.5158391172806549,
   "mixture_argmax_er": 0.5158391172806549,
   "model_er_tau0.001": 0.4650720122669106,
   "gain_tau0.001": -0.05076710501374432,
   "acc_tau0.001": 0.9332900643348694,
   "model_er_tau1.0": 0.40944765988421594,
   "gain_tau1.0": -0.10639145739643896,
   "acc_tau1.0": 0.8676175475120544
  },
  {
   "n": 17535,
   "expert_er": 0.5264043341887653,
   "mixture_argmax_er": 0.5264043341887653,
   "model_er_tau0.001": 0.45601992781108325,
   "gain_tau0.001": -0.07038440637768206,
   "acc_tau0.001": 0.8904340267181396,
   "model_er_tau1.0": 0.4070766718176759,
   "gain_tau1.0": -0.11932766237108944,
   "acc_tau1.0": 0.8137708306312561
  }
 ]
}
own-play tau=0.001: {"win": 0, "draw": 0, "loss": 300, "illegal": 31} score=0.000
own-play tau=1.0: {"win": 0, "draw": 0, "loss": 300, "illegal": 13} score=0.000
wrote results/comp_edges_n8_fa0.0/seed1/decompose.json
