indexing training positions ...
  384667 distinct training positions
{
 "all": {
  "n": 40149,
  "expert_er": 0.5198635084310942,
  "mixture_argmax_er": 0.5198635084310942,
  "model_er_tau0.001": 0.49902025947142903,
  "gain_tau0.001": -0.02084324895966516,
  "acc_tau0.001": 0.9766340851783752,
  "model_er_tau1.0": 0.47848610528638896,
  "gain_tau1.0": -0.04137740314470523,
  "acc_tau1.0": 0.9532917737960815
 },
 "seen": {
  "n": 26899,
  "expert_er": 0.5163388973567791,
  "mixture_argmax_er": 0.5163388973567791,
  "model_er_tau0.001": 0.5118590891025994,
  "gain_tau0.001": -0.004479808254179707,
  "acc_tau0.001": 0.9943859577178955,
  "model_er_tau1.0": 0.5017363581112307,
  "gain_tau1.0": -0.01460253924554833,
  "acc_tau1.0": 0.981937050819397
 },
 "unseen": {
  "n": 13250,
  "expert_er": 0.5270188679245283,
  "mixture_argmax_er": 0.5270188679245283,
  "model_er_tau0.001": 0.47295598186774207,
  "gain_tau0.001": -0.054062886056786275,
  "acc_tau0.001": 0.9405958652496338,
  "model_er_tau1.0": 0.43128545994786677,
  "gain_tau1.0": -0.09573340797666158,
  "acc_tau1.0": 0.895138680934906
 },
 "seen_frac_by_phase": [
  0.9994550865574046,
  0.24140655867246147,
  0.0
 ],
 "unseen_by_phase": [
  {
   "n": 13,
   "expert_er": 0.0,
   "mixture_argmax_er": 0.0,
   "model_er_tau0.001": 0.0,
   "gain_tau0.001": 0.0,
   "acc_tau0.001": 1.0,
   "model_er_tau1.0": 0.0,
   "gain_tau1.0": 0.0,
   "acc_tau1.0": 1.0
  },
  {
   "n": 9600,
   "expert_er": 0.5059375,
   "mixture_argmax_er": 0.5059375,
   "model_er_tau0.001": 0.4567789824950034,
   "gain_tau0.001": -0.04915851750499661,
   "acc_tau0.001": 0.9457797408103943,
   "model_er_tau1.0": 0.41752680202563774,
   "gain_tau1.0": -0.0884106979743623,
   "acc_tau1.0": 0.9028910398483276
  },
  {
   "n": 3637,
   "expert_er": 0.5845477041517735,
   "mixture_argmax_er": 0.5845477041517735,
   "model_er_tau0.001": 0.5173463095396069,
   "gain_tau0.001": -0.06720139461216657,
   "acc_tau0.001": 0.9267005920410156,
   "model_er_tau1.0": 0.4691435372183427,
   "gain_tau1.0": -0.11540416693343081,
   "acc_tau1.0": 0.8743011951446533
  }
 ]
}
own-play tau=0.001: {"win": 123, "draw": 0, "loss": 177, "illegal": 36} score=0.410
own-play tau=1.0: {"win": 66, "draw": 0, "loss": 234, "illegal": 4} score=0.220
wrote results/comp_q1.0_n8_fa0.5/seed2/decompose.json
