indexing training positions ...
  251425 distinct training positions
{
 "all": {
  "n": 61419,
  "expert_er": 0.4611873768703495,
  "mixture_argmax_er": 0.516639802015663,
  "model_er_tau0.001": 0.42900709465851233,
  "gain_tau0.001": -0.03218028221183716,
  "acc_tau0.001": 0.80560702085495,
  "model_er_tau1.0": 0.39334427530392746,
  "gain_tau1.0": -0.06784310156642204,
  "acc_tau1.0": 0.7614271640777588
 },
 "seen": {
  "n": 25029,
  "expert_er": 0.4466241160254105,
  "mixture_argmax_er": 0.5233728874505573,
  "model_er_tau0.001": 0.5055439974473954,
  "gain_tau0.001": 0.0589198814219849,
  "acc_tau0.001": 0.8863147497177124,
  "model_er_tau1.0": 0.42547477381649423,
  "gain_tau1.0": -0.02114934220891629,
  "acc_tau1.0": 0.7869917154312134
 },
 "unseen": {
  "n": 36390,
  "expert_er": 0.4712039708711184,
  "mixture_argmax_er": 0.5120087936246221,
  "model_er_tau0.001": 0.3763651012563976,
  "gain_tau0.001": -0.09483886961472082,
  "acc_tau0.001": 0.7500962615013123,
  "model_er_tau1.0": 0.3712449555108241,
  "gain_tau1.0": -0.09995901536029433,
  "acc_tau1.0": 0.7438437938690186
 },
 "seen_frac_by_phase": [
  0.9409675802139037,
  0.08898199765649967,
  0.0
 ],
 "unseen_by_phase": [
  {
   "n": 1413,
   "expert_er": 0.4507165605095541,
   "mixture_argmax_er": 0.5180467091295117,
   "model_er_tau0.001": 0.35618059165874644,
   "gain_tau0.001": -0.09453596885080767,
   "acc_tau0.001": 0.7045866847038269,
   "model_er_tau1.0": 0.3361374020224018,
   "gain_tau1.0": -0.11457915848715233,
   "acc_tau1.0": 0.6826862096786499
  },
  {
   "n": 25657,
   "expert_er": 0.46549255563783754,
   "mixture_argmax_er": 0.5037416689402502,
   "model_er_tau0.001": 0.37140758473581725,
   "gain_tau0.001": -0.09408497090202028,
   "acc_tau0.001": 0.7524561285972595,
   "model_er_tau1.0": 0.36727994611582276,
   "gain_tau1.0": -0.09821260952201477,
   "acc_tau1.0": 0.7474960088729858
  },
  {
   "n": 9320,
   "expert_er": 0.4900329935622318,
   "mixture_argmax_er": 0.5338519313304722,
   "model_er_tau0.001": 0.39307279583043303,
   "gain_tau0.001": -0.09696019773179876,
   "acc_tau0.001": 0.7504994869232178,
   "model_er_tau1.0": 0.3874828545587521,
   "gain_tau1.0": -0.1025501390034797,
   "acc_tau1.0": 0.7430617213249207
  }
 ]
}
own-play tau=0.001: {"win": 76, "draw": 0, "loss": 124, "illegal": 22} score=0.380
own-play tau=1.0: {"win": 57, "draw": 0, "loss": 143, "illegal": 17} score=0.285
wrote results/iid_rho0.3_pi0.0_20k/seed2/decompose.json
