indexing training positions ...
  251425 distinct training positions
{
 "all": {
  "n": 61419,
  "expert_er": 0.4611873768703495,
  "mixture_argmax_er": 0.516639802015663,
  "model_er_tau0.001": 0.42909751386961004,
  "gain_tau0.001": -0.03208986300073946,
  "acc_tau0.001": 0.8057377934455872,
  "model_er_tau1.0": 0.3932128813019139,
  "gain_tau1.0": -0.0679744955684356,
  "acc_tau1.0": 0.7612547278404236
 },
 "seen": {
  "n": 25029,
  "expert_er": 0.4466241160254105,
  "mixture_argmax_er": 0.5233728874505573,
  "model_er_tau0.001": 0.5032933820262033,
  "gain_tau0.001": 0.056669266000792806,
  "acc_tau0.001": 0.8842623829841614,
  "model_er_tau1.0": 0.4242347583832526,
  "gain_tau1.0": -0.022389357642157937,
  "acc_tau1.0": 0.785780131816864
 },
 "unseen": {
  "n": 36390,
  "expert_er": 0.4712039708711184,
  "mixture_argmax_er": 0.5120087936246221,
  "model_er_tau0.001": 0.37806568138564817,
  "gain_tau0.001": -0.09313828948547026,
  "acc_tau0.001": 0.7517286539077759,
  "model_er_tau1.0": 0.37187607004967904,
  "gain_tau1.0": -0.09932790082143939,
  "acc_tau1.0": 0.7443860769271851
 },
 "seen_frac_by_phase": [
  0.9409675802139037,
  0.08898199765649967,
  0.0
 ],
 "unseen_by_phase": [
  {
   "n": 1413,
   "expert_er": 0.4507165605095541,
   "mixture_argmax_er": 0.5180467091295117,
   "model_er_tau0.001": 0.3651805021783605,
   "gain_tau0.001": -0.0855360583311936,
   "acc_tau0.001": 0.7126681208610535,
   "model_er_tau1.0": 0.341800940415416,
   "gain_tau1.0": -0.10891562009413813,
   "acc_tau1.0": 0.6890417337417603
  },
  {
   "n": 25657,
   "expert_er": 0.46549255563783754,
   "mixture_argmax_er": 0.5037416689402502,
   "model_er_tau0.001": 0.3753361209440113,
   "gain_tau0.001": -0.09015643469382623,
   "acc_tau0.001": 0.7562699317932129,
   "model_er_tau1.0": 0.3692755511881945,
   "gain_tau1.0": -0.09621700444964304,
   "acc_tau1.0": 0.7494699954986572
  },
  {
   "n": 9320,
   "expert_er": 0.4900329935622318,
   "mixture_argmax_er": 0.5338519313304722,
   "model_er_tau0.001": 0.3875333949554952,
   "gain_tau0.001": -0.10249959860673657,
   "acc_tau0.001": 0.7451493144035339,
   "model_er_tau1.0": 0.3835947042344777,
   "gain_tau1.0": -0.10643828932775407,
   "acc_tau1.0": 0.7387813329696655
  }
 ]
}
own-play tau=0.001: {"win": 70, "draw": 0, "loss": 130, "illegal": 21} score=0.350
own-play tau=1.0: {"win": 46, "draw": 2, "loss": 152, "illegal": 28} score=0.235
wrote results/iid_rho0.3_pi0.0_20k/seed1/decompose.json
