indexing training positions ...
  552637 distinct training positions
{
 "all": {
  "n": 43282,
  "expert_er": 0.43085256490655965,
  "mixture_argmax_er": 0.5562358486206738,
  "model_er_tau0.001": 0.5045899629614387,
  "gain_tau0.001": 0.073737398054879,
  "acc_tau0.001": 0.9282142519950867,
  "model_er_tau1.0": 0.40714979347263514,
  "gain_tau1.0": -0.02370277143392452,
  "acc_tau1.0": 0.8053116798400879
 },
 "seen": {
  "n": 24714,
  "expert_er": 0.3670533763396108,
  "mixture_argmax_er": 0.5799344501092498,
  "model_er_tau0.001": 0.5494944057351167,
  "gain_tau0.001": 0.18244102939550583,
  "acc_tau0.001": 0.9556550979614258,
  "model_er_tau1.0": 0.4216420818414977,
  "gain_tau1.0": 0.05458870550188688,
  "acc_tau1.0": 0.7952964901924133
 },
 "unseen": {
  "n": 18568,
  "expert_er": 0.5157692574013663,
  "mixture_argmax_er": 0.5246930202498923,
  "model_er_tau0.001": 0.44482216897669713,
  "gain_tau0.001": -0.07094708842466912,
  "acc_tau0.001": 0.8916904330253601,
  "model_er_tau1.0": 0.38786056389766366,
  "gain_tau1.0": -0.1279086935037026,
  "acc_tau1.0": 0.8186418414115906
 },
 "seen_frac_by_phase": [
  0.9764445002301159,
  0.1024713682941531,
  0.002619086593550499
 ],
 "unseen_by_phase": [
  {
   "n": 563,
   "expert_er": 0.4037363613296118,
   "mixture_argmax_er": 0.6980461811722913,
   "model_er_tau0.001": 0.557656510768802,
   "gain_tau0.001": 0.15392014943919013,
   "acc_tau0.001": 0.8143397569656372,
   "model_er_tau1.0": 0.32691894351218564,
   "gain_tau1.0": -0.07681741781742618,
   "acc_tau1.0": 0.5440585017204285
  },
  {
   "n": 11912,
   "expert_er": 0.5135577568838147,
   "mixture_argmax_er": 0.5135577568838147,
   "model_er_tau0.001": 0.43465764103150567,
   "gain_tau0.001": -0.078900115852309,
   "acc_tau0.001": 0.8970584273338318,
   "model_er_tau1.0": 0.38177755207341785,
   "gain_tau1.0": -0.13178020481039682,
   "acc_tau1.0": 0.8329389691352844
  },
  {
   "n": 6093,
   "expert_er": 0.5304447726899721,
   "mixture_argmax_er": 0.5304447726899721,
   "model_er_tau0.001": 0.45426811062353245,
   "gain_tau0.001": -0.0761766620664397,
   "acc_tau0.001": 0.8883429169654846,
   "model_er_tau1.0": 0.405384110447383,
   "gain_tau1.0": -0.12506066224258916,
   "acc_tau1.0": 0.8160624504089355
  }
 ]
}
own-play tau=0.001: {"win": 115, "draw": 1, "loss": 184, "illegal": 11} score=0.385
own-play tau=1.0: {"win": 30, "draw": 0, "loss": 270, "illegal": 6} score=0.100
wrote results/comp_q0.25_n8_fa0.5/seed0/decompose.json
