indexing training positions ...
  985036 distinct training positions
{
 "all": {
  "n": 71563,
  "expert_er": 0.4245373540330431,
  "mixture_argmax_er": 0.3831449212581921,
  "model_er_tau0.001": 0.3769019713859,
  "gain_tau0.001": -0.04763538264714312,
  "acc_tau0.001": 0.7092822194099426,
  "model_er_tau1.0": 0.34203338187422627,
  "gain_tau1.0": -0.08250397215881683,
  "acc_tau1.0": 0.655300498008728
 },
 "seen": {
  "n": 37171,
  "expert_er": 0.3350775245935452,
  "mixture_argmax_er": 0.25538726426515296,
  "model_er_tau0.001": 0.3009527669344517,
  "gain_tau0.001": -0.03412475765909345,
  "acc_tau0.001": 0.5234172344207764,
  "model_er_tau1.0": 0.28262318915952706,
  "gain_tau1.0": -0.05245433543401812,
  "acc_tau1.0": 0.4855318069458008
 },
 "unseen": {
  "n": 34392,
  "expert_er": 0.5212258664805769,
  "mixture_argmax_er": 0.5212258664805769,
  "model_er_tau0.001": 0.45898815069111,
  "gain_tau0.001": -0.06223771578946691,
  "acc_tau0.001": 0.9101657867431641,
  "model_er_tau1.0": 0.40624413650896934,
  "gain_tau1.0": -0.11498172997160755,
  "acc_tau1.0": 0.8387871384620667
 },
 "seen_frac_by_phase": [
  1.0,
  0.42048267326732675,
  0.05175210902011681
 ],
 "unseen_by_phase": [
  {
   "n": 0
  },
  {
   "n": 16857,
   "expert_er": 0.5158391172806549,
   "mixture_argmax_er": 0.5158391172806549,
   "model_er_tau0.001": 0.4622027034103562,
   "gain_tau0.001": -0.053636413870298716,
   "acc_tau0.001": 0.9304463267326355,
   "model_er_tau1.0": 0.40498103945234326,
   "gain_tau1.0": -0.11085807782831164,
   "acc_tau1.0": 0.8632851839065552
  },
  {
   "n": 17535,
   "expert_er": 0.5264043341887653,
   "mixture_argmax_er": 0.5264043341887653,
   "model_er_tau0.001": 0.4558978903438997,
   "gain_tau0.001": -0.0705064438448656,
   "acc_tau0.001": 0.8906694650650024,
   "model_er_tau1.0": 0.4074583952533974,
   "gain_tau1.0": -0.11894593893536792,
   "acc_tau1.0": 0.8152363300323486
  }
 ]
}
own-play tau=0.001: {"win": 0, "draw": 0, "loss": 300, "illegal": 28} score=0.000
own-play tau=1.0: {"win": 0, "draw": 0, "loss": 300, "illegal": 21} score=0.000
wrote results/comp_edges_n8_fa0.0/seed2/decompose.json
