indexing training positions ...
  552097 distinct training positions
{
 "all": {
  "n": 44194,
  "expert_er": 0.3960136799436252,
  "mixture_argmax_er": 0.3193419921256279,
  "model_er_tau0.001": 0.4562456389631263,
  "gain_tau0.001": 0.060231959019501125,
  "acc_tau0.001": 0.8414052128791809,
  "model_er_tau1.0": 0.3924611627132866,
  "gain_tau1.0": -0.003552517230338559,
  "acc_tau1.0": 0.7589452862739563
 },
 "seen": {
  "n": 24831,
  "expert_er": 0.302438771811733,
  "mixture_argmax_er": 0.16878095928476503,
  "model_er_tau0.001": 0.4689725334213998,
  "gain_tau0.001": 0.16653376160966676,
  "acc_tau0.001": 0.8136759400367737,
  "model_er_tau1.0": 0.39989607505799235,
  "gain_tau1.0": 0.09745730324625934,
  "acc_tau1.0": 0.7273372411727905
 },
 "unseen": {
  "n": 19363,
  "expert_er": 0.5160136047395254,
  "mixture_argmax_er": 0.5124205959820276,
  "model_er_tau0.001": 0.4399247425992683,
  "gain_tau0.001": -0.07608886214025712,
  "acc_tau0.001": 0.8769651055335999,
  "model_er_tau1.0": 0.38292667382048146,
  "gain_tau1.0": -0.13308693091904394,
  "acc_tau1.0": 0.7994791269302368
 },
 "seen_frac_by_phase": [
  0.976215401365102,
  0.11027325668209646,
  0.005925711808064749
 ],
 "unseen_by_phase": [
  {
   "n": 568,
   "expert_er": 0.3135060362173038,
   "mixture_argmax_er": 0.19102112676056338,
   "model_er_tau0.001": 0.3997754611462874,
   "gain_tau0.001": 0.08626942492898365,
   "acc_tau0.001": 0.6472737193107605,
   "model_er_tau1.0": 0.31702194044130366,
   "gain_tau1.0": 0.0035159042239998883,
   "acc_tau1.0": 0.5504188537597656
  },
  {
   "n": 11917,
   "expert_er": 0.5191742888310816,
   "mixture_argmax_er": 0.5191742888310816,
   "model_er_tau0.001": 0.43685483866025715,
   "gain_tau0.001": -0.08231945017082448,
   "acc_tau0.001": 0.8886548280715942,
   "model_er_tau1.0": 0.3793127005520659,
   "gain_tau1.0": -0.13986158827901574,
   "acc_tau1.0": 0.8164904713630676
  },
  {
   "n": 6878,
   "expert_er": 0.5272608316371038,
   "mixture_argmax_er": 0.5272608316371038,
   "model_er_tau0.001": 0.4485593510765129,
   "gain_tau0.001": -0.0787014805605909,
   "acc_tau0.001": 0.8756795525550842,
   "model_er_tau1.0": 0.39463089132543644,
   "gain_tau1.0": -0.13262994031166736,
   "acc_tau1.0": 0.7905726432800293
  }
 ]
}
own-play tau=0.001: {"win": 104, "draw": 2, "loss": 194, "illegal": 44} score=0.350
own-play tau=1.0: {"win": 19, "draw": 0, "loss": 281, "illegal": 10} score=0.063
wrote results/comp_q0.0_n8_fa0.5/seed2/decompose.json
