indexing training positions ...
  540298 distinct training positions
{
 "all": {
  "n": 43803,
  "expert_er": 0.4631320098753835,
  "mixture_argmax_er": 0.5397347213661164,
  "model_er_tau0.001": 0.49802005385891046,
  "gain_tau0.001": 0.03488804398352696,
  "acc_tau0.001": 0.9422835111618042,
  "model_er_tau1.0": 0.42285043592896604,
  "gain_tau1.0": -0.04028157394641746,
  "acc_tau1.0": 0.8460927605628967
 },
 "seen": {
  "n": 25303,
  "expert_er": 0.42248801666657254,
  "mixture_argmax_er": 0.5516341935738845,
  "model_er_tau0.001": 0.5335433157660315,
  "gain_tau0.001": 0.11105529909945899,
  "acc_tau0.001": 0.972939133644104,
  "model_er_tau1.0": 0.4443635841034808,
  "gain_tau1.0": 0.021875567436908272,
  "acc_tau1.0": 0.8579516410827637
 },
 "unseen": {
  "n": 18500,
  "expert_er": 0.5187220077220076,
  "mixture_argmax_er": 0.5234594594594595,
  "model_er_tau0.001": 0.44943383245156526,
  "gain_tau0.001": -0.06928817527044234,
  "acc_tau0.001": 0.9003547430038452,
  "model_er_tau1.0": 0.3934262635906013,
  "gain_tau1.0": -0.12529574413140632,
  "acc_tau1.0": 0.8298730850219727
 },
 "seen_frac_by_phase": [
  0.9791108506363028,
  0.1384547977216299,
  0.0028934254942935217
 ],
 "unseen_by_phase": [
  {
   "n": 499,
   "expert_er": 0.4997137131405668,
   "mixture_argmax_er": 0.6753507014028056,
   "model_er_tau0.001": 0.5200770046367179,
   "gain_tau0.001": 0.020363291496151126,
   "acc_tau0.001": 0.7976182103157043,
   "model_er_tau1.0": 0.365420095600143,
   "gain_tau1.0": -0.1342936175404238,
   "acc_tau1.0": 0.6218861937522888
  },
  {
   "n": 11798,
   "expert_er": 0.5131378199694864,
   "mixture_argmax_er": 0.5131378199694864,
   "model_er_tau0.001": 0.44254274690773143,
   "gain_tau0.001": -0.07059507306175494,
   "acc_tau0.001": 0.9076911807060242,
   "model_er_tau1.0": 0.3885418331098847,
   "gain_tau1.0": -0.12459598685960166,
   "acc_tau1.0": 0.8450992107391357
  },
  {
   "n": 6203,
   "expert_er": 0.5308721586329196,
   "mixture_argmax_er": 0.5308721586329196,
   "model_er_tau0.001": 0.45685767322631327,
   "gain_tau0.001": -0.07401448540660632,
   "acc_tau0.001": 0.8946657180786133,
   "model_er_tau1.0": 0.40496932156879456,
   "gain_tau1.0": -0.12590283706412503,
   "acc_tau1.0": 0.8176447749137878
  }
 ]
}
own-play tau=0.001: {"win": 118, "draw": 1, "loss": 181, "illegal": 9} score=0.395
own-play tau=1.0: {"win": 48, "draw": 0, "loss": 252, "illegal": 3} score=0.160
wrote results/comp_q0.5_n8_fa0.5/seed0/decompose.json
