indexing training positions ...
  520473 distinct training positions
{
 "all": {
  "n": 47293,
  "expert_er": 0.5203307043325651,
  "mixture_argmax_er": 0.5203307043325651,
  "model_er_tau0.001": 0.5025488787228695,
  "gain_tau0.001": -0.017781825609695656,
  "acc_tau0.001": 0.9798860549926758,
  "model_er_tau1.0": 0.47840537607565237,
  "gain_tau1.0": -0.04192532825691275,
  "acc_tau1.0": 0.9517155885696411
 },
 "seen": {
  "n": 31237,
  "expert_er": 0.5230976086051797,
  "mixture_argmax_er": 0.5230976086051797,
  "model_er_tau0.001": 0.518349143545284,
  "gain_tau0.001": -0.004748465059895679,
  "acc_tau0.001": 0.9940361380577087,
  "model_er_tau1.0": 0.5044581816162291,
  "gain_tau1.0": -0.018639426988950603,
  "acc_tau1.0": 0.9767476916313171
 },
 "unseen": {
  "n": 16056,
  "expert_er": 0.5149476831091181,
  "mixture_argmax_er": 0.5149476831091181,
  "model_er_tau0.001": 0.4718094123391023,
  "gain_tau0.001": -0.04313827077001581,
  "acc_tau0.001": 0.9523570537567139,
  "model_er_tau1.0": 0.42771955852015936,
  "gain_tau1.0": -0.08722812458895873,
  "acc_tau1.0": 0.9030157327651978
 },
 "seen_frac_by_phase": [
  0.9995387067013336,
  0.37261515227787567,
  0.0
 ],
 "unseen_by_phase": [
  {
   "n": 11,
   "expert_er": 0.0,
   "mixture_argmax_er": 0.0,
   "model_er_tau0.001": 0.0,
   "gain_tau0.001": 0.0,
   "acc_tau0.001": 1.0,
   "model_er_tau1.0": 0.0,
   "gain_tau1.0": 0.0,
   "acc_tau1.0": 1.0
  },
  {
   "n": 12463,
   "expert_er": 0.4957072935890235,
   "mixture_argmax_er": 0.4957072935890235,
   "model_er_tau0.001": 0.4584831091601267,
   "gain_tau0.001": -0.0372241844288968,
   "acc_tau0.001": 0.9586911797523499,
   "model_er_tau1.0": 0.4167206598828868,
   "gain_tau1.0": -0.07898663370613668,
   "acc_tau1.0": 0.9118486642837524
  },
  {
   "n": 3582,
   "expert_er": 0.5834729201563372,
   "mixture_argmax_er": 0.5834729201563372,
   "model_er_tau0.001": 0.5196250516621912,
   "gain_tau0.001": -0.06384786849414603,
   "acc_tau0.001": 0.9301723837852478,
   "model_er_tau1.0": 0.4673019674704804,
   "gain_tau1.0": -0.11617095268585681,
   "acc_tau1.0": 0.8719845414161682
  }
 ]
}
own-play tau=0.001: {"win": 128, "draw": 0, "loss": 172, "illegal": 16} score=0.427
own-play tau=1.0: {"win": 80, "draw": 0, "loss": 220, "illegal": 3} score=0.267
wrote results/comp_q1.0_n14_fa0.5/seed0/decompose.json
