indexing training positions ...
  540298 distinct training positions
{
 "all": {
  "n": 43803,
  "expert_er": 0.4631320098753835,
  "mixture_argmax_er": 0.5397347213661164,
  "model_er_tau0.001": 0.49967517203981165,
  "gain_tau0.001": 0.036543162164428156,
  "acc_tau0.001": 0.9445086717605591,
  "model_er_tau1.0": 0.4258936126975468,
  "gain_tau1.0": -0.037238397177836724,
  "acc_tau1.0": 0.8497968912124634
 },
 "seen": {
  "n": 25303,
  "expert_er": 0.42248801666657254,
  "mixture_argmax_er": 0.5516341935738845,
  "model_er_tau0.001": 0.5354507556528305,
  "gain_tau0.001": 0.11296273898625797,
  "acc_tau0.001": 0.9753791689872742,
  "model_er_tau1.0": 0.44774622820811305,
  "gain_tau1.0": 0.02525821154154051,
  "acc_tau1.0": 0.862238347530365
 },
 "unseen": {
  "n": 18500,
  "expert_er": 0.5187220077220076,
  "mixture_argmax_er": 0.5234594594594595,
  "model_er_tau0.001": 0.45074384273385415,
  "gain_tau0.001": -0.06797816498815346,
  "acc_tau0.001": 0.9022858738899231,
  "model_er_tau1.0": 0.39600514079139226,
  "gain_tau1.0": -0.12271686693061534,
  "acc_tau1.0": 0.8327802419662476
 },
 "seen_frac_by_phase": [
  0.9791108506363028,
  0.1384547977216299,
  0.0028934254942935217
 ],
 "unseen_by_phase": [
  {
   "n": 499,
   "expert_er": 0.4997137131405668,
   "mixture_argmax_er": 0.6753507014028056,
   "model_er_tau0.001": 0.5595450199408071,
   "gain_tau0.001": 0.05983130680024029,
   "acc_tau0.001": 0.8405869603157043,
   "model_er_tau1.0": 0.37067960619269485,
   "gain_tau1.0": -0.12903410694787193,
   "acc_tau1.0": 0.6267789602279663
  },
  {
   "n": 11798,
   "expert_er": 0.5131378199694864,
   "mixture_argmax_er": 0.5131378199694864,
   "model_er_tau0.001": 0.4424564745007182,
   "gain_tau0.001": -0.0706813454687682,
   "acc_tau0.001": 0.9083295464515686,
   "model_er_tau1.0": 0.3911871782822817,
   "gain_tau1.0": -0.12195064168720465,
   "acc_tau1.0": 0.8479724526405334
  },
  {
   "n": 6203,
   "expert_er": 0.5308721586329196,
   "mixture_argmax_er": 0.5308721586329196,
   "model_er_tau0.001": 0.45775377067005724,
   "gain_tau0.001": -0.07311838796286235,
   "acc_tau0.001": 0.8957545757293701,
   "model_er_tau1.0": 0.4072061344149996,
   "gain_tau1.0": -0.12366602421792,
   "acc_tau1.0": 0.820456862449646
  }
 ]
}
own-play tau=0.001: {"win": 120, "draw": 2, "loss": 178, "illegal": 14} score=0.403
own-play tau=1.0: {"win": 38, "draw": 0, "loss": 262, "illegal": 2} score=0.127
wrote results/comp_q0.5_n8_fa0.5/seed1/decompose.json
