indexing training positions ...
  109978 distinct training positions
{
 "all": {
  "n": 40149,
  "expert_er": 0.5198635084310942,
  "mixture_argmax_er": 0.5198635084310942,
  "model_er_tau0.001": 0.4806493783448511,
  "gain_tau0.001": -0.03921413008624308,
  "acc_tau0.001": 0.9548815488815308,
  "model_er_tau1.0": 0.4779497920539655,
  "gain_tau1.0": -0.04191371637712871,
  "acc_tau1.0": 0.9513405561447144
 },
 "seen": {
  "n": 25371,
  "expert_er": 0.5187418706397068,
  "mixture_argmax_er": 0.5187418706397068,
  "model_er_tau0.001": 0.5136769225382647,
  "gain_tau0.001": -0.0050649481014420905,
  "acc_tau0.001": 0.9935752153396606,
  "model_er_tau1.0": 0.5102747765631473,
  "gain_tau1.0": -0.008467094076559434,
  "acc_tau1.0": 0.9890232086181641
 },
 "unseen": {
  "n": 14778,
  "expert_er": 0.5217891460278793,
  "mixture_argmax_er": 0.5217891460278793,
  "model_er_tau0.001": 0.423947400828875,
  "gain_tau0.001": -0.09784174519900429,
  "acc_tau0.001": 0.8884519338607788,
  "model_er_tau1.0": 0.4224539751651813,
  "gain_tau1.0": -0.099335170862698,
  "acc_tau1.0": 0.8866465091705322
 },
 "seen_frac_by_phase": [
  0.991616716267762,
  0.13544053733702094,
  0.0
 ],
 "unseen_by_phase": [
  {
   "n": 200,
   "expert_er": 0.13,
   "mixture_argmax_er": 0.13,
   "model_er_tau0.001": 0.10500000016763807,
   "gain_tau0.001": -0.024999999832361938,
   "acc_tau0.001": 0.9649999737739563,
   "model_er_tau1.0": 0.10267608397021831,
   "gain_tau1.0": -0.027323916029781695,
   "acc_tau1.0": 0.9660897254943848
  },
  {
   "n": 10941,
   "expert_er": 0.5080888401425829,
   "mixture_argmax_er": 0.5080888401425829,
   "model_er_tau0.001": 0.4176890425414443,
   "gain_tau0.001": -0.09039979760113864,
   "acc_tau0.001": 0.9000899195671082,
   "model_er_tau1.0": 0.41589340795656654,
   "gain_tau1.0": -0.09219543218601639,
   "acc_tau1.0": 0.8981999158859253
  },
  {
   "n": 3637,
   "expert_er": 0.5845477041517735,
   "mixture_argmax_er": 0.5845477041517735,
   "model_er_tau0.001": 0.4603131358178842,
   "gain_tau0.001": -0.1242345683338893,
   "acc_tau0.001": 0.8492326140403748,
   "model_er_tau1.0": 0.459774498692387,
   "gain_tau1.0": -0.12477320545938647,
   "acc_tau1.0": 0.8475227952003479
  }
 ]
}
own-play tau=0.001: {"win": 67, "draw": 0, "loss": 233, "illegal": 36} score=0.223
own-play tau=1.0: {"win": 73, "draw": 0, "loss": 227, "illegal": 25} score=0.243
wrote results/comp_q1.0_n8_fa0.5_20k/seed0/decompose.json
