indexing training positions ...
  384667 distinct training positions
{
 "all": {
  "n": 40149,
  "expert_er": 0.5198635084310942,
  "mixture_argmax_er": 0.5198635084310942,
  "model_er_tau0.001": 0.4883645042912311,
  "gain_tau0.001": -0.03149900413986306,
  "acc_tau0.001": 0.9633364677429199,
  "model_er_tau1.0": 0.45667183777418013,
  "gain_tau1.0": -0.06319167065691406,
  "acc_tau1.0": 0.9235786199569702
 },
 "seen": {
  "n": 26899,
  "expert_er": 0.5163388973567791,
  "mixture_argmax_er": 0.5163388973567791,
  "model_er_tau0.001": 0.5052732670971728,
  "gain_tau0.001": -0.011065630259606274,
  "acc_tau0.001": 0.9852520227432251,
  "model_er_tau1.0": 0.4823050595004653,
  "gain_tau1.0": -0.03403383785631375,
  "acc_tau1.0": 0.9577803015708923
 },
 "unseen": {
  "n": 13250,
  "expert_er": 0.5270188679245283,
  "mixture_argmax_er": 0.5270188679245283,
  "model_er_tau0.001": 0.4540378015956067,
  "gain_tau0.001": -0.07298106632892165,
  "acc_tau0.001": 0.9188455939292908,
  "model_er_tau1.0": 0.4046334957956635,
  "gain_tau1.0": -0.12238537212886486,
  "acc_tau1.0": 0.8541454672813416
 },
 "seen_frac_by_phase": [
  0.9994550865574046,
  0.24140655867246147,
  0.0
 ],
 "unseen_by_phase": [
  {
   "n": 13,
   "expert_er": 0.0,
   "mixture_argmax_er": 0.0,
   "model_er_tau0.001": 0.0,
   "gain_tau0.001": 0.0,
   "acc_tau0.001": 1.0,
   "model_er_tau1.0": 0.0,
   "gain_tau1.0": 0.0,
   "acc_tau1.0": 1.0
  },
  {
   "n": 9600,
   "expert_er": 0.5059375,
   "mixture_argmax_er": 0.5059375,
   "model_er_tau0.001": 0.43839550709243874,
   "gain_tau0.001": -0.0675419929075613,
   "acc_tau0.001": 0.9237757325172424,
   "model_er_tau1.0": 0.39598405944823756,
   "gain_tau1.0": -0.10995344055176248,
   "acc_tau1.0": 0.8751894235610962
  },
  {
   "n": 3637,
   "expert_er": 0.5845477041517735,
   "mixture_argmax_er": 0.5845477041517735,
   "model_er_tau0.001": 0.49694913474137353,
   "gain_tau0.001": -0.08759856941039995,
   "acc_tau0.001": 0.9055421352386475,
   "model_er_tau1.0": 0.42891032405539214,
   "gain_tau1.0": -0.15563738009638134,
   "acc_tau1.0": 0.7980777621269226
  }
 ]
}
own-play tau=0.001: {"win": 75, "draw": 0, "loss": 225, "illegal": 73} score=0.250
own-play tau=1.0: {"win": 44, "draw": 0, "loss": 256, "illegal": 4} score=0.147
wrote results/comp_q1.0_n8_fa0.5_small/seed2/decompose.json
