indexing training positions ...
  1034363 distinct training positions
{
 "all": {
  "n": 63416,
  "expert_er": 0.442055332288081,
  "mixture_argmax_er": 0.36874763466633026,
  "model_er_tau0.001": 0.4296552815799225,
  "gain_tau0.001": -0.012400050708158528,
  "acc_tau0.001": 0.7791993618011475,
  "model_er_tau1.0": 0.36319493236112194,
  "gain_tau1.0": -0.07886039992695909,
  "acc_tau1.0": 0.6847397089004517
 },
 "seen": {
  "n": 27506,
  "expert_er": 0.33750558319743224,
  "mixture_argmax_er": 0.1707445648222206,
  "model_er_tau0.001": 0.3851904601526294,
  "gain_tau0.001": 0.047684876955197186,
  "acc_tau0.001": 0.6114976406097412,
  "model_er_tau1.0": 0.3144100894788952,
  "gain_tau1.0": -0.02309549371853703,
  "acc_tau1.0": 0.5028578639030457
 },
 "unseen": {
  "n": 35910,
  "expert_er": 0.5221373539669281,
  "mixture_argmax_er": 0.520412141464773,
  "model_er_tau0.001": 0.46371402226995656,
  "gain_tau0.001": -0.0584233316969715,
  "acc_tau0.001": 0.9076539278030396,
  "model_er_tau1.0": 0.40056268196620487,
  "gain_tau1.0": -0.1215746720007232,
  "acc_tau1.0": 0.8240558505058289
 },
 "seen_frac_by_phase": [
  0.9742776014698513,
  0.15515165199066758,
  0.003955328059562588
 ],
 "unseen_by_phase": [
  {
   "n": 616,
   "expert_er": 0.2986239950525664,
   "mixture_argmax_er": 0.19805194805194806,
   "model_er_tau0.001": 0.44802321860670924,
   "gain_tau0.001": 0.1493992235541428,
   "acc_tau0.001": 0.7399453520774841,
   "model_er_tau1.0": 0.30385153389886604,
   "gain_tau1.0": 0.0052275388462996175,
   "acc_tau1.0": 0.5754420161247253
  },
  {
   "n": 22451,
   "expert_er": 0.5240969221860942,
   "mixture_argmax_er": 0.5240969221860942,
   "model_er_tau0.001": 0.46397866837053386,
   "gain_tau0.001": -0.060118253815560296,
   "acc_tau0.001": 0.9167858958244324,
   "model_er_tau1.0": 0.4002132064063328,
   "gain_tau1.0": -0.12388371577976137,
   "acc_tau1.0": 0.8385882377624512
  },
  {
   "n": 12843,
   "expert_er": 0.5294323756131745,
   "mixture_argmax_er": 0.5294323756131745,
   "model_er_tau0.001": 0.46400398298415874,
   "gain_tau0.001": -0.06542839262901573,
   "acc_tau0.001": 0.8997342586517334,
   "model_er_tau1.0": 0.40581224538629124,
   "gain_tau1.0": -0.12362013022688323,
   "acc_tau1.0": 0.8105761408805847
  }
 ]
}
own-play tau=0.001: {"win": 0, "draw": 0, "loss": 300, "illegal": 16} score=0.000
own-play tau=1.0: {"win": 5, "draw": 0, "loss": 295, "illegal": 4} score=0.017
wrote results/comp_q0.0_n8_fa0.0/seed1/decompose.json
