indexing training positions ...
  384667 distinct training positions
{
 "all": {
  "n": 40149,
  "expert_er": 0.5198635084310942,
  "mixture_argmax_er": 0.5198635084310942,
  "model_er_tau0.001": 0.4960749950248103,
  "gain_tau0.001": -0.023788513406283907,
  "acc_tau0.001": 0.9734097719192505,
  "model_er_tau1.0": 0.46990241265768357,
  "gain_tau1.0": -0.049961095773410624,
  "acc_tau1.0": 0.9416998028755188
 },
 "seen": {
  "n": 26899,
  "expert_er": 0.5163388973567791,
  "mixture_argmax_er": 0.5163388973567791,
  "model_er_tau0.001": 0.5103939700524919,
  "gain_tau0.001": -0.005944927304287195,
  "acc_tau0.001": 0.9928151965141296,
  "model_er_tau1.0": 0.49408755520003467,
  "gain_tau1.0": -0.022251342156744403,
  "acc_tau1.0": 0.9724222421646118
 },
 "unseen": {
  "n": 13250,
  "expert_er": 0.5270188679245283,
  "mixture_argmax_er": 0.5270188679245283,
  "model_er_tau0.001": 0.4670058547025757,
  "gain_tau0.001": -0.06001301322195263,
  "acc_tau0.001": 0.934014618396759,
  "model_er_tau1.0": 0.4208038353560457,
  "gain_tau1.0": -0.10621503256848264,
  "acc_tau1.0": 0.8793296217918396
 },
 "seen_frac_by_phase": [
  0.9994550865574046,
  0.24140655867246147,
  0.0
 ],
 "unseen_by_phase": [
  {
   "n": 13,
   "expert_er": 0.0,
   "mixture_argmax_er": 0.0,
   "model_er_tau0.001": 0.0,
   "gain_tau0.001": 0.0,
   "acc_tau0.001": 1.0,
   "model_er_tau1.0": 0.0,
   "gain_tau1.0": 0.0,
   "acc_tau1.0": 1.0
  },
  {
   "n": 9600,
   "expert_er": 0.5059375,
   "mixture_argmax_er": 0.5059375,
   "model_er_tau0.001": 0.4515366513100078,
   "gain_tau0.001": -0.05440084868999223,
   "acc_tau0.001": 0.939595639705658,
   "model_er_tau1.0": 0.4078535319646714,
   "gain_tau1.0": -0.09808396803532865,
   "acc_tau1.0": 0.8908789157867432
  },
  {
   "n": 3637,
   "expert_er": 0.5845477041517735,
   "mixture_argmax_er": 0.5845477041517735,
   "model_er_tau0.001": 0.5095066599485986,
   "gain_tau0.001": -0.07504104420317492,
   "acc_tau0.001": 0.919047474861145,
   "model_er_tau1.0": 0.4564907648080178,
   "gain_tau1.0": -0.12805693934375567,
   "acc_tau1.0": 0.8484137058258057
  }
 ]
}
own-play tau=0.001: {"win": 113, "draw": 0, "loss": 187, "illegal": 37} score=0.377
own-play tau=1.0: {"win": 52, "draw": 0, "loss": 248, "illegal": 6} score=0.173
wrote results/comp_q1.0_n8_fa0.5_mid/seed1/decompose.json
