indexing training positions ...
  540298 distinct training positions
{
 "all": {
  "n": 43803,
  "expert_er": 0.4631320098753835,
  "mixture_argmax_er": 0.5397347213661164,
  "model_er_tau0.001": 0.4980248532214012,
  "gain_tau0.001": 0.03489284334601772,
  "acc_tau0.001": 0.9426318407058716,
  "model_er_tau1.0": 0.4258570645351878,
  "gain_tau1.0": -0.03727494534019571,
  "acc_tau1.0": 0.8496171832084656
 },
 "seen": {
  "n": 25303,
  "expert_er": 0.42248801666657254,
  "mixture_argmax_er": 0.5516341935738845,
  "model_er_tau0.001": 0.5344354266797814,
  "gain_tau0.001": 0.11194741001320885,
  "acc_tau0.001": 0.9737157821655273,
  "model_er_tau1.0": 0.44773253217719433,
  "gain_tau1.0": 0.02524451551062179,
  "acc_tau1.0": 0.8619659543037415
 },
 "unseen": {
  "n": 18500,
  "expert_er": 0.5187220077220076,
  "mixture_argmax_er": 0.5234594594594595,
  "model_er_tau0.001": 0.44822502942586634,
  "gain_tau0.001": -0.07049697829614127,
  "acc_tau0.001": 0.9001175165176392,
  "model_er_tau1.0": 0.3959373370894747,
  "gain_tau1.0": -0.1227846706325329,
  "acc_tau1.0": 0.8327274918556213
 },
 "seen_frac_by_phase": [
  0.9791108506363028,
  0.1384547977216299,
  0.0028934254942935217
 ],
 "unseen_by_phase": [
  {
   "n": 499,
   "expert_er": 0.4997137131405668,
   "mixture_argmax_er": 0.6753507014028056,
   "model_er_tau0.001": 0.536175878692811,
   "gain_tau0.001": 0.03646216555224424,
   "acc_tau0.001": 0.8177928328514099,
   "model_er_tau1.0": 0.3668535941379343,
   "gain_tau1.0": -0.1328601190026325,
   "acc_tau1.0": 0.6236139535903931
  },
  {
   "n": 11798,
   "expert_er": 0.5131378199694864,
   "mixture_argmax_er": 0.5131378199694864,
   "model_er_tau0.001": 0.43879930233816683,
   "gain_tau0.001": -0.07433851763131955,
   "acc_tau0.001": 0.9043183922767639,
   "model_er_tau1.0": 0.3912585748684178,
   "gain_tau1.0": -0.12187924510106857,
   "acc_tau1.0": 0.847856879234314
  },
  {
   "n": 6203,
   "expert_er": 0.5308721586329196,
   "mixture_argmax_er": 0.5308721586329196,
   "model_er_tau0.001": 0.4590773999556863,
   "gain_tau0.001": -0.07179475867723328,
   "acc_tau0.001": 0.8987503051757812,
   "model_er_tau1.0": 0.40717590301190704,
   "gain_tau1.0": -0.12369625562101255,
   "acc_tau1.0": 0.8207737803459167
  }
 ]
}
own-play tau=0.001: {"win": 119, "draw": 0, "loss": 181, "illegal": 30} score=0.397
own-play tau=1.0: {"win": 40, "draw": 0, "loss": 260, "illegal": 7} score=0.133
wrote results/comp_q0.5_n8_fa0.5/seed2/decompose.json
