indexing training positions ...
  3371447 distinct training positions
{
 "all": {
  "n": 61419,
  "expert_er": 0.4611873768703495,
  "mixture_argmax_er": 0.516639802015663,
  "model_er_tau0.001": 0.4965348926192499,
  "gain_tau0.001": 0.03534751574890038,
  "acc_tau0.001": 0.8882157206535339,
  "model_er_tau1.0": 0.39074178341599386,
  "gain_tau1.0": -0.07044559345435564,
  "acc_tau1.0": 0.7582137584686279
 },
 "seen": {
  "n": 32571,
  "expert_er": 0.4481439010162414,
  "mixture_argmax_er": 0.5147216849344509,
  "model_er_tau0.001": 0.5184438461828712,
  "gain_tau0.001": 0.0702999451666298,
  "acc_tau0.001": 0.915355920791626,
  "model_er_tau1.0": 0.4046687922630016,
  "gain_tau1.0": -0.04347510875323979,
  "acc_tau1.0": 0.7663650512695312
 },
 "unseen": {
  "n": 28848,
  "expert_er": 0.47591418815862446,
  "mixture_argmax_er": 0.5188054631170271,
  "model_er_tau0.001": 0.47179846283137183,
  "gain_tau0.001": -0.004115725327252628,
  "acc_tau0.001": 0.8575727939605713,
  "model_er_tau1.0": 0.375017414130224,
  "gain_tau1.0": -0.10089677402840047,
  "acc_tau1.0": 0.7490105628967285
 },
 "seen_frac_by_phase": [
  0.9957386363636364,
  0.3102297340482193,
  0.0
 ],
 "unseen_by_phase": [
  {
   "n": 102,
   "expert_er": 0.567279411764706,
   "mixture_argmax_er": 0.7156862745098039,
   "model_er_tau0.001": 0.5833405327841868,
   "gain_tau0.001": 0.016061121019480873,
   "acc_tau0.001": 0.7843208909034729,
   "model_er_tau1.0": 0.3573300877914709,
   "gain_tau1.0": -0.20994932397323507,
   "acc_tau1.0": 0.5331952571868896
  },
  {
   "n": 19426,
   "expert_er": 0.46866068670853495,
   "mixture_argmax_er": 0.5105528672912591,
   "model_er_tau0.001": 0.47356805804379903,
   "gain_tau0.001": 0.004907371335264088,
   "acc_tau0.001": 0.8676720261573792,
   "model_er_tau1.0": 0.3682796888183436,
   "gain_tau1.0": -0.10038099789019134,
   "acc_tau1.0": 0.749971866607666
  },
  {
   "n": 9320,
   "expert_er": 0.4900329935622318,
   "mixture_argmax_er": 0.5338519313304722,
   "model_er_tau0.001": 0.46688929461980544,
   "gain_tau0.001": -0.02314369894242635,
   "acc_tau0.001": 0.8373242020606995,
   "model_er_tau1.0": 0.3892546629709044,
   "gain_tau1.0": -0.1007783305913274,
   "acc_tau1.0": 0.7493686676025391
  }
 ]
}
own-play tau=0.001: {"win": 138, "draw": 0, "loss": 62, "illegal": 15} score=0.690
own-play tau=1.0: {"win": 58, "draw": 0, "loss": 142, "illegal": 2} score=0.290
wrote results/iid_rho0.3_pi0.0_x4_steps1600/seed0/decompose.json
