indexing training positions ...
  520473 distinct training positions
{
 "all": {
  "n": 47293,
  "expert_er": 0.5203307043325651,
  "mixture_argmax_er": 0.5203307043325651,
  "model_er_tau0.001": 0.5026317755489935,
  "gain_tau0.001": -0.0176989287835716,
  "acc_tau0.001": 0.9799078106880188,
  "model_er_tau1.0": 0.4786664580980083,
  "gain_tau1.0": -0.041664246234556834,
  "acc_tau1.0": 0.952026903629303
 },
 "seen": {
  "n": 31237,
  "expert_er": 0.5230976086051797,
  "mixture_argmax_er": 0.5230976086051797,
  "model_er_tau0.001": 0.5183493884681816,
  "gain_tau0.001": -0.00474822013699816,
  "acc_tau0.001": 0.9936942458152771,
  "model_er_tau1.0": 0.5044297330121891,
  "gain_tau1.0": -0.018667875592990657,
  "acc_tau1.0": 0.9767374396324158
 },
 "unseen": {
  "n": 16056,
  "expert_er": 0.5149476831091181,
  "mixture_argmax_er": 0.5149476831091181,
  "model_er_tau0.001": 0.47205310871063544,
  "gain_tau0.001": -0.042894574398482654,
  "acc_tau0.001": 0.9530865550041199,
  "model_er_tau1.0": 0.42854392331386115,
  "gain_tau1.0": -0.08640375979525694,
  "acc_tau1.0": 0.9039525985717773
 },
 "seen_frac_by_phase": [
  0.9995387067013336,
  0.37261515227787567,
  0.0
 ],
 "unseen_by_phase": [
  {
   "n": 11,
   "expert_er": 0.0,
   "mixture_argmax_er": 0.0,
   "model_er_tau0.001": 0.0,
   "gain_tau0.001": 0.0,
   "acc_tau0.001": 1.0,
   "model_er_tau1.0": 0.0,
   "gain_tau1.0": 0.0,
   "acc_tau1.0": 1.0
  },
  {
   "n": 12463,
   "expert_er": 0.4957072935890235,
   "mixture_argmax_er": 0.4957072935890235,
   "model_er_tau0.001": 0.46023608818728384,
   "gain_tau0.001": -0.03547120540173965,
   "acc_tau0.001": 0.96080082654953,
   "model_er_tau1.0": 0.4176865434069582,
   "gain_tau1.0": -0.07802075018206528,
   "acc_tau1.0": 0.9128697514533997
  },
  {
   "n": 3582,
   "expert_er": 0.5834729201563372,
   "mixture_argmax_er": 0.5834729201563372,
   "model_er_tau0.001": 0.5146181871523853,
   "gain_tau0.001": -0.06885473300395195,
   "acc_tau0.001": 0.9261018633842468,
   "model_er_tau1.0": 0.4676364718722598,
   "gain_tau1.0": -0.11583644828407741,
   "acc_tau1.0": 0.8726316690444946
  }
 ]
}
own-play tau=0.001: {"win": 129, "draw": 0, "loss": 171, "illegal": 14} score=0.430
own-play tau=1.0: {"win": 72, "draw": 0, "loss": 228, "illegal": 5} score=0.240
wrote results/comp_q1.0_n14_fa0.5/seed2/decompose.json
