indexing training positions ...
  678395 distinct training positions
{
 "all": {
  "n": 54345,
  "expert_er": 0.33846413346827364,
  "mixture_argmax_er": 0.2949213359094673,
  "model_er_tau0.001": 0.40479938573133967,
  "gain_tau0.001": 0.06633525226306602,
  "acc_tau0.001": 0.7508489489555359,
  "model_er_tau1.0": 0.3694711754244486,
  "gain_tau1.0": 0.03100704195617493,
  "acc_tau1.0": 0.7088058590888977
 },
 "seen": {
  "n": 32714,
  "expert_er": 0.25713506959303867,
  "mixture_argmax_er": 0.1882985877605918,
  "model_er_tau0.001": 0.38225986873048085,
  "gain_tau0.001": 0.12512479913744218,
  "acc_tau0.001": 0.6691832542419434,
  "model_er_tau1.0": 0.36075677120160254,
  "gain_tau1.0": 0.10362170160856388,
  "acc_tau1.0": 0.6428881287574768
 },
 "unseen": {
  "n": 21631,
  "expert_er": 0.4614634860462608,
  "mixture_argmax_er": 0.45617400952336923,
  "model_er_tau0.001": 0.4388873964181361,
  "gain_tau0.001": -0.022576089628124685,
  "acc_tau0.001": 0.8743574619293213,
  "model_er_tau1.0": 0.382650548534623,
  "gain_tau1.0": -0.07881293751163782,
  "acc_tau1.0": 0.8084976673126221
 },
 "seen_frac_by_phase": [
  0.9987877267786974,
  0.3870598591549296,
  0.003505127872257562
 ],
 "unseen_by_phase": [
  {
   "n": 29,
   "expert_er": 0.07758620689655173,
   "mixture_argmax_er": 0.05172413793103448,
   "model_er_tau0.001": 0.03541005735864904,
   "gain_tau0.001": -0.042176149537902684,
   "acc_tau0.001": 0.8629962801933289,
   "model_er_tau1.0": 0.07508354694255104,
   "gain_tau1.0": -0.0025026599540006883,
   "acc_tau1.0": 0.9025408029556274
  },
  {
   "n": 13926,
   "expert_er": 0.419981808607401,
   "mixture_argmax_er": 0.41181961798075545,
   "model_er_tau0.001": 0.4257288936654359,
   "gain_tau0.001": 0.005747085058034951,
   "acc_tau0.001": 0.8590729832649231,
   "model_er_tau1.0": 0.36706826804621745,
   "gain_tau1.0": -0.052913540561183525,
   "acc_tau1.0": 0.7929595708847046
  },
  {
   "n": 7676,
   "expert_er": 0.5381709223553934,
   "mixture_argmax_er": 0.5381709223553934,
   "model_er_tau0.001": 0.4642842375029236,
   "gain_tau0.001": -0.07388668485246985,
   "acc_tau0.001": 0.9021298885345459,
   "model_er_tau1.0": 0.41208232043765924,
   "gain_tau1.0": -0.1260886019177342,
   "acc_tau1.0": 0.8363320231437683
  }
 ]
}
own-play tau=0.001: {"win": 122, "draw": 1, "loss": 177, "illegal": 24} score=0.408
own-play tau=1.0: {"win": 29, "draw": 0, "loss": 271, "illegal": 3} score=0.097
wrote results/comp_edges_n14_fa0.5/seed0/decompose.json
