indexing training positions ...
  541919 distinct training positions
{
 "all": {
  "n": 47267,
  "expert_er": 0.3707431541385463,
  "mixture_argmax_er": 0.3289927433515984,
  "model_er_tau0.001": 0.4030068104396034,
  "gain_tau0.001": 0.0322636563010571,
  "acc_tau0.001": 0.7632151246070862,
  "model_er_tau1.0": 0.348116117817801,
  "gain_tau1.0": -0.02262703632074531,
  "acc_tau1.0": 0.6893376111984253
 },
 "seen": {
  "n": 29619,
  "expert_er": 0.2808852988509628,
  "mixture_argmax_er": 0.2142543637529964,
  "model_er_tau0.001": 0.38466203416098277,
  "gain_tau0.001": 0.10377673531001996,
  "acc_tau0.001": 0.6963829398155212,
  "model_er_tau1.0": 0.3354705469771365,
  "gain_tau1.0": 0.05458524812617371,
  "acc_tau1.0": 0.6332484483718872
 },
 "unseen": {
  "n": 17648,
  "expert_er": 0.5215534338168631,
  "mixture_argmax_er": 0.5215605167724388,
  "model_er_tau0.001": 0.43379522434466145,
  "gain_tau0.001": -0.0877582094722017,
  "acc_tau0.001": 0.8753810524940491,
  "model_er_tau1.0": 0.3693394384620463,
  "gain_tau1.0": -0.15221399535481683,
  "acc_tau1.0": 0.7834732532501221
 },
 "seen_frac_by_phase": [
  0.9985367892976589,
  0.3708512706568532,
  0.043935159306875346
 ],
 "unseen_by_phase": [
  {
   "n": 35,
   "expert_er": 0.010714285714285714,
   "mixture_argmax_er": 0.014285714285714285,
   "model_er_tau0.001": 0.02857142857142857,
   "gain_tau0.001": 0.017857142857142856,
   "acc_tau0.001": 0.8857142925262451,
   "model_er_tau1.0": 0.011328219004540837,
   "gain_tau1.0": 0.0006139332902551226,
   "acc_tau1.0": 0.8926692605018616
  },
  {
   "n": 9061,
   "expert_er": 0.5195342677408674,
   "mixture_argmax_er": 0.5195342677408674,
   "model_er_tau0.001": 0.4306112513129648,
   "gain_tau0.001": -0.08892301642790262,
   "acc_tau0.001": 0.8872236013412476,
   "model_er_tau1.0": 0.3646542627271686,
   "gain_tau1.0": -0.1548800050136988,
   "acc_tau1.0": 0.8080018758773804
  },
  {
   "n": 8552,
   "expert_er": 0.5257834424695977,
   "mixture_argmax_er": 0.5257834424695977,
   "model_er_tau0.001": 0.4388271247764044,
   "gain_tau0.001": -0.08695631769319334,
   "acc_tau0.001": 0.8627913594245911,
   "model_er_tau1.0": 0.37576866788378854,
   "gain_tau1.0": -0.1500147745858092,
   "acc_tau1.0": 0.7570378184318542
  }
 ]
}
own-play tau=0.001: {"win": 65, "draw": 1, "loss": 234, "illegal": 37} score=0.218
own-play tau=1.0: {"win": 14, "draw": 0, "loss": 286, "illegal": 3} score=0.047
wrote results/comp_edges_n8_fa0.5_small/seed0/decompose.json
