indexing training positions ...
  678395 distinct training positions
{
 "all": {
  "n": 54345,
  "expert_er": 0.33846413346827364,
  "mixture_argmax_er": 0.2949213359094673,
  "model_er_tau0.001": 0.40318480788680505,
  "gain_tau0.001": 0.06472067441853141,
  "acc_tau0.001": 0.7504948377609253,
  "model_er_tau1.0": 0.3710707487142789,
  "gain_tau1.0": 0.03260661524600528,
  "acc_tau1.0": 0.710369884967804
 },
 "seen": {
  "n": 32714,
  "expert_er": 0.25713506959303867,
  "mixture_argmax_er": 0.1882985877605918,
  "model_er_tau0.001": 0.38167284167299764,
  "gain_tau0.001": 0.12453777207995897,
  "acc_tau0.001": 0.6709802746772766,
  "model_er_tau1.0": 0.3637061292903685,
  "gain_tau1.0": 0.10657105969732983,
  "acc_tau1.0": 0.6457708477973938
 },
 "unseen": {
  "n": 21631,
  "expert_er": 0.4614634860462608,
  "mixture_argmax_er": 0.45617400952336923,
  "model_er_tau0.001": 0.43571878517488666,
  "gain_tau0.001": -0.02574470087137415,
  "acc_tau0.001": 0.8707498908042908,
  "model_er_tau1.0": 0.38220875249745134,
  "gain_tau1.0": -0.07925473354880946,
  "acc_tau1.0": 0.8080671429634094
 },
 "seen_frac_by_phase": [
  0.9987877267786974,
  0.3870598591549296,
  0.003505127872257562
 ],
 "unseen_by_phase": [
  {
   "n": 29,
   "expert_er": 0.07758620689655173,
   "mixture_argmax_er": 0.05172413793103448,
   "model_er_tau0.001": 0.06896551725061992,
   "gain_tau0.001": -0.008620689645931809,
   "acc_tau0.001": 0.8965517282485962,
   "model_er_tau1.0": 0.07476133168084148,
   "gain_tau1.0": -0.002824875215710246,
   "acc_tau1.0": 0.9022234678268433
  },
  {
   "n": 13926,
   "expert_er": 0.419981808607401,
   "mixture_argmax_er": 0.41181961798075545,
   "model_er_tau0.001": 0.4238155886724299,
   "gain_tau0.001": 0.0038337800650289355,
   "acc_tau0.001": 0.8569581508636475,
   "model_er_tau1.0": 0.3671068048910516,
   "gain_tau1.0": -0.0528750037163494,
   "acc_tau1.0": 0.7929982542991638
  },
  {
   "n": 7676,
   "expert_er": 0.5381709223553934,
   "mixture_argmax_er": 0.5381709223553934,
   "model_er_tau0.001": 0.458699472937135,
   "gain_tau0.001": -0.07947144941825846,
   "acc_tau0.001": 0.8956736326217651,
   "model_er_tau1.0": 0.4107686401434134,
   "gain_tau1.0": -0.12740228221198002,
   "acc_tau1.0": 0.8350498676300049
  }
 ]
}
own-play tau=0.001: {"win": 118, "draw": 0, "loss": 182, "illegal": 14} score=0.393
own-play tau=1.0: {"win": 36, "draw": 0, "loss": 264, "illegal": 4} score=0.120
wrote results/comp_edges_n14_fa0.5/seed1/decompose.json
