indexing training positions ...
  384667 distinct training positions
{
 "all": {
  "n": 40149,
  "expert_er": 0.5198635084310942,
  "mixture_argmax_er": 0.5198635084310942,
  "model_er_tau0.001": 0.4889723384329601,
  "gain_tau0.001": -0.03089116999813407,
  "acc_tau0.001": 0.9647964835166931,
  "model_er_tau1.0": 0.45584640206524607,
  "gain_tau1.0": -0.06401710636584812,
  "acc_tau1.0": 0.9225581884384155
 },
 "seen": {
  "n": 26899,
  "expert_er": 0.5163388973567791,
  "mixture_argmax_er": 0.5163388973567791,
  "model_er_tau0.001": 0.5058777033208903,
  "gain_tau0.001": -0.010461194035888743,
  "acc_tau0.001": 0.987305760383606,
  "model_er_tau1.0": 0.4820695481899912,
  "gain_tau1.0": -0.034269349166787866,
  "acc_tau1.0": 0.9577613472938538
 },
 "unseen": {
  "n": 13250,
  "expert_er": 0.5270188679245283,
  "mixture_argmax_er": 0.5270188679245283,
  "model_er_tau0.001": 0.4546525338955689,
  "gain_tau0.001": -0.07236633402895942,
  "acc_tau0.001": 0.919100284576416,
  "model_er_tau1.0": 0.40261044677396146,
  "gain_tau1.0": -0.12440842115056688,
  "acc_tau1.0": 0.8510919809341431
 },
 "seen_frac_by_phase": [
  0.9994550865574046,
  0.24140655867246147,
  0.0
 ],
 "unseen_by_phase": [
  {
   "n": 13,
   "expert_er": 0.0,
   "mixture_argmax_er": 0.0,
   "model_er_tau0.001": 0.0,
   "gain_tau0.001": 0.0,
   "acc_tau0.001": 1.0,
   "model_er_tau1.0": 0.0,
   "gain_tau1.0": 0.0,
   "acc_tau1.0": 1.0
  },
  {
   "n": 9600,
   "expert_er": 0.5059375,
   "mixture_argmax_er": 0.5059375,
   "model_er_tau0.001": 0.44038271498004067,
   "gain_tau0.001": -0.06555478501995937,
   "acc_tau0.001": 0.9262686967849731,
   "model_er_tau1.0": 0.3951786100518075,
   "gain_tau1.0": -0.11075888994819255,
   "acc_tau1.0": 0.8743664622306824
  },
  {
   "n": 3637,
   "expert_er": 0.5845477041517735,
   "mixture_argmax_er": 0.5845477041517735,
   "model_er_tau0.001": 0.49394336274619144,
   "gain_tau0.001": -0.09060434140558205,
   "acc_tau0.001": 0.8998897671699524,
   "model_er_tau1.0": 0.4236661433207692,
   "gain_tau1.0": -0.1608815608310043,
   "acc_tau1.0": 0.7891256809234619
  }
 ]
}
own-play tau=0.001: {"win": 92, "draw": 0, "loss": 208, "illegal": 56} score=0.307
own-play tau=1.0: {"win": 46, "draw": 0, "loss": 254, "illegal": 4} score=0.153
wrote results/comp_q1.0_n8_fa0.5_small/seed0/decompose.json
