indexing training positions ...
  384667 distinct training positions
{
 "all": {
  "n": 40149,
  "expert_er": 0.5198635084310942,
  "mixture_argmax_er": 0.5198635084310942,
  "model_er_tau0.001": 0.4868700521362814,
  "gain_tau0.001": -0.03299345629481282,
  "acc_tau0.001": 0.9629325866699219,
  "model_er_tau1.0": 0.4563604153130708,
  "gain_tau1.0": -0.06350309311802338,
  "acc_tau1.0": 0.9234346151351929
 },
 "seen": {
  "n": 26899,
  "expert_er": 0.5163388973567791,
  "mixture_argmax_er": 0.5163388973567791,
  "model_er_tau0.001": 0.5054442847897959,
  "gain_tau0.001": -0.010894612566983208,
  "acc_tau0.001": 0.9864126443862915,
  "model_er_tau1.0": 0.48300626657055123,
  "gain_tau1.0": -0.033332630786227835,
  "acc_tau1.0": 0.9588229656219482
 },
 "unseen": {
  "n": 13250,
  "expert_er": 0.5270188679245283,
  "mixture_argmax_er": 0.5270188679245283,
  "model_er_tau0.001": 0.44916225710632773,
  "gain_tau0.001": -0.07785661081820061,
  "acc_tau0.001": 0.9152653813362122,
  "model_er_tau1.0": 0.4022663207489224,
  "gain_tau1.0": -0.12475254717560597,
  "acc_tau1.0": 0.8515921235084534
 },
 "seen_frac_by_phase": [
  0.9994550865574046,
  0.24140655867246147,
  0.0
 ],
 "unseen_by_phase": [
  {
   "n": 13,
   "expert_er": 0.0,
   "mixture_argmax_er": 0.0,
   "model_er_tau0.001": 0.0,
   "gain_tau0.001": 0.0,
   "acc_tau0.001": 1.0,
   "model_er_tau1.0": 0.0,
   "gain_tau1.0": 0.0,
   "acc_tau1.0": 1.0
  },
  {
   "n": 9600,
   "expert_er": 0.5059375,
   "mixture_argmax_er": 0.5059375,
   "model_er_tau0.001": 0.43846713057031156,
   "gain_tau0.001": -0.06747036942968848,
   "acc_tau0.001": 0.9258013963699341,
   "model_er_tau1.0": 0.3952605486436126,
   "gain_tau1.0": -0.11067695135638744,
   "acc_tau1.0": 0.8750324249267578
  },
  {
   "n": 3637,
   "expert_er": 0.5845477041517735,
   "mixture_argmax_er": 0.5845477041517735,
   "model_er_tau0.001": 0.4789979249886859,
   "gain_tau0.001": -0.10554977916308761,
   "acc_tau0.001": 0.8871526122093201,
   "model_er_tau1.0": 0.4221961734793898,
   "gain_tau1.0": -0.16235153067238367,
   "acc_tau1.0": 0.7891901135444641
  }
 ]
}
own-play tau=0.001: {"win": 76, "draw": 1, "loss": 223, "illegal": 55} score=0.255
own-play tau=1.0: {"win": 50, "draw": 0, "loss": 250, "illegal": 2} score=0.167
wrote results/comp_q1.0_n8_fa0.5_small/seed1/decompose.json
