indexing training positions ...
  153293 distinct training positions
{
 "all": {
  "n": 47267,
  "expert_er": 0.3707431541385463,
  "mixture_argmax_er": 0.3289927433515984,
  "model_er_tau0.001": 0.4091672272018652,
  "gain_tau0.001": 0.03842407306331891,
  "acc_tau0.001": 0.7626909613609314,
  "model_er_tau1.0": 0.36914940239312666,
  "gain_tau1.0": -0.001593751745419647,
  "acc_tau1.0": 0.7189719080924988
 },
 "seen": {
  "n": 26941,
  "expert_er": 0.2617386140083887,
  "mixture_argmax_er": 0.18863442336958539,
  "model_er_tau0.001": 0.4277774800381015,
  "gain_tau0.001": 0.1660388660297128,
  "acc_tau0.001": 0.7314642071723938,
  "model_er_tau1.0": 0.3633392700009498,
  "gain_tau1.0": 0.10160065599256107,
  "acc_tau1.0": 0.6626010537147522
 },
 "unseen": {
  "n": 20326,
  "expert_er": 0.5152227032700318,
  "mixture_argmax_er": 0.5150300108235757,
  "model_er_tau0.001": 0.3845003561174885,
  "gain_tau0.001": -0.13072234715254333,
  "acc_tau0.001": 0.8040801882743835,
  "model_er_tau1.0": 0.37685041473090286,
  "gain_tau1.0": -0.13837228853912897,
  "acc_tau1.0": 0.7936885356903076
 },
 "seen_frac_by_phase": [
  0.9846153846153847,
  0.22531592834328565,
  0.016098378982671885
 ],
 "unseen_by_phase": [
  {
   "n": 368,
   "expert_er": 0.17368659420289853,
   "mixture_argmax_er": 0.16304347826086957,
   "model_er_tau0.001": 0.19701086953413888,
   "gain_tau0.001": 0.023324275331240346,
   "acc_tau0.001": 0.7744565010070801,
   "model_er_tau1.0": 0.18730473915840537,
   "gain_tau1.0": 0.013618144955506839,
   "acc_tau1.0": 0.7631500363349915
  },
  {
   "n": 11157,
   "expert_er": 0.5187326342206686,
   "mixture_argmax_er": 0.5187326342206686,
   "model_er_tau0.001": 0.3875864907451767,
   "gain_tau0.001": -0.13114614347549192,
   "acc_tau0.001": 0.8245667815208435,
   "model_er_tau1.0": 0.37700991606028905,
   "gain_tau1.0": -0.14172271816037957,
   "acc_tau1.0": 0.8114614486694336
  },
  {
   "n": 8801,
   "expert_er": 0.5250539711396432,
   "mixture_argmax_er": 0.5250539711396432,
   "model_er_tau0.001": 0.3884276515409126,
   "gain_tau0.001": -0.13662631959873067,
   "acc_tau0.001": 0.7793480157852173,
   "model_er_tau1.0": 0.3845737702903526,
   "gain_tau1.0": -0.14048020084929064,
   "acc_tau1.0": 0.7724347710609436
  }
 ]
}
own-play tau=0.001: {"win": 56, "draw": 0, "loss": 244, "illegal": 32} score=0.187
own-play tau=1.0: {"win": 22, "draw": 0, "loss": 278, "illegal": 24} score=0.073
wrote results/comp_edges_n8_fa0.5_20k/seed0/decompose.json
