indexing training positions ...
  153293 distinct training positions
{
 "all": {
  "n": 47267,
  "expert_er": 0.3707431541385463,
  "mixture_argmax_er": 0.3289927433515984,
  "model_er_tau0.001": 0.40632453396697615,
  "gain_tau0.001": 0.03558137982842985,
  "acc_tau0.001": 0.7582396864891052,
  "model_er_tau1.0": 0.3693336021991714,
  "gain_tau1.0": -0.00140955193937492,
  "acc_tau1.0": 0.7189886569976807
 },
 "seen": {
  "n": 26941,
  "expert_er": 0.2617386140083887,
  "mixture_argmax_er": 0.18863442336958539,
  "model_er_tau0.001": 0.4224467328581336,
  "gain_tau0.001": 0.1607081188497449,
  "acc_tau0.001": 0.7232668399810791,
  "model_er_tau1.0": 0.36322489999275737,
  "gain_tau1.0": 0.10148628598436865,
  "acc_tau1.0": 0.6617906093597412
 },
 "unseen": {
  "n": 20326,
  "expert_er": 0.5152227032700318,
  "mixture_argmax_er": 0.5150300108235757,
  "model_er_tau0.001": 0.3849554421473033,
  "gain_tau0.001": -0.13026726112272852,
  "acc_tau0.001": 0.804594099521637,
  "model_er_tau1.0": 0.3774303524767961,
  "gain_tau1.0": -0.1377923507932357,
  "acc_tau1.0": 0.7948014736175537
 },
 "seen_frac_by_phase": [
  0.9846153846153847,
  0.22531592834328565,
  0.016098378982671885
 ],
 "unseen_by_phase": [
  {
   "n": 368,
   "expert_er": 0.17368659420289853,
   "mixture_argmax_er": 0.16304347826086957,
   "model_er_tau0.001": 0.1956907758193343,
   "gain_tau0.001": 0.022004181616435775,
   "acc_tau0.001": 0.7636298537254333,
   "model_er_tau1.0": 0.18669396528585108,
   "gain_tau1.0": 0.013007371082952551,
   "acc_tau1.0": 0.7613040804862976
  },
  {
   "n": 11157,
   "expert_er": 0.5187326342206686,
   "mixture_argmax_er": 0.5187326342206686,
   "model_er_tau0.001": 0.38818251653725233,
   "gain_tau0.001": -0.1305501176834163,
   "acc_tau0.001": 0.8247638940811157,
   "model_er_tau1.0": 0.37785601013756914,
   "gain_tau1.0": -0.14087662408309948,
   "acc_tau1.0": 0.8125914931297302
  },
  {
   "n": 8801,
   "expert_er": 0.5250539711396432,
   "mixture_argmax_er": 0.5250539711396432,
   "model_er_tau0.001": 0.38877829503220634,
   "gain_tau0.001": -0.1362756761074369,
   "acc_tau0.001": 0.7807379364967346,
   "model_er_tau1.0": 0.38486609022989504,
   "gain_tau1.0": -0.1401878809097482,
   "acc_tau1.0": 0.7736499309539795
  }
 ]
}
own-play tau=0.001: {"win": 59, "draw": 0, "loss": 241, "illegal": 48} score=0.197
own-play tau=1.0: {"win": 45, "draw": 0, "loss": 255, "illegal": 32} score=0.150
wrote results/comp_edges_n8_fa0.5_20k/seed1/decompose.json
