indexing training positions ...
  541919 distinct training positions
{
 "all": {
  "n": 47267,
  "expert_er": 0.3707431541385463,
  "mixture_argmax_er": 0.3289927433515984,
  "model_er_tau0.001": 0.41116753131591727,
  "gain_tau0.001": 0.04042437717737096,
  "acc_tau0.001": 0.7755118012428284,
  "model_er_tau1.0": 0.36003522245311,
  "gain_tau1.0": -0.010707931685436323,
  "acc_tau1.0": 0.7062568664550781
 },
 "seen": {
  "n": 29619,
  "expert_er": 0.2808852988509628,
  "mixture_argmax_er": 0.2142543637529964,
  "model_er_tau0.001": 0.39207454892810745,
  "gain_tau0.001": 0.11118925007714464,
  "acc_tau0.001": 0.7088842988014221,
  "model_er_tau1.0": 0.3463393278465611,
  "gain_tau1.0": 0.06545402899559827,
  "acc_tau1.0": 0.6478694677352905
 },
 "unseen": {
  "n": 17648,
  "expert_er": 0.5215534338168631,
  "mixture_argmax_er": 0.5215605167724388,
  "model_er_tau0.001": 0.4432116748644519,
  "gain_tau0.001": -0.07834175895241124,
  "acc_tau0.001": 0.8873342275619507,
  "model_er_tau1.0": 0.38302132299432556,
  "gain_tau1.0": -0.13853211082253758,
  "acc_tau1.0": 0.8042495250701904
 },
 "seen_frac_by_phase": [
  0.9985367892976589,
  0.3708512706568532,
  0.043935159306875346
 ],
 "unseen_by_phase": [
  {
   "n": 35,
   "expert_er": 0.010714285714285714,
   "mixture_argmax_er": 0.014285714285714285,
   "model_er_tau0.001": 0.014285705770765033,
   "gain_tau0.001": 0.0035714200564793182,
   "acc_tau0.001": 0.9142857193946838,
   "model_er_tau1.0": 0.010790946570757244,
   "gain_tau1.0": 7.666085647153008e-05,
   "acc_tau1.0": 0.8931155800819397
  },
  {
   "n": 9061,
   "expert_er": 0.5195342677408674,
   "mixture_argmax_er": 0.5195342677408674,
   "model_er_tau0.001": 0.4430922460194176,
   "gain_tau0.001": -0.07644202172144982,
   "acc_tau0.001": 0.9009868502616882,
   "model_er_tau1.0": 0.37837037699273146,
   "gain_tau1.0": -0.14116389074813596,
   "acc_tau1.0": 0.8249850869178772
  },
  {
   "n": 8552,
   "expert_er": 0.5257834424695977,
   "mixture_argmax_er": 0.5257834424695977,
   "model_er_tau0.001": 0.44509363857856965,
   "gain_tau0.001": -0.08068980389102809,
   "acc_tau0.001": 0.8727587461471558,
   "model_er_tau1.0": 0.38947247885205116,
   "gain_tau1.0": -0.13631096361754658,
   "acc_tau1.0": 0.781916081905365
  }
 ]
}
own-play tau=0.001: {"win": 101, "draw": 1, "loss": 198, "illegal": 23} score=0.338
own-play tau=1.0: {"win": 34, "draw": 0, "loss": 266, "illegal": 6} score=0.113
wrote results/comp_edges_n8_fa0.5_mid/seed0/decompose.json
