indexing training positions ...
  941589 distinct training positions
{
 "all": {
  "n": 61419,
  "expert_er": 0.4611873768703495,
  "mixture_argmax_er": 0.516639802015663,
  "model_er_tau0.001": 0.5041361431921577,
  "gain_tau0.001": 0.04294876632180822,
  "acc_tau0.001": 0.8958462476730347,
  "model_er_tau1.0": 0.3923842420142639,
  "gain_tau1.0": -0.06880313485608558,
  "acc_tau1.0": 0.7602329850196838
 },
 "seen": {
  "n": 28804,
  "expert_er": 0.44725324607693373,
  "mixture_argmax_er": 0.5183307873906402,
  "model_er_tau0.001": 0.5448387294796022,
  "gain_tau0.001": 0.09758548340266848,
  "acc_tau0.001": 0.9425395727157593,
  "model_er_tau1.0": 0.41118858766588406,
  "gain_tau1.0": -0.036064658411049666,
  "acc_tau1.0": 0.7722491025924683
 },
 "unseen": {
  "n": 32615,
  "expert_er": 0.47349333128928406,
  "mixture_argmax_er": 0.5151464050283612,
  "model_er_tau0.001": 0.4681895758021974,
  "gain_tau0.001": -0.00530375548708667,
  "acc_tau0.001": 0.8546091318130493,
  "model_er_tau1.0": 0.375777147973201,
  "gain_tau1.0": -0.09771618331608306,
  "acc_tau1.0": 0.7496207356452942
 },
 "seen_frac_by_phase": [
  0.9839154411764706,
  0.18648581472144302,
  0.00010729613733905579
 ],
 "unseen_by_phase": [
  {
   "n": 385,
   "expert_er": 0.510090909090909,
   "mixture_argmax_er": 0.6025974025974026,
   "model_er_tau0.001": 0.5597436350207741,
   "gain_tau0.001": 0.04965272592986503,
   "acc_tau0.001": 0.8571500182151794,
   "model_er_tau1.0": 0.36649062998786375,
   "gain_tau1.0": -0.1436002791030453,
   "acc_tau1.0": 0.6268746256828308
  },
  {
   "n": 22911,
   "expert_er": 0.46612947928942433,
   "mixture_argmax_er": 0.506045131159705,
   "model_er_tau0.001": 0.46962507322327246,
   "gain_tau0.001": 0.003495593933848129,
   "acc_tau0.001": 0.8645115494728088,
   "model_er_tau1.0": 0.37022502822811226,
   "gain_tau1.0": -0.09590445106131207,
   "acc_tau1.0": 0.7515404224395752
  },
  {
   "n": 9319,
   "expert_er": 0.49008557785170076,
   "mixture_argmax_er": 0.533909217727224,
   "model_er_tau0.001": 0.4608779550045363,
   "gain_tau0.001": -0.02920762284716444,
   "acc_tau0.001": 0.8301586508750916,
   "model_er_tau1.0": 0.38981083451725973,
   "gain_tau1.0": -0.10027474333444103,
   "acc_tau1.0": 0.7499722242355347
  }
 ]
}
own-play tau=0.001: {"win": 142, "draw": 0, "loss": 58, "illegal": 15} score=0.710
own-play tau=1.0: {"win": 55, "draw": 1, "loss": 144, "illegal": 6} score=0.278
wrote results/iid_rho0.3_pi0.0/seed1/decompose.json
