indexing training positions ...
  541919 distinct training positions
{
 "all": {
  "n": 47267,
  "expert_er": 0.3707431541385463,
  "mixture_argmax_er": 0.3289927433515984,
  "model_er_tau0.001": 0.4094440282495533,
  "gain_tau0.001": 0.03870087411100698,
  "acc_tau0.001": 0.7769810557365417,
  "model_er_tau1.0": 0.3707244159450009,
  "gain_tau1.0": -1.8738193545420057e-05,
  "acc_tau1.0": 0.72129887342453
 },
 "seen": {
  "n": 29619,
  "expert_er": 0.2808852988509628,
  "mixture_argmax_er": 0.2142543637529964,
  "model_er_tau0.001": 0.38532389124813915,
  "gain_tau0.001": 0.10443859239717634,
  "acc_tau0.001": 0.7060839533805847,
  "model_er_tau1.0": 0.357009061324843,
  "gain_tau1.0": 0.0761237624738802,
  "acc_tau1.0": 0.6631017327308655
 },
 "unseen": {
  "n": 17648,
  "expert_er": 0.5215534338168631,
  "mixture_argmax_er": 0.5215605167724388,
  "model_er_tau0.001": 0.44992534839035603,
  "gain_tau0.001": -0.07162808542650712,
  "acc_tau0.001": 0.895969033241272,
  "model_er_tau1.0": 0.3937431766257838,
  "gain_tau1.0": -0.12781025719107936,
  "acc_tau1.0": 0.8189721703529358
 },
 "seen_frac_by_phase": [
  0.9985367892976589,
  0.3708512706568532,
  0.043935159306875346
 ],
 "unseen_by_phase": [
  {
   "n": 35,
   "expert_er": 0.010714285714285714,
   "mixture_argmax_er": 0.014285714285714285,
   "model_er_tau0.001": 2.6260786865442532e-27,
   "gain_tau0.001": -0.010714285714285714,
   "acc_tau0.001": 0.8857142925262451,
   "model_er_tau1.0": 0.010421140830398403,
   "gain_tau1.0": -0.00029314488388731096,
   "acc_tau1.0": 0.8926998972892761
  },
  {
   "n": 9061,
   "expert_er": 0.5195342677408674,
   "mixture_argmax_er": 0.5195342677408674,
   "model_er_tau0.001": 0.45422057552895423,
   "gain_tau0.001": -0.06531369221191319,
   "acc_tau0.001": 0.9145202040672302,
   "model_er_tau1.0": 0.39147009508578323,
   "gain_tau1.0": -0.12806417265508419,
   "acc_tau1.0": 0.8401706218719482
  },
  {
   "n": 8552,
   "expert_er": 0.5257834424695977,
   "mixture_argmax_er": 0.5257834424695977,
   "model_er_tau0.001": 0.4472158458284785,
   "gain_tau0.001": -0.07856759664111923,
   "acc_tau0.001": 0.8763557076454163,
   "model_er_tau1.0": 0.397720335546128,
   "gain_tau1.0": -0.12806310692346973,
   "acc_tau1.0": 0.7962102890014648
  }
 ]
}
own-play tau=0.001: {"win": 96, "draw": 0, "loss": 204, "illegal": 8} score=0.320
own-play tau=1.0: {"win": 26, "draw": 0, "loss": 274, "illegal": 10} score=0.087
wrote results/comp_edges_n8_fa0.5/seed0/decompose.json
