indexing training positions ...
  549236 distinct training positions
{
 "all": {
  "n": 44383,
  "expert_er": 0.3796558742461453,
  "mixture_argmax_er": 0.31482774936349506,
  "model_er_tau0.001": 0.45653612517366654,
  "gain_tau0.001": 0.07688025092752127,
  "acc_tau0.001": 0.8253942131996155,
  "model_er_tau1.0": 0.38242539270580517,
  "gain_tau1.0": 0.002769518459659892,
  "acc_tau1.0": 0.7366174459457397
 },
 "seen": {
  "n": 25913,
  "expert_er": 0.2797984280734252,
  "mixture_argmax_er": 0.16966387527495852,
  "model_er_tau0.001": 0.46405572820269486,
  "gain_tau0.001": 0.18425730012926966,
  "acc_tau0.001": 0.7828196883201599,
  "model_er_tau1.0": 0.37871236323648355,
  "gain_tau1.0": 0.09891393516305835,
  "acc_tau1.0": 0.6858717799186707
 },
 "unseen": {
  "n": 18470,
  "expert_er": 0.5197536545749865,
  "mixture_argmax_er": 0.518489442338928,
  "model_er_tau0.001": 0.4459862890452849,
  "gain_tau0.001": -0.07376736552970153,
  "acc_tau0.001": 0.885125458240509,
  "model_er_tau1.0": 0.3876346906288443,
  "gain_tau1.0": -0.13211896394614214,
  "acc_tau1.0": 0.807812511920929
 },
 "seen_frac_by_phase": [
  0.9879654005265137,
  0.16641857695742782,
  0.004846066134549601
 ],
 "unseen_by_phase": [
  {
   "n": 288,
   "expert_er": 0.23732638888888888,
   "mixture_argmax_er": 0.15625,
   "model_er_tau0.001": 0.3016296901971882,
   "gain_tau0.001": 0.06430330130829934,
   "acc_tau0.001": 0.5711251497268677,
   "model_er_tau1.0": 0.2396224433822201,
   "gain_tau1.0": 0.002296054493331229,
   "acc_tau1.0": 0.5051229000091553
  },
  {
   "n": 11200,
   "expert_er": 0.5203125,
   "mixture_argmax_er": 0.5203125,
   "model_er_tau0.001": 0.44284051408148667,
   "gain_tau0.001": -0.07747198591851329,
   "acc_tau0.001": 0.8931187987327576,
   "model_er_tau1.0": 0.38168540840569354,
   "gain_tau1.0": -0.13862709159430642,
   "acc_tau1.0": 0.8184935450553894
  },
  {
   "n": 6982,
   "expert_er": 0.530507018046405,
   "mixture_argmax_er": 0.530507018046405,
   "model_er_tau0.001": 0.4569870596071287,
   "gain_tau0.001": -0.07351995843927628,
   "acc_tau0.001": 0.8852554559707642,
   "model_er_tau1.0": 0.4032834285415221,
   "gain_tau1.0": -0.12722358950488288,
   "acc_tau1.0": 0.8031644821166992
  }
 ]
}
own-play tau=0.001: {"win": 111, "draw": 1, "loss": 188, "illegal": 31} score=0.372
own-play tau=1.0: {"win": 36, "draw": 0, "loss": 264, "illegal": 8} score=0.120
wrote results/comp_nocenter_n8_fa0.5/seed2/decompose.json
