indexing training positions ...
  985036 distinct training positions
{
 "all": {
  "n": 71563,
  "expert_er": 0.4245373540330431,
  "mixture_argmax_er": 0.3831449212581921,
  "model_er_tau0.001": 0.36283330025601745,
  "gain_tau0.001": -0.06170405377702565,
  "acc_tau0.001": 0.6957286596298218,
  "model_er_tau1.0": 0.34545776586232824,
  "gain_tau1.0": -0.07907958817071487,
  "acc_tau1.0": 0.6602414846420288
 },
 "seen": {
  "n": 37171,
  "expert_er": 0.3350775245935452,
  "mixture_argmax_er": 0.25538726426515296,
  "model_er_tau0.001": 0.2720938627955004,
  "gain_tau0.001": -0.06298366179804477,
  "acc_tau0.001": 0.4955964684486389,
  "model_er_tau1.0": 0.28713181462028914,
  "gain_tau1.0": -0.047945709973256034,
  "acc_tau1.0": 0.49234429001808167
 },
 "unseen": {
  "n": 34392,
  "expert_er": 0.5212258664805769,
  "mixture_argmax_er": 0.5212258664805769,
  "model_er_tau0.001": 0.46090481775557773,
  "gain_tau0.001": -0.06032104872499916,
  "acc_tau0.001": 0.9120323061943054,
  "model_er_tau1.0": 0.40849666832853665,
  "gain_tau1.0": -0.11272919815204024,
  "acc_tau1.0": 0.8417053818702698
 },
 "seen_frac_by_phase": [
  1.0,
  0.42048267326732675,
  0.05175210902011681
 ],
 "unseen_by_phase": [
  {
   "n": 0
  },
  {
   "n": 16857,
   "expert_er": 0.5158391172806549,
   "mixture_argmax_er": 0.5158391172806549,
   "model_er_tau0.001": 0.46623602008842707,
   "gain_tau0.001": -0.04960309719222783,
   "acc_tau0.001": 0.935430645942688,
   "model_er_tau1.0": 0.4079939586915638,
   "gain_tau1.0": -0.1078451585890911,
   "acc_tau1.0": 0.8665857315063477
  },
  {
   "n": 17535,
   "expert_er": 0.5264043341887653,
   "mixture_argmax_er": 0.5264043341887653,
   "model_er_tau0.001": 0.45577974916562397,
   "gain_tau0.001": -0.07062458502314134,
   "acc_tau0.001": 0.889538586139679,
   "model_er_tau1.0": 0.408979940432925,
   "gain_tau1.0": -0.1174243937558403,
   "acc_tau1.0": 0.8177871108055115
  }
 ]
}
own-play tau=0.001: {"win": 0, "draw": 0, "loss": 300, "illegal": 35} score=0.000
own-play tau=1.0: {"win": 0, "draw": 0, "loss": 300, "illegal": 16} score=0.000
wrote results/comp_edges_n8_fa0.0/seed0/decompose.json
