indexing training positions ...
  678395 distinct training positions
{
 "all": {
  "n": 54345,
  "expert_er": 0.33846413346827364,
  "mixture_argmax_er": 0.2949213359094673,
  "model_er_tau0.001": 0.396243399410802,
  "gain_tau0.001": 0.05777926594252836,
  "acc_tau0.001": 0.7416828274726868,
  "model_er_tau1.0": 0.3689483232077625,
  "gain_tau1.0": 0.030484189739488854,
  "acc_tau1.0": 0.7081102132797241
 },
 "seen": {
  "n": 32714,
  "expert_er": 0.25713506959303867,
  "mixture_argmax_er": 0.1882985877605918,
  "model_er_tau0.001": 0.37108933060848537,
  "gain_tau0.001": 0.1139542610154467,
  "acc_tau0.001": 0.6575761437416077,
  "model_er_tau1.0": 0.36029174177379203,
  "gain_tau1.0": 0.10315667218075336,
  "acc_tau1.0": 0.6422065496444702
 },
 "unseen": {
  "n": 21631,
  "expert_er": 0.4614634860462608,
  "mixture_argmax_er": 0.45617400952336923,
  "model_er_tau0.001": 0.4342855706834655,
  "gain_tau0.001": -0.02717791536279529,
  "acc_tau0.001": 0.8688828349113464,
  "model_er_tau1.0": 0.3820402470684675,
  "gain_tau1.0": -0.0794232389777933,
  "acc_tau1.0": 0.8077807426452637
 },
 "seen_frac_by_phase": [
  0.9987877267786974,
  0.3870598591549296,
  0.003505127872257562
 ],
 "unseen_by_phase": [
  {
   "n": 29,
   "expert_er": 0.07758620689655173,
   "mixture_argmax_er": 0.05172413793103448,
   "model_er_tau0.001": 0.0517243443942678,
   "gain_tau0.001": -0.02586186250228393,
   "acc_tau0.001": 0.862069308757782,
   "model_er_tau1.0": 0.0745054124748502,
   "gain_tau1.0": -0.0030807944217015326,
   "acc_tau1.0": 0.901822566986084
  },
  {
   "n": 13926,
   "expert_er": 0.419981808607401,
   "mixture_argmax_er": 0.41181961798075545,
   "model_er_tau0.001": 0.42059371693260333,
   "gain_tau0.001": 0.0006119083252023594,
   "acc_tau0.001": 0.8527491688728333,
   "model_er_tau1.0": 0.3660127187950114,
   "gain_tau1.0": -0.05396908981238957,
   "acc_tau1.0": 0.7916792631149292
  },
  {
   "n": 7676,
   "expert_er": 0.5381709223553934,
   "mixture_argmax_er": 0.5381709223553934,
   "model_er_tau0.001": 0.4605710098310547,
   "gain_tau0.001": -0.07759991252433873,
   "acc_tau0.001": 0.8981788754463196,
   "model_er_tau1.0": 0.41227967762336115,
   "gain_tau1.0": -0.12589124473203228,
   "acc_tau1.0": 0.8366371393203735
  }
 ]
}
own-play tau=0.001: {"win": 126, "draw": 0, "loss": 174, "illegal": 18} score=0.420
own-play tau=1.0: {"win": 22, "draw": 0, "loss": 278, "illegal": 14} score=0.073
wrote results/comp_edges_n14_fa0.5/seed2/decompose.json
