indexing training positions ...
  691135 distinct training positions
{
 "all": {
  "n": 61667,
  "expert_er": 0.47162177501743235,
  "mixture_argmax_er": 0.47162177501743235,
  "model_er_tau0.001": 0.45443950777242814,
  "gain_tau0.001": -0.017182267245004212,
  "acc_tau0.001": 0.8453925251960754,
  "model_er_tau1.0": 0.41988470559036595,
  "gain_tau1.0": -0.05173706942706641,
  "acc_tau1.0": 0.8062401413917542
 },
 "seen": {
  "n": 36961,
  "expert_er": 0.4666675685181678,
  "mixture_argmax_er": 0.4666675685181678,
  "model_er_tau0.001": 0.46221382870497824,
  "gain_tau0.001": -0.004453739813189583,
  "acc_tau0.001": 0.8519704341888428,
  "model_er_tau1.0": 0.4450886088468542,
  "gain_tau1.0": -0.021578959671313624,
  "acc_tau1.0": 0.8314793705940247
 },
 "unseen": {
  "n": 24706,
  "expert_er": 0.4790334331741277,
  "mixture_argmax_er": 0.4790334331741277,
  "model_er_tau0.001": 0.4428088643664547,
  "gain_tau0.001": -0.036224568807673,
  "acc_tau0.001": 0.8355516195297241,
  "model_er_tau1.0": 0.3821788257124795,
  "gain_tau1.0": -0.0968546074616482,
  "acc_tau1.0": 0.7684813141822815
 },
 "seen_frac_by_phase": [
  0.9993314670120754,
  0.45894699395233013,
  0.014858686616791355
 ],
 "unseen_by_phase": [
  {
   "n": 16,
   "expert_er": 0.0,
   "mixture_argmax_er": 0.0,
   "model_er_tau0.001": 0.0,
   "gain_tau0.001": 0.0,
   "acc_tau0.001": 1.0,
   "model_er_tau1.0": 0.0,
   "gain_tau1.0": 0.0,
   "acc_tau1.0": 1.0
  },
  {
   "n": 15209,
   "expert_er": 0.47212177000460254,
   "mixture_argmax_er": 0.47212177000460254,
   "model_er_tau0.001": 0.44273196918084684,
   "gain_tau0.001": -0.029389800823755696,
   "acc_tau0.001": 0.8491072654724121,
   "model_er_tau1.0": 0.3809650014640192,
   "gain_tau1.0": -0.09115676854058335,
   "acc_tau1.0": 0.7817561626434326
  },
  {
   "n": 9481,
   "expert_er": 0.4909292268748022,
   "mixture_argmax_er": 0.4909292268748022,
   "model_er_tau0.001": 0.4436794941215199,
   "gain_tau0.001": -0.047249732753282314,
   "acc_tau0.001": 0.8135287761688232,
   "model_er_tau1.0": 0.3847709482951431,
   "gain_tau1.0": -0.10615827857965915,
   "acc_tau1.0": 0.7467957139015198
  }
 ]
}
own-play tau=0.001: {"win": 176, "draw": 0, "loss": 124, "illegal": 30} score=0.587
own-play tau=1.0: {"win": 88, "draw": 0, "loss": 212, "illegal": 1} score=0.293
wrote results/iid_rho0.3_pi1.0/seed0/decompose.json
indexing training positions ...
  941589 distinct training positions
{
 "all": {
  "n": 61419,
  "expert_er": 0.46118737687034955,
  "mixture_argmax_er": 0.516639802015663,
  "model_er_tau0.001": 0.5011781643671882,
  "gain_tau0.001": 0.03999078749683865,
  "acc_tau0.001": 0.8902369141578674,
  "model_er_tau1.0": 0.3949362051925864,
  "gain_tau1.0": -0.06625117167776318,
  "acc_tau1.0": 0.7633157968521118
 },
 "seen": {
  "n": 28804,
  "expert_er": 0.44725324607693373,
  "mixture_argmax_er": 0.5183307873906402,
  "model_er_tau0.001": 0.5380009272564366,
  "gain_tau0.001": 0.09074768117950283,
  "acc_tau0.001": 0.9295258522033691,
  "model_er_tau1.0": 0.41639653104574054,
  "gain_tau1.0": -0.030856715031193194,
  "acc_tau1.0": 0.778492271900177
 },
 "unseen": {
  "n": 32615,
  "expert_er": 0.4734933312892841,
  "mixture_argmax_er": 0.5151464050283612,
  "model_er_tau0.001": 0.4686580704759752,
  "gain_tau0.001": -0.004835260813308928,
  "acc_tau0.001": 0.8555389046669006,
  "model_er_tau1.0": 0.3759834771265354,
  "gain_tau1.0": -0.09750985416274871,
  "acc_tau1.0": 0.7499126195907593
 },
 "seen_frac_by_phase": [
  0.9839154411764706,
  0.18648581472144302,
  0.00010729613733905579
 ],
 "unseen_by_phase": [
  {
   "n": 385,
   "expert_er": 0.510090909090909,
   "mixture_argmax_er": 0.6025974025974026,
   "model_er_tau0.001": 0.5640627723739119,
   "gain_tau0.001": 0.05397186328300285,
   "acc_tau0.001": 0.861465573310852,
   "model_er_tau1.0": 0.36835537621533715,
   "gain_tau1.0": -0.1417355328755719,
   "acc_tau1.0": 0.6295372247695923
  },
  {
   "n": 22911,
   "expert_er": 0.46612947928942433,
   "mixture_argmax_er": 0.506045131159705,
   "model_er_tau0.001": 0.4700492940896126,
   "gain_tau0.001": 0.0039198148001882704,
   "acc_tau0.001": 0.8650035858154297,
   "model_er_tau1.0": 0.3701353299307501,
   "gain_tau1.0": -0.09599414935867423,
   "acc_tau1.0": 0.7514417171478271
  },
  {
   "n": 9319,
   "expert_er": 0.4900855778517008,
   "mixture_argmax_er": 0.533909217727224,
   "model_er_tau0.001": 0.4612962146499475,
   "gain_tau0.001": -0.028789363201753293,
   "acc_tau0.001": 0.8320249915122986,
   "model_er_tau1.0": 0.3906764398106698,
   "gain_tau1.0": -0.09940913804103102,
   "acc_tau1.0": 0.7511264085769653
  }
 ]
}
own-play tau=0.001: {"win": 214, "draw": 0, "loss": 86, "illegal": 14} score=0.713
own-play tau=1.0: {"win": 98, "draw": 1, "loss": 201, "illegal": 3} score=0.328
wrote results/iid_rho0.3_pi0.0/seed0/decompose.json
indexing training positions ...
  914433 distinct training positions
{
 "all": {
  "n": 71470,
  "expert_er": 0.40354075136420875,
  "mixture_argmax_er": 0.45380579264026866,
  "model_er_tau0.001": 0.42289197601523004,
  "gain_tau0.001": 0.019351224651021293,
  "acc_tau0.001": 0.7495459914207458,
  "model_er_tau1.0": 0.3560986969139743,
  "gain_tau1.0": -0.04744205445023447,
  "acc_tau1.0": 0.6722291707992554
 },
 "seen": {
  "n": 40497,
  "expert_er": 0.36996215769069307,
  "mixture_argmax_er": 0.42735264340568435,
  "model_er_tau0.001": 0.425256155055555,
  "gain_tau0.001": 0.0552939973648619,
  "acc_tau0.001": 0.7280715703964233,
  "model_er_tau1.0": 0.34227295125202717,
  "gain_tau1.0": -0.027689206438665903,
  "acc_tau1.0": 0.6310093402862549
 },
 "unseen": {
  "n": 30973,
  "expert_er": 0.4474445484777064,
  "mixture_argmax_er": 0.4883931165854131,
  "model_er_tau0.001": 0.4198008269952438,
  "gain_tau0.001": -0.027643721482462635,
  "acc_tau0.001": 0.7776235938072205,
  "model_er_tau1.0": 0.37417577120680584,
  "gain_tau1.0": -0.07326877727090059,
  "acc_tau1.0": 0.7261238694190979
 },
 "seen_frac_by_phase": [
  0.99975,
  0.5075046324891909,
  0.004638833664678595
 ],
 "unseen_by_phase": [
  {
   "n": 6,
   "expert_er": 0.37125,
   "mixture_argmax_er": 0.5,
   "model_er_tau0.001": 0.5,
   "gain_tau0.001": 0.12874999999999998,
   "acc_tau0.001": 0.5,
   "model_er_tau1.0": 0.3306548671571363,
   "gain_tau1.0": -0.0405951328428637,
   "acc_tau1.0": 0.29192763566970825
  },
  {
   "n": 15947,
   "expert_er": 0.4379817520536778,
   "mixture_argmax_er": 0.47613971279864553,
   "model_er_tau0.001": 0.4128262685889361,
   "gain_tau0.001": -0.025155483464741668,
   "acc_tau0.001": 0.7714051604270935,
   "model_er_tau1.0": 0.3681377571702474,
   "gain_tau1.0": -0.0698439948834304,
   "acc_tau1.0": 0.7208500504493713
  },
  {
   "n": 15020,
   "expert_er": 0.4575218042609854,
   "mixture_argmax_er": 0.5013981358189081,
   "model_er_tau0.001": 0.42717380221943546,
   "gain_tau0.001": -0.030348002041549915,
   "acc_tau0.001": 0.7843367457389832,
   "model_er_tau1.0": 0.38060382282233823,
   "gain_tau1.0": -0.07691798143864714,
   "acc_tau1.0": 0.7318964600563049
  }
 ]
}
own-play tau=0.001: {"win": 165, "draw": 0, "loss": 135, "illegal": 29} score=0.550
own-play tau=1.0: {"win": 112, "draw": 1, "loss": 187, "illegal": 5} score=0.375
wrote results/rule_mod3_left_rho0.3/seed0/decompose.json
indexing training positions ...
  879477 distinct training positions
{
 "all": {
  "n": 63205,
  "expert_er": 0.42876206391899374,
  "mixture_argmax_er": 0.3721066371331382,
  "model_er_tau0.001": 0.43755731884486243,
  "gain_tau0.001": 0.00879525492586869,
  "acc_tau0.001": 0.7781234383583069,
  "model_er_tau1.0": 0.3783080158818821,
  "gain_tau1.0": -0.05045404803711162,
  "acc_tau1.0": 0.7136555314064026
 },
 "seen": {
  "n": 31852,
  "expert_er": 0.41471453911842276,
  "mixture_argmax_er": 0.37759010423207334,
  "model_er_tau0.001": 0.4269741729828279,
  "gain_tau0.001": 0.01225963386440515,
  "acc_tau0.001": 0.7453110814094543,
  "model_er_tau1.0": 0.3893822992371828,
  "gain_tau1.0": -0.02533223988123995,
  "acc_tau1.0": 0.7055186033248901
 },
 "unseen": {
  "n": 31353,
  "expert_er": 0.4430331626957549,
  "mixture_argmax_er": 0.3665358976812426,
  "model_er_tau0.001": 0.44830890121329686,
  "gain_tau0.001": 0.0052757385175419835,
  "acc_tau0.001": 0.8114579319953918,
  "model_er_tau1.0": 0.3670574793005968,
  "gain_tau1.0": -0.07597568339515809,
  "acc_tau1.0": 0.7219220399856567
 },
 "seen_frac_by_phase": [
  0.9975371514443145,
  0.27211768730756075,
  9.981036031540073e-05
 ],
 "unseen_by_phase": [
  {
   "n": 59,
   "expert_er": 0.24756355932203392,
   "mixture_argmax_er": 0.1694915254237288,
   "model_er_tau0.001": 0.3050847394068546,
   "gain_tau0.001": 0.05752118008482068,
   "acc_tau0.001": 0.9491525292396545,
   "model_er_tau1.0": 0.19507537567514485,
   "gain_tau1.0": -0.052488183646889064,
   "acc_tau1.0": 0.8064102530479431
  },
  {
   "n": 21276,
   "expert_er": 0.43652472269223536,
   "mixture_argmax_er": 0.3506768189509306,
   "model_er_tau0.001": 0.44754367342163964,
   "gain_tau0.001": 0.011018950729404287,
   "acc_tau0.001": 0.8181222677230835,
   "model_er_tau1.0": 0.36204774498429204,
   "gain_tau1.0": -0.07447697770794331,
   "acc_tau1.0": 0.7234392166137695
  },
  {
   "n": 10018,
   "expert_er": 0.4580068376921541,
   "mixture_argmax_er": 0.4013775204631663,
   "model_er_tau0.001": 0.4507775787978327,
   "gain_tau0.001": -0.007229258894321411,
   "acc_tau0.001": 0.7964934706687927,
   "model_er_tau1.0": 0.37870991006797566,
   "gain_tau1.0": -0.07929692762417845,
   "acc_tau1.0": 0.7182021141052246
  }
 ]
}
own-play tau=0.001: {"win": 252, "draw": 0, "loss": 48, "illegal": 17} score=0.840
own-play tau=1.0: {"win": 186, "draw": 3, "loss": 111, "illegal": 5} score=0.625
wrote results/sel_k4_a0.45/seed0/decompose.json
DECOMPOSE_DONE
