indexing training positions ...
  541919 distinct training positions
{
 "all": {
  "n": 47267,
  "expert_er": 0.3707431541385463,
  "mixture_argmax_er": 0.3289927433515984,
  "model_er_tau0.001": 0.43597956469343735,
  "gain_tau0.001": 0.06523641055489104,
  "acc_tau0.001": 0.7995412945747375,
  "model_er_tau1.0": 0.3723293795295812,
  "gain_tau1.0": 0.0015862253910348678,
  "acc_tau1.0": 0.7239693403244019
 },
 "seen": {
  "n": 29619,
  "expert_er": 0.2808852988509628,
  "mixture_argmax_er": 0.2142543637529964,
  "model_er_tau0.001": 0.4281473664705743,
  "gain_tau0.001": 0.14726206761961147,
  "acc_tau0.001": 0.7427452802658081,
  "model_er_tau1.0": 0.3587480187828816,
  "gain_tau1.0": 0.07786271993191879,
  "acc_tau1.0": 0.6658149361610413
 },
 "unseen": {
  "n": 17648,
  "expert_er": 0.5215534338168631,
  "mixture_argmax_er": 0.5215605167724388,
  "model_er_tau0.001": 0.4491245034492726,
  "gain_tau0.001": -0.07242893036759052,
  "acc_tau0.001": 0.8948631286621094,
  "model_er_tau1.0": 0.3951232555470616,
  "gain_tau1.0": -0.12643017826980152,
  "acc_tau1.0": 0.8215709328651428
 },
 "seen_frac_by_phase": [
  0.9985367892976589,
  0.3708512706568532,
  0.043935159306875346
 ],
 "unseen_by_phase": [
  {
   "n": 35,
   "expert_er": 0.010714285714285714,
   "mixture_argmax_er": 0.014285714285714285,
   "model_er_tau0.001": 0.030629091603415353,
   "gain_tau0.001": 0.01991480588912964,
   "acc_tau0.001": 0.9142849445343018,
   "model_er_tau1.0": 0.011091091109847184,
   "gain_tau1.0": 0.0003768053955614699,
   "acc_tau1.0": 0.8932015299797058
  },
  {
   "n": 9061,
   "expert_er": 0.5195342677408674,
   "mixture_argmax_er": 0.5195342677408674,
   "model_er_tau0.001": 0.4531851208894859,
   "gain_tau0.001": -0.06634914685138149,
   "acc_tau0.001": 0.912608802318573,
   "model_er_tau1.0": 0.3914784594233878,
   "gain_tau1.0": -0.1280558083174796,
   "acc_tau1.0": 0.8405984044075012
  },
  {
   "n": 8552,
   "expert_er": 0.5257834424695977,
   "mixture_argmax_er": 0.5257834424695977,
   "model_er_tau0.001": 0.44653494367247565,
   "gain_tau0.001": -0.07924849879712209,
   "acc_tau0.001": 0.8759816884994507,
   "model_er_tau1.0": 0.4005566773702505,
   "gain_tau1.0": -0.12522676509934721,
   "acc_tau1.0": 0.8011178970336914
  }
 ]
}
own-play tau=0.001: {"win": 112, "draw": 2, "loss": 186, "illegal": 28} score=0.377
own-play tau=1.0: {"win": 34, "draw": 0, "loss": 266, "illegal": 10} score=0.113
wrote results/comp_edges_n8_fa0.5/seed2/decompose.json
