indexing training positions ...
  941589 distinct training positions
{
 "all": {
  "n": 61419,
  "expert_er": 0.4611873768703495,
  "mixture_argmax_er": 0.516639802015663,
  "model_er_tau0.001": 0.4991353976646732,
  "gain_tau0.001": 0.03794802079432369,
  "acc_tau0.001": 0.8863629102706909,
  "model_er_tau1.0": 0.39506353365448926,
  "gain_tau1.0": -0.06612384321586023,
  "acc_tau1.0": 0.7635789513587952
 },
 "seen": {
  "n": 28804,
  "expert_er": 0.44725324607693373,
  "mixture_argmax_er": 0.5183307873906402,
  "model_er_tau0.001": 0.5358730907743408,
  "gain_tau0.001": 0.08861984469740702,
  "acc_tau0.001": 0.9239134192466736,
  "model_er_tau1.0": 0.4163409043694829,
  "gain_tau1.0": -0.03091234170745083,
  "acc_tau1.0": 0.7786661386489868
 },
 "unseen": {
  "n": 32615,
  "expert_er": 0.47349333128928406,
  "mixture_argmax_er": 0.5151464050283612,
  "model_er_tau0.001": 0.4666904333129679,
  "gain_tau0.001": -0.006802897976316169,
  "acc_tau0.001": 0.8532001376152039,
  "model_er_tau1.0": 0.3762723827707034,
  "gain_tau1.0": -0.09722094851858065,
  "acc_tau1.0": 0.7502546906471252
 },
 "seen_frac_by_phase": [
  0.9839154411764706,
  0.18648581472144302,
  0.00010729613733905579
 ],
 "unseen_by_phase": [
  {
   "n": 385,
   "expert_er": 0.510090909090909,
   "mixture_argmax_er": 0.6025974025974026,
   "model_er_tau0.001": 0.5455007268470888,
   "gain_tau0.001": 0.035409817756179796,
   "acc_tau0.001": 0.8364560008049011,
   "model_er_tau1.0": 0.37006333671123176,
   "gain_tau1.0": -0.14002757237967728,
   "acc_tau1.0": 0.6314032077789307
  },
  {
   "n": 22911,
   "expert_er": 0.46612947928942433,
   "mixture_argmax_er": 0.506045131159705,
   "model_er_tau0.001": 0.4659976987288214,
   "gain_tau0.001": -0.0001317805606029232,
   "acc_tau0.001": 0.8603938817977905,
   "model_er_tau1.0": 0.3704519661534349,
   "gain_tau1.0": -0.09567751313598943,
   "acc_tau1.0": 0.7518360018730164
  },
  {
   "n": 9319,
   "expert_er": 0.49008557785170076,
   "mixture_argmax_er": 0.533909217727224,
   "model_er_tau0.001": 0.46513761423868366,
   "gain_tau0.001": -0.0249479636130171,
   "acc_tau0.001": 0.8362060785293579,
   "model_er_tau1.0": 0.39083854307235966,
   "gain_tau1.0": -0.0992470347793411,
   "acc_tau1.0": 0.7512772083282471
  }
 ]
}
own-play tau=0.001: {"win": 146, "draw": 0, "loss": 54, "illegal": 13} score=0.730
own-play tau=1.0: {"win": 60, "draw": 0, "loss": 140, "illegal": 3} score=0.300
wrote results/iid_rho0.3_pi0.0/seed2/decompose.json
