indexing training positions ...
  541919 distinct training positions
{
 "all": {
  "n": 47267,
  "expert_er": 0.3707431541385463,
  "mixture_argmax_er": 0.3289927433515984,
  "model_er_tau0.001": 0.4307044289893353,
  "gain_tau0.001": 0.059961274850789004,
  "acc_tau0.001": 0.7944324016571045,
  "model_er_tau1.0": 0.3596094948534933,
  "gain_tau1.0": -0.011133659285053,
  "acc_tau1.0": 0.7055071592330933
 },
 "seen": {
  "n": 29619,
  "expert_er": 0.2808852988509628,
  "mixture_argmax_er": 0.2142543637529964,
  "model_er_tau0.001": 0.42540884457973416,
  "gain_tau0.001": 0.14452354572877135,
  "acc_tau0.001": 0.741693913936615,
  "model_er_tau1.0": 0.34617976203655915,
  "gain_tau1.0": 0.06529446318559634,
  "acc_tau1.0": 0.6473674178123474
 },
 "unseen": {
  "n": 17648,
  "expert_er": 0.5215534338168631,
  "mixture_argmax_er": 0.5215605167724388,
  "model_er_tau0.001": 0.4395921168082369,
  "gain_tau0.001": -0.08196131700862624,
  "acc_tau0.001": 0.882944643497467,
  "model_er_tau1.0": 0.3821488906096568,
  "gain_tau1.0": -0.13940454320720636,
  "acc_tau1.0": 0.8030845522880554
 },
 "seen_frac_by_phase": [
  0.9985367892976589,
  0.3708512706568532,
  0.043935159306875346
 ],
 "unseen_by_phase": [
  {
   "n": 35,
   "expert_er": 0.010714285714285714,
   "mixture_argmax_er": 0.014285714285714285,
   "model_er_tau0.001": 0.028571428571428737,
   "gain_tau0.001": 0.017857142857143023,
   "acc_tau0.001": 0.8857142925262451,
   "model_er_tau1.0": 0.011126720286223904,
   "gain_tau1.0": 0.00041243457193818923,
   "acc_tau1.0": 0.8928314447402954
  },
  {
   "n": 9061,
   "expert_er": 0.5195342677408674,
   "mixture_argmax_er": 0.5195342677408674,
   "model_er_tau0.001": 0.4395571866893686,
   "gain_tau0.001": -0.07997708105149881,
   "acc_tau0.001": 0.8975180387496948,
   "model_er_tau1.0": 0.3784775080315229,
   "gain_tau1.0": -0.1410567597093445,
   "acc_tau1.0": 0.8253123164176941
  },
  {
   "n": 8552,
   "expert_er": 0.5257834424695977,
   "mixture_argmax_er": 0.5257834424695977,
   "model_er_tau0.001": 0.441311273250631,
   "gain_tau0.001": -0.08447216921896672,
   "acc_tau0.001": 0.8674925565719604,
   "model_er_tau1.0": 0.38755723643540413,
   "gain_tau1.0": -0.1382262060341936,
   "acc_tau1.0": 0.7791665196418762
  }
 ]
}
own-play tau=0.001: {"win": 73, "draw": 2, "loss": 225, "illegal": 52} score=0.247
own-play tau=1.0: {"win": 24, "draw": 0, "loss": 276, "illegal": 34} score=0.080
wrote results/comp_edges_n8_fa0.5_mid/seed2/decompose.json
