{
 "ckpt": "runs/comp_edges_n8_fa0.5/seed1/final.pt",
 "data": "data/perfect_test.npz",
 "expert_cfg": {
  "mode": "iid",
  "rho": 0.0,
  "pi": 0.0,
  "k": 4,
  "alpha": 0.0,
  "blind_plies": 4,
  "rule_mod": 3,
  "q_open": 1.0,
  "n_open": 8,
  "frac_a": 0.5,
  "b_open": "random",
  "bias_seed": 12345
 },
 "n_games": 3000,
 "n_states": 55932,
 "bias_state_frac": 0.0,
 "realized": {
  "error_rate": 0.0,
  "random_error_rate": 0.0,
  "shared_error_rate": 0.0
 },
 "theory": {
  "acc_tau0": 1.0,
  "acc_expert": 1.0,
  "acc_gain_tau0": 0.0
 },
 "mass_on_nonmove_tokens_tau1": 0.0068402886390686035,
 "mass_on_illegal_cols_tau1": 0.0019241225672885776,
 "expert": {
  "er": 0.5268182793391976,
  "acc": 1.0,
  "best_er": 0.5268182793391976,
  "best_acc": 1.0,
  "mixture_er": 0.5268182793391976,
  "mixture_acc": 1.0,
  "er_bias": null,
  "er_nonbias": 0.5268182793391976,
  "er_by_phase": [
   0.5028494803888702,
   0.5328683662016995,
   0.5859550561797753
  ],
  "acc_bias_by_phase": [
   null,
   null,
   null
  ],
  "n_bias_by_phase": [
   0,
   0,
   0
  ]
 },
 "taus": {
  "0.001": {
   "er": 0.48520899542832663,
   "acc": 0.9539656043052673,
   "er_bias": null,
   "er_nonbias": 0.48520899542832663,
   "acc_bias": null,
   "acc_nonbias": 0.9539656043052673,
   "er_by_phase": [
    0.500821224139615,
    0.465200508032289,
    0.5029901074494169
   ],
   "acc_bias_by_phase": [
    null,
    null,
    null
   ],
   "acc_nonbias_by_phase": [
    0.9970800280570984,
    0.9247518181800842,
    0.9118225574493408
   ],
   "transcends_best_expert": false,
   "gain_vs_best_expert": -0.04160928391087093
  },
  "0.1": {
   "er": 0.4833675023538452,
   "acc": 0.9518409371376038,
   "er_bias": null,
   "er_nonbias": 0.4833675023538452,
   "acc_bias": null,
   "acc_nonbias": 0.9518409371376038,
   "er_by_phase": [
    0.49982032511710367,
    0.46286883456133293,
    0.5000487666326644
   ],
   "acc_bias_by_phase": [
    null,
    null,
    null
   ],
   "acc_nonbias_by_phase": [
    0.9957452416419983,
    0.9220770597457886,
    0.9089779257774353
   ],
   "transcends_best_expert": false,
   "gain_vs_best_expert": -0.04345077698535238
  },
  "0.3": {
   "er": 0.47552317445936265,
   "acc": 0.9432376623153687,
   "er_bias": null,
   "er_nonbias": 0.47552317445936265,
   "acc_bias": null,
   "acc_nonbias": 0.9432376623153687,
   "er_by_phase": [
    0.4934698799652338,
    0.4543846913698532,
    0.4894392834375892
   ],
   "acc_bias_by_phase": [
    null,
    null,
    null
   ],
   "acc_nonbias_by_phase": [
    0.9885640740394592,
    0.9127270579338074,
    0.8982240557670593
   ],
   "transcends_best_expert": false,
   "gain_vs_best_expert": -0.05129510487983491
  },
  "1.0": {
   "er": 0.43817535333132296,
   "acc": 0.9039796590805054,
   "er_bias": null,
   "er_nonbias": 0.43817535333132296,
   "acc_bias": null,
   "acc_nonbias": 0.9039796590805054,
   "er_by_phase": [
    0.43058990823093746,
    0.4373254918559438,
    0.46657723619134506
   ],
   "acc_bias_by_phase": [
    null,
    null,
    null
   ],
   "acc_nonbias_by_phase": [
    0.9239646196365356,
    0.8939202427864075,
    0.8722444772720337
   ],
   "transcends_best_expert": false,
   "gain_vs_best_expert": -0.0886429260078746
  }
 }
}
