{
 "ckpt": "runs/comp_edges_n8_fa1.0/seed0/final.pt",
 "data": "data/perfect_test.npz",
 "expert_cfg": {
  "mode": "iid",
  "rho": 0.0,
  "pi": 0.0,
  "k": 4,
  "alpha": 0.0,
  "blind_plies": 4,
  "rule_mod": 3,
  "q_open": 1.0,
  "n_open": 8,
  "frac_a": 0.5,
  "b_open": "random",
  "bias_seed": 12345
 },
 "n_games": 3000,
 "n_states": 55932,
 "bias_state_frac": 0.0,
 "realized": {
  "error_rate": 0.0,
  "random_error_rate": 0.0,
  "shared_error_rate": 0.0
 },
 "theory": {
  "acc_tau0": 1.0,
  "acc_expert": 1.0,
  "acc_gain_tau0": 0.0
 },
 "mass_on_nonmove_tokens_tau1": 0.003351569175720215,
 "mass_on_illegal_cols_tau1": 0.03554467111825943,
 "expert": {
  "er": 0.5268182793391976,
  "acc": 1.0,
  "best_er": 0.5268182793391976,
  "best_acc": 1.0,
  "mixture_er": 0.5268182793391976,
  "mixture_acc": 1.0,
  "er_bias": null,
  "er_nonbias": 0.5268182793391976,
  "er_by_phase": [
   0.5028494803888702,
   0.5328683662016995,
   0.5859550561797753
  ],
  "acc_bias_by_phase": [
   null,
   null,
   null
  ],
  "n_bias_by_phase": [
   0,
   0,
   0
  ]
 },
 "taus": {
  "0.001": {
   "er": 0.4427538808912053,
   "acc": 0.8879181146621704,
   "er_bias": null,
   "er_nonbias": 0.4427538808912053,
   "acc_bias": null,
   "acc_nonbias": 0.8879181146621704,
   "er_by_phase": [
    0.5018341260430964,
    0.41739761323229285,
    0.33358213865101116
   ],
   "acc_bias_by_phase": [
    null,
    null,
    null
   ],
   "acc_nonbias_by_phase": [
    0.9985203146934509,
    0.8574099540710449,
    0.6241123080253601
   ],
   "transcends_best_expert": false,
   "gain_vs_best_expert": -0.08406439844799224
  },
  "0.1": {
   "er": 0.44494231711199106,
   "acc": 0.8930603861808777,
   "er_bias": null,
   "er_nonbias": 0.44494231711199106,
   "acc_bias": null,
   "acc_nonbias": 0.8930603861808777,
   "er_by_phase": [
    0.5011785928459502,
    0.41826951940359286,
    0.3499156981673174
   ],
   "acc_bias_by_phase": [
    null,
    null,
    null
   ],
   "acc_nonbias_by_phase": [
    0.9977713227272034,
    0.8612594604492188,
    0.6535302400588989
   ],
   "transcends_best_expert": false,
   "gain_vs_best_expert": -0.0818759622272065
  },
  "0.3": {
   "er": 0.44550071138417957,
   "acc": 0.8957868218421936,
   "er_bias": null,
   "er_nonbias": 0.44550071138417957,
   "acc_bias": null,
   "acc_nonbias": 0.8957868218421936,
   "er_by_phase": [
    0.49981242998565006,
    0.41810997022365387,
    0.35944022792453123
   ],
   "acc_bias_by_phase": [
    null,
    null,
    null
   ],
   "acc_nonbias_by_phase": [
    0.995916485786438,
    0.8631221055984497,
    0.6746387481689453
   ],
   "transcends_best_expert": false,
   "gain_vs_best_expert": -0.08131756795501799
  },
  "1.0": {
   "er": 0.44407137916310807,
   "acc": 0.8951961994171143,
   "er_bias": null,
   "er_nonbias": 0.44407137916310807,
   "acc_bias": null,
   "acc_nonbias": 0.8951961994171143,
   "er_by_phase": [
    0.4971543948144695,
    0.4161250522793537,
    0.36407585635296924
   ],
   "acc_bias_by_phase": [
    null,
    null,
    null
   ],
   "acc_nonbias_by_phase": [
    0.9923474192619324,
    0.8621124625205994,
    0.6854990720748901
   ],
   "transcends_best_expert": false,
   "gain_vs_best_expert": -0.08274690017608949
  }
 }
}
