{
 "ckpt": "runs/comp_edges_n8_fa0.5_small/seed1/final.pt",
 "data": "data/perfect_test.npz",
 "expert_cfg": {
  "mode": "iid",
  "rho": 0.0,
  "pi": 0.0,
  "k": 4,
  "alpha": 0.0,
  "blind_plies": 4,
  "rule_mod": 3,
  "q_open": 1.0,
  "n_open": 8,
  "frac_a": 0.5,
  "b_open": "random",
  "bias_seed": 12345
 },
 "n_games": 3000,
 "n_states": 55932,
 "bias_state_frac": 0.0,
 "realized": {
  "error_rate": 0.0,
  "random_error_rate": 0.0,
  "shared_error_rate": 0.0
 },
 "theory": {
  "acc_tau0": 1.0,
  "acc_expert": 1.0,
  "acc_gain_tau0": 0.0
 },
 "mass_on_nonmove_tokens_tau1": 0.006631910800933838,
 "mass_on_illegal_cols_tau1": 0.004657027777284384,
 "expert": {
  "er": 0.5268182793391976,
  "acc": 1.0,
  "best_er": 0.5268182793391976,
  "best_acc": 1.0,
  "mixture_er": 0.5268182793391976,
  "mixture_acc": 1.0,
  "er_bias": null,
  "er_nonbias": 0.5268182793391976,
  "er_by_phase": [
   0.5028494803888702,
   0.5328683662016995,
   0.5859550561797753
  ],
  "acc_bias_by_phase": [
   null,
   null,
   null
  ],
  "n_bias_by_phase": [
   0,
   0,
   0
  ]
 },
 "taus": {
  "0.001": {
   "er": 0.4805775875217627,
   "acc": 0.9476861357688904,
   "er_bias": null,
   "er_nonbias": 0.4805775875217627,
   "acc_bias": null,
   "acc_nonbias": 0.9476861357688904,
   "er_by_phase": [
    0.4944152556685814,
    0.4610533050211721,
    0.5026098469556188
   ],
   "acc_bias_by_phase": [
    null,
    null,
    null
   ],
   "acc_nonbias_by_phase": [
    0.9886394143104553,
    0.9189895391464233,
    0.9109742045402527
   ],
   "transcends_best_expert": false,
   "gain_vs_best_expert": -0.04624069181743484
  },
  "0.1": {
   "er": 0.47894033248831797,
   "acc": 0.9459102749824524,
   "er_bias": null,
   "er_nonbias": 0.47894033248831797,
   "acc_bias": null,
   "acc_nonbias": 0.9459102749824524,
   "er_by_phase": [
    0.49303570550010717,
    0.4593545225541931,
    0.5003244342696676
   ],
   "acc_bias_by_phase": [
    null,
    null,
    null
   ],
   "acc_nonbias_by_phase": [
    0.9868589639663696,
    0.9174440503120422,
    0.9084069132804871
   ],
   "transcends_best_expert": false,
   "gain_vs_best_expert": -0.047877946850879594
  },
  "0.3": {
   "er": 0.4695948757554302,
   "acc": 0.9355972409248352,
   "er_bias": null,
   "er_nonbias": 0.4695948757554302,
   "acc_bias": null,
   "acc_nonbias": 0.9355972409248352,
   "er_by_phase": [
    0.4836453602009734,
    0.4513075489531946,
    0.486579632532639
   ],
   "acc_bias_by_phase": [
    null,
    null,
    null
   ],
   "acc_nonbias_by_phase": [
    0.9760613441467285,
    0.9090245962142944,
    0.8930827379226685
   ],
   "transcends_best_expert": false,
   "gain_vs_best_expert": -0.057223403583767374
  },
  "1.0": {
   "er": 0.4220287630232846,
   "acc": 0.883894681930542,
   "er_bias": null,
   "er_nonbias": 0.4220287630232846,
   "acc_bias": null,
   "acc_nonbias": 0.883894681930542,
   "er_by_phase": [
    0.4054808745544737,
    0.4290854293903422,
    0.4527659958736151
   ],
   "acc_bias_by_phase": [
    null,
    null,
    null
   ],
   "acc_nonbias_by_phase": [
    0.8937640190124512,
    0.8848833441734314,
    0.8473523259162903
   ],
   "transcends_best_expert": false,
   "gain_vs_best_expert": -0.10478951631591293
  }
 }
}
