{
 "ckpt": "runs/comp_q0.0_n8_fa0.5/seed0/final.pt",
 "data": "data/perfect_test.npz",
 "expert_cfg": {
  "mode": "iid",
  "rho": 0.0,
  "pi": 0.0,
  "k": 4,
  "alpha": 0.0,
  "blind_plies": 4,
  "rule_mod": 3,
  "q_open": 1.0,
  "n_open": 8,
  "frac_a": 0.5,
  "bias_seed": 12345
 },
 "n_games": 3000,
 "n_states": 55932,
 "bias_state_frac": 0.0,
 "realized": {
  "error_rate": 0.0,
  "random_error_rate": 0.0,
  "shared_error_rate": 0.0
 },
 "theory": {
  "acc_tau0": 1.0,
  "acc_expert": 1.0,
  "acc_gain_tau0": 0.0
 },
 "mass_on_nonmove_tokens_tau1": 0.01641768217086792,
 "mass_on_illegal_cols_tau1": 0.0010186958825215697,
 "expert": {
  "er": 0.5268182793391976,
  "acc": 1.0,
  "best_er": 0.5268182793391976,
  "best_acc": 1.0,
  "mixture_er": 0.5268182793391976,
  "mixture_acc": 1.0,
  "er_bias": null,
  "er_nonbias": 0.5268182793391976,
  "er_by_phase": [
   0.5028494803888702,
   0.5328683662016995,
   0.5859550561797753
  ],
  "acc_bias_by_phase": [
   null,
   null,
   null
  ],
  "n_bias_by_phase": [
   0,
   0,
   0
  ]
 },
 "taus": {
  "0.001": {
   "er": 0.49327289419575165,
   "acc": 0.9625813364982605,
   "er_bias": null,
   "er_nonbias": 0.49327289419575165,
   "acc_bias": null,
   "acc_nonbias": 0.9625813364982605,
   "er_by_phase": [
    0.499908124748612,
    0.4806610953633379,
    0.5152245817459765
   ],
   "acc_bias_by_phase": [
    null,
    null,
    null
   ],
   "acc_nonbias_by_phase": [
    0.9958031177520752,
    0.9416545629501343,
    0.9245582222938538
   ],
   "transcends_best_expert": false,
   "gain_vs_best_expert": -0.033545385143445905
  },
  "0.1": {
   "er": 0.4894507956576123,
   "acc": 0.958347499370575,
   "er_bias": null,
   "er_nonbias": 0.4894507956576123,
   "acc_bias": null,
   "acc_nonbias": 0.958347499370575,
   "er_by_phase": [
    0.49893371468331504,
    0.4739217914478576,
    0.5120796183255323
   ],
   "acc_bias_by_phase": [
    null,
    null,
    null
   ],
   "acc_nonbias_by_phase": [
    0.9945904612541199,
    0.9342737793922424,
    0.9212251305580139
   ],
   "transcends_best_expert": false,
   "gain_vs_best_expert": -0.03736748368158527
  },
  "0.3": {
   "er": 0.47946498793308473,
   "acc": 0.9471834301948547,
   "er_bias": null,
   "er_nonbias": 0.47946498793308473,
   "acc_bias": null,
   "acc_nonbias": 0.9471834301948547,
   "er_by_phase": [
    0.49615631598030163,
    0.45819957422536,
    0.4980334835316144
   ],
   "acc_bias_by_phase": [
    null,
    null,
    null
   ],
   "acc_nonbias_by_phase": [
    0.990900993347168,
    0.9169235229492188,
    0.9066845178604126
   ],
   "transcends_best_expert": false,
   "gain_vs_best_expert": -0.04735329140611283
  },
  "1.0": {
   "er": 0.4395214369860066,
   "acc": 0.9006766080856323,
   "er_bias": null,
   "er_nonbias": 0.4395214369860066,
   "acc_bias": null,
   "acc_nonbias": 0.9006766080856323,
   "er_by_phase": [
    0.4357391607899738,
    0.4345082216847669,
    0.4697644053114918
   ],
   "acc_bias_by_phase": [
    null,
    null,
    null
   ],
   "acc_nonbias_by_phase": [
    0.9182637333869934,
    0.8911977410316467,
    0.8749433755874634
   ],
   "transcends_best_expert": false,
   "gain_vs_best_expert": -0.08729684235319096
  }
 }
}
