{
 "ckpt": "runs/comp_nocenter_n8_fa0.5/seed1/final.pt",
 "data": "data/perfect_test.npz",
 "expert_cfg": {
  "mode": "iid",
  "rho": 0.0,
  "pi": 0.0,
  "k": 4,
  "alpha": 0.0,
  "blind_plies": 4,
  "rule_mod": 3,
  "q_open": 1.0,
  "n_open": 8,
  "frac_a": 0.5,
  "b_open": "random",
  "bias_seed": 12345
 },
 "n_games": 3000,
 "n_states": 55932,
 "bias_state_frac": 0.0,
 "realized": {
  "error_rate": 0.0,
  "random_error_rate": 0.0,
  "shared_error_rate": 0.0
 },
 "theory": {
  "acc_tau0": 1.0,
  "acc_expert": 1.0,
  "acc_gain_tau0": 0.0
 },
 "mass_on_nonmove_tokens_tau1": 0.019577383995056152,
 "mass_on_illegal_cols_tau1": 0.001199377584271133,
 "expert": {
  "er": 0.5268182793391976,
  "acc": 1.0,
  "best_er": 0.5268182793391976,
  "best_acc": 1.0,
  "mixture_er": 0.5268182793391976,
  "mixture_acc": 1.0,
  "er_bias": null,
  "er_nonbias": 0.5268182793391976,
  "er_by_phase": [
   0.5028494803888702,
   0.5328683662016995,
   0.5859550561797753
  ],
  "acc_bias_by_phase": [
   null,
   null,
   null
  ],
  "n_bias_by_phase": [
   0,
   0,
   0
  ]
 },
 "taus": {
  "0.001": {
   "er": 0.4865114868306102,
   "acc": 0.9550735354423523,
   "er_bias": null,
   "er_nonbias": 0.4865114868306102,
   "acc_bias": null,
   "acc_nonbias": 0.9550735354423523,
   "er_by_phase": [
    0.5010739506192549,
    0.4653231537242642,
    0.5119451804380398
   ],
   "acc_bias_by_phase": [
    null,
    null,
    null
   ],
   "acc_nonbias_by_phase": [
    0.997221052646637,
    0.9245004057884216,
    0.920934796333313
   ],
   "transcends_best_expert": false,
   "gain_vs_best_expert": -0.040306792508587375
  },
  "0.1": {
   "er": 0.4843348488732589,
   "acc": 0.952597975730896,
   "er_bias": null,
   "er_nonbias": 0.4843348488732589,
   "acc_bias": null,
   "acc_nonbias": 0.952597975730896,
   "er_by_phase": [
    0.500022721744068,
    0.46225976804714336,
    0.5091036295278853
   ],
   "acc_bias_by_phase": [
    null,
    null,
    null
   ],
   "acc_nonbias_by_phase": [
    0.9957871437072754,
    0.9211881160736084,
    0.9178999066352844
   ],
   "transcends_best_expert": false,
   "gain_vs_best_expert": -0.042483430465938665
  },
  "0.3": {
   "er": 0.47790831049634125,
   "acc": 0.9453508853912354,
   "er_bias": null,
   "er_nonbias": 0.47790831049634125,
   "acc_bias": null,
   "acc_nonbias": 0.9453508853912354,
   "er_by_phase": [
    0.4960256100941108,
    0.4545133349804556,
    0.49915923908751303
   ],
   "acc_bias_by_phase": [
    null,
    null,
    null
   ],
   "acc_nonbias_by_phase": [
    0.9906008839607239,
    0.912822961807251,
    0.9076634049415588
   ],
   "transcends_best_expert": false,
   "gain_vs_best_expert": -0.04890996884285631
  },
  "1.0": {
   "er": 0.44240975778013014,
   "acc": 0.9040007591247559,
   "er_bias": null,
   "er_nonbias": 0.44240975778013014,
   "acc_bias": null,
   "acc_nonbias": 0.9040007591247559,
   "er_by_phase": [
    0.43844856562317885,
    0.4371721068157588,
    0.47403880355156586
   ],
   "acc_bias_by_phase": [
    null,
    null,
    null
   ],
   "acc_nonbias_by_phase": [
    0.9213751554489136,
    0.8940497636795044,
    0.8806349635124207
   ],
   "transcends_best_expert": false,
   "gain_vs_best_expert": -0.08440852155906742
  }
 }
}
