{
 "ckpt": "runs/comp_q1.0_n8_fa0.5_20k/seed0/final.pt",
 "data": "data/perfect_test.npz",
 "expert_cfg": {
  "mode": "iid",
  "rho": 0.0,
  "pi": 0.0,
  "k": 4,
  "alpha": 0.0,
  "blind_plies": 4,
  "rule_mod": 3,
  "q_open": 1.0,
  "n_open": 8,
  "frac_a": 0.5,
  "b_open": "random",
  "bias_seed": 12345
 },
 "n_games": 3000,
 "n_states": 55932,
 "bias_state_frac": 0.0,
 "realized": {
  "error_rate": 0.0,
  "random_error_rate": 0.0,
  "shared_error_rate": 0.0
 },
 "theory": {
  "acc_tau0": 1.0,
  "acc_expert": 1.0,
  "acc_gain_tau0": 0.0
 },
 "mass_on_nonmove_tokens_tau1": 0.014305710792541504,
 "mass_on_illegal_cols_tau1": 0.0060414099134504795,
 "expert": {
  "er": 0.5268182793391976,
  "acc": 1.0,
  "best_er": 0.5268182793391976,
  "best_acc": 1.0,
  "mixture_er": 0.5268182793391976,
  "mixture_acc": 1.0,
  "er_bias": null,
  "er_nonbias": 0.5268182793391976,
  "er_by_phase": [
   0.5028494803888702,
   0.5328683662016995,
   0.5859550561797753
  ],
  "acc_bias_by_phase": [
   null,
   null,
   null
  ],
  "n_bias_by_phase": [
   0,
   0,
   0
  ]
 },
 "taus": {
  "0.001": {
   "er": 0.471504565132148,
   "acc": 0.9367510676383972,
   "er_bias": null,
   "er_nonbias": 0.471504565132148,
   "acc_bias": null,
   "acc_nonbias": 0.9367510676383972,
   "er_by_phase": [
    0.5017286755086958,
    0.44623027099329815,
    0.45876227863637414
   ],
   "acc_bias_by_phase": [
    null,
    null,
    null
   ],
   "acc_nonbias_by_phase": [
    0.9983869194984436,
    0.9029768109321594,
    0.8485097289085388
   ],
   "transcends_best_expert": false,
   "gain_vs_best_expert": -0.05531371420704956
  },
  "0.1": {
   "er": 0.471357878743203,
   "acc": 0.9366068243980408,
   "er_bias": null,
   "er_nonbias": 0.471357878743203,
   "acc_bias": null,
   "acc_nonbias": 0.9366068243980408,
   "er_by_phase": [
    0.5015267234956472,
    0.44616487479739764,
    0.4585159898762969
   ],
   "acc_bias_by_phase": [
    null,
    null,
    null
   ],
   "acc_nonbias_by_phase": [
    0.9981436133384705,
    0.9029051661491394,
    0.8484428524971008
   ],
   "transcends_best_expert": false,
   "gain_vs_best_expert": -0.05546040059599455
  },
  "0.3": {
   "er": 0.4710450531668097,
   "acc": 0.9363107681274414,
   "er_bias": null,
   "er_nonbias": 0.4710450531668097,
   "acc_bias": null,
   "acc_nonbias": 0.9363107681274414,
   "er_by_phase": [
    0.5013328314842431,
    0.44575172293440934,
    0.4581560729520193
   ],
   "acc_bias_by_phase": [
    null,
    null,
    null
   ],
   "acc_nonbias_by_phase": [
    0.9978519082069397,
    0.9025859832763672,
    0.8482145667076111
   ],
   "transcends_best_expert": false,
   "gain_vs_best_expert": -0.055773226172387835
  },
  "1.0": {
   "er": 0.46849121685544914,
   "acc": 0.9331271052360535,
   "er_bias": null,
   "er_nonbias": 0.46849121685544914,
   "acc_bias": null,
   "acc_nonbias": 0.9331271052360535,
   "er_by_phase": [
    0.4987680676323886,
    0.44298893952059576,
    0.45637099887919064
   ],
   "acc_bias_by_phase": [
    null,
    null,
    null
   ],
   "acc_nonbias_by_phase": [
    0.9944843649864197,
    0.8996656537055969,
    0.8447227478027344
   ],
   "transcends_best_expert": false,
   "gain_vs_best_expert": -0.058327062483748415
  }
 }
}
