{
 "ckpt": "runs/comp_edges_n14_fa0.5/seed2/final.pt",
 "data": "data/perfect_test.npz",
 "expert_cfg": {
  "mode": "iid",
  "rho": 0.0,
  "pi": 0.0,
  "k": 4,
  "alpha": 0.0,
  "blind_plies": 4,
  "rule_mod": 3,
  "q_open": 1.0,
  "n_open": 8,
  "frac_a": 0.5,
  "b_open": "random",
  "bias_seed": 12345
 },
 "n_games": 3000,
 "n_states": 55932,
 "bias_state_frac": 0.0,
 "realized": {
  "error_rate": 0.0,
  "random_error_rate": 0.0,
  "shared_error_rate": 0.0
 },
 "theory": {
  "acc_tau0": 1.0,
  "acc_expert": 1.0,
  "acc_gain_tau0": 0.0
 },
 "mass_on_nonmove_tokens_tau1": 0.01591169834136963,
 "mass_on_illegal_cols_tau1": 0.0055695101618766785,
 "expert": {
  "er": 0.5268182793391976,
  "acc": 1.0,
  "best_er": 0.5268182793391976,
  "best_acc": 1.0,
  "mixture_er": 0.5268182793391976,
  "mixture_acc": 1.0,
  "er_bias": null,
  "er_nonbias": 0.5268182793391976,
  "er_by_phase": [
   0.5028494803888702,
   0.5328683662016995,
   0.5859550561797753
  ],
  "acc_bias_by_phase": [
   null,
   null,
   null
  ],
  "n_bias_by_phase": [
   0,
   0,
   0
  ]
 },
 "taus": {
  "0.001": {
   "er": 0.4916742013021434,
   "acc": 0.9609627723693848,
   "er_bias": null,
   "er_nonbias": 0.4916742013021434,
   "acc_bias": null,
   "acc_nonbias": 0.9609627723693848,
   "er_by_phase": [
    0.5006700844884356,
    0.480467589805209,
    0.5007900422105476
   ],
   "acc_bias_by_phase": [
    null,
    null,
    null
   ],
   "acc_nonbias_by_phase": [
    0.9966232180595398,
    0.9422010183334351,
    0.9071799516677856
   ],
   "transcends_best_expert": false,
   "gain_vs_best_expert": -0.03514407803705416
  },
  "0.1": {
   "er": 0.48875185594806136,
   "acc": 0.9574803709983826,
   "er_bias": null,
   "er_nonbias": 0.48875185594806136,
   "acc_bias": null,
   "acc_nonbias": 0.9574803709983826,
   "er_by_phase": [
    0.49983787322637196,
    0.47523178890929335,
    0.49896841720558666
   ],
   "acc_bias_by_phase": [
    null,
    null,
    null
   ],
   "acc_nonbias_by_phase": [
    0.9955936074256897,
    0.9359970092773438,
    0.9050126075744629
   ],
   "transcends_best_expert": false,
   "gain_vs_best_expert": -0.038066423391136195
  },
  "0.3": {
   "er": 0.47914816121483195,
   "acc": 0.9463164806365967,
   "er_bias": null,
   "er_nonbias": 0.47914816121483195,
   "acc_bias": null,
   "acc_nonbias": 0.9463164806365967,
   "er_by_phase": [
    0.49280070607085036,
    0.46364893681456776,
    0.4876973634471031
   ],
   "acc_bias_by_phase": [
    null,
    null,
    null
   ],
   "acc_nonbias_by_phase": [
    0.9878055453300476,
    0.9225700497627258,
    0.8904637098312378
   ],
   "transcends_best_expert": false,
   "gain_vs_best_expert": -0.04767011812436561
  },
  "1.0": {
   "er": 0.43893897045117325,
   "acc": 0.9023900032043457,
   "er_bias": null,
   "er_nonbias": 0.43893897045117325,
   "acc_bias": null,
   "acc_nonbias": 0.9023900032043457,
   "er_by_phase": [
    0.4286324957554217,
    0.44290528088308867,
    0.45958534678319346
   ],
   "acc_bias_by_phase": [
    null,
    null,
    null
   ],
   "acc_nonbias_by_phase": [
    0.9219534993171692,
    0.8988277912139893,
    0.849300742149353
   ],
   "transcends_best_expert": false,
   "gain_vs_best_expert": -0.08787930888802431
  }
 }
}
