{
 "ckpt": "runs/comp_nocenter_n8_fa0.5/seed2/final.pt",
 "data": "data/perfect_test.npz",
 "expert_cfg": {
  "mode": "iid",
  "rho": 0.0,
  "pi": 0.0,
  "k": 4,
  "alpha": 0.0,
  "blind_plies": 4,
  "rule_mod": 3,
  "q_open": 1.0,
  "n_open": 8,
  "frac_a": 0.5,
  "b_open": "random",
  "bias_seed": 12345
 },
 "n_games": 3000,
 "n_states": 55932,
 "bias_state_frac": 0.0,
 "realized": {
  "error_rate": 0.0,
  "random_error_rate": 0.0,
  "shared_error_rate": 0.0
 },
 "theory": {
  "acc_tau0": 1.0,
  "acc_expert": 1.0,
  "acc_gain_tau0": 0.0
 },
 "mass_on_nonmove_tokens_tau1": 0.01441580057144165,
 "mass_on_illegal_cols_tau1": 0.0018701687222346663,
 "expert": {
  "er": 0.5268182793391976,
  "acc": 1.0,
  "best_er": 0.5268182793391976,
  "best_acc": 1.0,
  "mixture_er": 0.5268182793391976,
  "mixture_acc": 1.0,
  "er_bias": null,
  "er_nonbias": 0.5268182793391976,
  "er_by_phase": [
   0.5028494803888702,
   0.5328683662016995,
   0.5859550561797753
  ],
  "acc_bias_by_phase": [
   null,
   null,
   null
  ],
  "n_bias_by_phase": [
   0,
   0,
   0
  ]
 },
 "taus": {
  "0.001": {
   "er": 0.48673570451920084,
   "acc": 0.9559338688850403,
   "er_bias": null,
   "er_nonbias": 0.48673570451920084,
   "acc_bias": null,
   "acc_nonbias": 0.9559338688850403,
   "er_by_phase": [
    0.5009413775656723,
    0.4663537843174822,
    0.510539631992724
   ],
   "acc_bias_by_phase": [
    null,
    null,
    null
   ],
   "acc_nonbias_by_phase": [
    0.9973151683807373,
    0.9268881678581238,
    0.9190108776092529
   ],
   "transcends_best_expert": false,
   "gain_vs_best_expert": -0.04008257481999672
  },
  "0.1": {
   "er": 0.4845171997888258,
   "acc": 0.953338086605072,
   "er_bias": null,
   "er_nonbias": 0.4845171997888258,
   "acc_bias": null,
   "acc_nonbias": 0.953338086605072,
   "er_by_phase": [
    0.5003626683725135,
    0.4624685762429102,
    0.5086650646683731
   ],
   "acc_bias_by_phase": [
    null,
    null,
    null
   ],
   "acc_nonbias_by_phase": [
    0.9964010119438171,
    0.9224547743797302,
    0.917218029499054
   ],
   "transcends_best_expert": false,
   "gain_vs_best_expert": -0.04230107955037177
  },
  "0.3": {
   "er": 0.476665728314984,
   "acc": 0.94432532787323,
   "er_bias": null,
   "er_nonbias": 0.476665728314984,
   "acc_bias": null,
   "acc_nonbias": 0.94432532787323,
   "er_by_phase": [
    0.4966119634996159,
    0.4513548486350347,
    0.498499839243259
   ],
   "acc_bias_by_phase": [
    null,
    null,
    null
   ],
   "acc_nonbias_by_phase": [
    0.9915173649787903,
    0.9099826812744141,
    0.9064865708351135
   ],
   "transcends_best_expert": false,
   "gain_vs_best_expert": -0.050152551024213565
  },
  "1.0": {
   "er": 0.44095718597085215,
   "acc": 0.9021859765052795,
   "er_bias": null,
   "er_nonbias": 0.44095718597085215,
   "acc_bias": null,
   "acc_nonbias": 0.9021859765052795,
   "er_by_phase": [
    0.43920357191338244,
    0.43339226835617267,
    0.47334170992007685
   ],
   "acc_bias_by_phase": [
    null,
    null,
    null
   ],
   "acc_nonbias_by_phase": [
    0.9222400188446045,
    0.8899848461151123,
    0.877722978591919
   ],
   "transcends_best_expert": false,
   "gain_vs_best_expert": -0.08586109336834541
  }
 }
}
