{
 "ckpt": "runs/comp_edges_n8_fa1.0/seed2/final.pt",
 "data": "data/perfect_test.npz",
 "expert_cfg": {
  "mode": "iid",
  "rho": 0.0,
  "pi": 0.0,
  "k": 4,
  "alpha": 0.0,
  "blind_plies": 4,
  "rule_mod": 3,
  "q_open": 1.0,
  "n_open": 8,
  "frac_a": 0.5,
  "b_open": "random",
  "bias_seed": 12345
 },
 "n_games": 3000,
 "n_states": 55932,
 "bias_state_frac": 0.0,
 "realized": {
  "error_rate": 0.0,
  "random_error_rate": 0.0,
  "shared_error_rate": 0.0
 },
 "theory": {
  "acc_tau0": 1.0,
  "acc_expert": 1.0,
  "acc_gain_tau0": 0.0
 },
 "mass_on_nonmove_tokens_tau1": 0.00020253658294677734,
 "mass_on_illegal_cols_tau1": 0.03217749670147896,
 "expert": {
  "er": 0.5268182793391976,
  "acc": 1.0,
  "best_er": 0.5268182793391976,
  "best_acc": 1.0,
  "mixture_er": 0.5268182793391976,
  "mixture_acc": 1.0,
  "er_bias": null,
  "er_nonbias": 0.5268182793391976,
  "er_by_phase": [
   0.5028494803888702,
   0.5328683662016995,
   0.5859550561797753
  ],
  "acc_bias_by_phase": [
   null,
   null,
   null
  ],
  "n_bias_by_phase": [
   0,
   0,
   0
  ]
 },
 "taus": {
  "0.001": {
   "er": 0.451105890169134,
   "acc": 0.9061931371688843,
   "er_bias": null,
   "er_nonbias": 0.451105890169134,
   "acc_bias": null,
   "acc_nonbias": 0.9061931371688843,
   "er_by_phase": [
    0.5017480993128937,
    0.4251762074405884,
    0.3722249977119814
   ],
   "acc_bias_by_phase": [
    null,
    null,
    null
   ],
   "acc_nonbias_by_phase": [
    0.9984754323959351,
    0.8759975433349609,
    0.7026958465576172
   ],
   "transcends_best_expert": false,
   "gain_vs_best_expert": -0.07571238917006357
  },
  "0.1": {
   "er": 0.44949747308635624,
   "acc": 0.9035798907279968,
   "er_bias": null,
   "er_nonbias": 0.44949747308635624,
   "acc_bias": null,
   "acc_nonbias": 0.9035798907279968,
   "er_by_phase": [
    0.500887210663799,
    0.4224802410608085,
    0.3719217999157488
   ],
   "acc_bias_by_phase": [
    null,
    null,
    null
   ],
   "acc_nonbias_by_phase": [
    0.9973398447036743,
    0.871727705001831,
    0.700934886932373
   ],
   "transcends_best_expert": false,
   "gain_vs_best_expert": -0.07732080625284132
  },
  "0.3": {
   "er": 0.4475105880072749,
   "acc": 0.9006773829460144,
   "er_bias": null,
   "er_nonbias": 0.4475105880072749,
   "acc_bias": null,
   "acc_nonbias": 0.9006773829460144,
   "er_by_phase": [
    0.49956363283968075,
    0.4199734982467031,
    0.36953326405590026
   ],
   "acc_bias_by_phase": [
    null,
    null,
    null
   ],
   "acc_nonbias_by_phase": [
    0.995512843132019,
    0.868241012096405,
    0.6964735388755798
   ],
   "transcends_best_expert": false,
   "gain_vs_best_expert": -0.07930769133192267
  },
  "1.0": {
   "er": 0.44495592153462843,
   "acc": 0.8974546790122986,
   "er_bias": null,
   "er_nonbias": 0.44495592153462843,
   "acc_bias": null,
   "acc_nonbias": 0.8974546790122986,
   "er_by_phase": [
    0.49703404054983247,
    0.4168976692849629,
    0.3687206750382556
   ],
   "acc_bias_by_phase": [
    null,
    null,
    null
   ],
   "acc_nonbias_by_phase": [
    0.9921398758888245,
    0.8645967245101929,
    0.6952317357063293
   ],
   "transcends_best_expert": false,
   "gain_vs_best_expert": -0.08186235780456913
  }
 }
}
