{
 "ckpt": "runs/comp_edges_n8_fa0.0/seed2/final.pt",
 "data": "data/perfect_test.npz",
 "expert_cfg": {
  "mode": "iid",
  "rho": 0.0,
  "pi": 0.0,
  "k": 4,
  "alpha": 0.0,
  "blind_plies": 4,
  "rule_mod": 3,
  "q_open": 1.0,
  "n_open": 8,
  "frac_a": 0.5,
  "b_open": "random",
  "bias_seed": 12345
 },
 "n_games": 3000,
 "n_states": 55932,
 "bias_state_frac": 0.0,
 "realized": {
  "error_rate": 0.0,
  "random_error_rate": 0.0,
  "shared_error_rate": 0.0
 },
 "theory": {
  "acc_tau0": 1.0,
  "acc_expert": 1.0,
  "acc_gain_tau0": 0.0
 },
 "mass_on_nonmove_tokens_tau1": 0.006467700004577637,
 "mass_on_illegal_cols_tau1": 0.0007046710234135389,
 "expert": {
  "er": 0.5268182793391976,
  "acc": 1.0,
  "best_er": 0.5268182793391976,
  "best_acc": 1.0,
  "mixture_er": 0.5268182793391976,
  "mixture_acc": 1.0,
  "er_bias": null,
  "er_nonbias": 0.5268182793391976,
  "er_by_phase": [
   0.5028494803888702,
   0.5328683662016995,
   0.5859550561797753
  ],
  "acc_bias_by_phase": [
   null,
   null,
   null
  ],
  "n_bias_by_phase": [
   0,
   0,
   0
  ]
 },
 "taus": {
  "0.001": {
   "er": 0.3830369993350876,
   "acc": 0.8440526723861694,
   "er_bias": null,
   "er_nonbias": 0.3830369993350876,
   "acc_bias": null,
   "acc_nonbias": 0.8440526723861694,
   "er_by_phase": [
    0.26100279218619143,
    0.46214979624827074,
    0.5148513619771046
   ],
   "acc_bias_by_phase": [
    null,
    null,
    null
   ],
   "acc_nonbias_by_phase": [
    0.7397105693817139,
    0.9210723638534546,
    0.9239032864570618
   ],
   "transcends_best_expert": false,
   "gain_vs_best_expert": -0.14378128000410995
  },
  "0.1": {
   "er": 0.3649088940255696,
   "acc": 0.8254897594451904,
   "er_bias": null,
   "er_nonbias": 0.3649088940255696,
   "acc_bias": null,
   "acc_nonbias": 0.8254897594451904,
   "er_by_phase": [
    0.22296561477953264,
    0.4585732057708097,
    0.5124646758383749
   ],
   "acc_bias_by_phase": [
    null,
    null,
    null
   ],
   "acc_nonbias_by_phase": [
    0.7010214328765869,
    0.917184054851532,
    0.921377956867218
   ],
   "transcends_best_expert": false,
   "gain_vs_best_expert": -0.16190938531362797
  },
  "0.3": {
   "er": 0.3566675943203302,
   "acc": 0.8168010711669922,
   "er_bias": null,
   "er_nonbias": 0.3566675943203302,
   "acc_bias": null,
   "acc_nonbias": 0.8168010711669922,
   "er_by_phase": [
    0.21729413171039416,
    0.4480211576712736,
    0.5037068658433884
   ],
   "acc_bias_by_phase": [
    null,
    null,
    null
   ],
   "acc_nonbias_by_phase": [
    0.6953930258750916,
    0.9057117700576782,
    0.9121852517127991
   ],
   "transcends_best_expert": false,
   "gain_vs_best_expert": -0.17015068501886738
  },
  "1.0": {
   "er": 0.34499794051245264,
   "acc": 0.804209291934967,
   "er_bias": null,
   "er_nonbias": 0.34499794051245264,
   "acc_bias": null,
   "acc_nonbias": 0.804209291934967,
   "er_by_phase": [
    0.21535688708757172,
    0.43004698199456,
    0.48150785793320283
   ],
   "acc_bias_by_phase": [
    null,
    null,
    null
   ],
   "acc_nonbias_by_phase": [
    0.6934515237808228,
    0.8863706588745117,
    0.8875470161437988
   ],
   "transcends_best_expert": false,
   "gain_vs_best_expert": -0.18182033882674492
  }
 }
}
