{
 "ckpt": "runs/comp_q1.0_n8_fa0.5_small/seed1/final.pt",
 "data": "data/perfect_test.npz",
 "expert_cfg": {
  "mode": "iid",
  "rho": 0.0,
  "pi": 0.0,
  "k": 4,
  "alpha": 0.0,
  "blind_plies": 4,
  "rule_mod": 3,
  "q_open": 1.0,
  "n_open": 8,
  "frac_a": 0.5,
  "b_open": "random",
  "bias_seed": 12345
 },
 "n_games": 3000,
 "n_states": 55932,
 "bias_state_frac": 0.0,
 "realized": {
  "error_rate": 0.0,
  "random_error_rate": 0.0,
  "shared_error_rate": 0.0
 },
 "theory": {
  "acc_tau0": 1.0,
  "acc_expert": 1.0,
  "acc_gain_tau0": 0.0
 },
 "mass_on_nonmove_tokens_tau1": 0.017553865909576416,
 "mass_on_illegal_cols_tau1": 0.015010355040431023,
 "expert": {
  "er": 0.5268182793391976,
  "acc": 1.0,
  "best_er": 0.5268182793391976,
  "best_acc": 1.0,
  "mixture_er": 0.5268182793391976,
  "mixture_acc": 1.0,
  "er_bias": null,
  "er_nonbias": 0.5268182793391976,
  "er_by_phase": [
   0.5028494803888702,
   0.5328683662016995,
   0.5859550561797753
  ],
  "acc_bias_by_phase": [
   null,
   null,
   null
  ],
  "n_bias_by_phase": [
   0,
   0,
   0
  ]
 },
 "taus": {
  "0.001": {
   "er": 0.4812670344195367,
   "acc": 0.9497441053390503,
   "er_bias": null,
   "er_nonbias": 0.4812670344195367,
   "acc_bias": null,
   "acc_nonbias": 0.9497441053390503,
   "er_by_phase": [
    0.49832980294503676,
    0.46636798193726153,
    0.47628327785145635
   ],
   "acc_bias_by_phase": [
    null,
    null,
    null
   ],
   "acc_nonbias_by_phase": [
    0.9940338134765625,
    0.9264653325080872,
    0.8828660845756531
   ],
   "transcends_best_expert": false,
   "gain_vs_best_expert": -0.04555124491966084
  },
  "0.1": {
   "er": 0.47702025706410517,
   "acc": 0.9446555376052856,
   "er_bias": null,
   "er_nonbias": 0.47702025706410517,
   "acc_bias": null,
   "acc_nonbias": 0.9446555376052856,
   "er_by_phase": [
    0.497286444367809,
    0.4591730400949893,
    0.47162981817785643
   ],
   "acc_bias_by_phase": [
    null,
    null,
    null
   ],
   "acc_nonbias_by_phase": [
    0.9927424192428589,
    0.9181774854660034,
    0.8762608766555786
   ],
   "transcends_best_expert": false,
   "gain_vs_best_expert": -0.04979802227509239
  },
  "0.3": {
   "er": 0.4656593979891211,
   "acc": 0.9299251437187195,
   "er_bias": null,
   "er_nonbias": 0.4656593979891211,
   "acc_bias": null,
   "acc_nonbias": 0.9299251437187195,
   "er_by_phase": [
    0.4941441484949256,
    0.4417691727526052,
    0.4538972144399753
   ],
   "acc_bias_by_phase": [
    null,
    null,
    null
   ],
   "acc_nonbias_by_phase": [
    0.9885523319244385,
    0.8981161117553711,
    0.8448818325996399
   ],
   "transcends_best_expert": false,
   "gain_vs_best_expert": -0.061158881350076466
  },
  "1.0": {
   "er": 0.44634482709938783,
   "acc": 0.9042814373970032,
   "er_bias": null,
   "er_nonbias": 0.44634482709938783,
   "acc_bias": null,
   "acc_nonbias": 0.9042814373970032,
   "er_by_phase": [
    0.47985782668394295,
    0.4219986324092096,
    0.41932722078544726
   ],
   "acc_bias_by_phase": [
    null,
    null,
    null
   ],
   "acc_nonbias_by_phase": [
    0.9708239436149597,
    0.8748781681060791,
    0.7842784523963928
   ],
   "transcends_best_expert": false,
   "gain_vs_best_expert": -0.08047345223980973
  }
 }
}
