{
 "ckpt": "runs/comp_q1.0_n8_fa0.5/seed0/final.pt",
 "data": "data/perfect_test.npz",
 "expert_cfg": {
  "mode": "iid",
  "rho": 0.0,
  "pi": 0.0,
  "k": 4,
  "alpha": 0.0,
  "blind_plies": 4,
  "rule_mod": 3,
  "q_open": 1.0,
  "n_open": 8,
  "frac_a": 0.5,
  "bias_seed": 12345
 },
 "n_games": 3000,
 "n_states": 55932,
 "bias_state_frac": 0.0,
 "realized": {
  "error_rate": 0.0,
  "random_error_rate": 0.0,
  "shared_error_rate": 0.0
 },
 "theory": {
  "acc_tau0": 1.0,
  "acc_expert": 1.0,
  "acc_gain_tau0": 0.0
 },
 "mass_on_nonmove_tokens_tau1": 0.00881117582321167,
 "mass_on_illegal_cols_tau1": 0.0011434881016612053,
 "expert": {
  "er": 0.5268182793391976,
  "acc": 1.0,
  "best_er": 0.5268182793391976,
  "best_acc": 1.0,
  "mixture_er": 0.5268182793391976,
  "mixture_acc": 1.0,
  "er_bias": null,
  "er_nonbias": 0.5268182793391976,
  "er_by_phase": [
   0.5028494803888702,
   0.5328683662016995,
   0.5859550561797753
  ],
  "acc_bias_by_phase": [
   null,
   null,
   null
  ],
  "n_bias_by_phase": [
   0,
   0,
   0
  ]
 },
 "taus": {
  "0.001": {
   "er": 0.49814099185041827,
   "acc": 0.9685289859771729,
   "er_bias": null,
   "er_nonbias": 0.49814099185041827,
   "acc_bias": null,
   "acc_nonbias": 0.9685289859771729,
   "er_by_phase": [
    0.5020114828314476,
    0.4887214870659276,
    0.5181736335066252
   ],
   "acc_bias_by_phase": [
    null,
    null,
    null
   ],
   "acc_nonbias_by_phase": [
    0.9989525675773621,
    0.9510465860366821,
    0.9278153777122498
   ],
   "transcends_best_expert": false,
   "gain_vs_best_expert": -0.02867728748877929
  },
  "0.1": {
   "er": 0.49475074634159566,
   "acc": 0.9646554589271545,
   "er_bias": null,
   "er_nonbias": 0.49475074634159566,
   "acc_bias": null,
   "acc_nonbias": 0.9646554589271545,
   "er_by_phase": [
    0.5016108014260077,
    0.4833152727071941,
    0.5118271286023592
   ],
   "acc_bias_by_phase": [
    null,
    null,
    null
   ],
   "acc_nonbias_by_phase": [
    0.998387336730957,
    0.9448480010032654,
    0.9210011959075928
   ],
   "transcends_best_expert": false,
   "gain_vs_best_expert": -0.0320675329976019
  },
  "0.3": {
   "er": 0.4868687747350282,
   "acc": 0.955795168876648,
   "er_bias": null,
   "er_nonbias": 0.4868687747350282,
   "acc_bias": null,
   "acc_nonbias": 0.955795168876648,
   "er_by_phase": [
    0.5007952165137753,
    0.4705729859920898,
    0.4972910684078944
   ],
   "acc_bias_by_phase": [
    null,
    null,
    null
   ],
   "acc_nonbias_by_phase": [
    0.9972052574157715,
    0.9304781556129456,
    0.9057108163833618
   ],
   "transcends_best_expert": false,
   "gain_vs_best_expert": -0.03994950460416935
  },
  "1.0": {
   "er": 0.4719996968864506,
   "acc": 0.939155101776123,
   "er_bias": null,
   "er_nonbias": 0.4719996968864506,
   "acc_bias": null,
   "acc_nonbias": 0.939155101776123,
   "er_by_phase": [
    0.4982335720591242,
    0.4470965337332298,
    0.4713310054855897
   ],
   "acc_bias_by_phase": [
    null,
    null,
    null
   ],
   "acc_nonbias_by_phase": [
    0.9938585758209229,
    0.9048106670379639,
    0.8761470913887024
   ],
   "transcends_best_expert": false,
   "gain_vs_best_expert": -0.054818582452746956
  }
 }
}
