{
 "ckpt": "runs/comp_q0.25_n8_fa0.5/seed1/final.pt",
 "data": "data/perfect_test.npz",
 "expert_cfg": {
  "mode": "iid",
  "rho": 0.0,
  "pi": 0.0,
  "k": 4,
  "alpha": 0.0,
  "blind_plies": 4,
  "rule_mod": 3,
  "q_open": 1.0,
  "n_open": 8,
  "frac_a": 0.5,
  "b_open": "random",
  "bias_seed": 12345
 },
 "n_games": 3000,
 "n_states": 55932,
 "bias_state_frac": 0.0,
 "realized": {
  "error_rate": 0.0,
  "random_error_rate": 0.0,
  "shared_error_rate": 0.0
 },
 "theory": {
  "acc_tau0": 1.0,
  "acc_expert": 1.0,
  "acc_gain_tau0": 0.0
 },
 "mass_on_nonmove_tokens_tau1": 0.011550486087799072,
 "mass_on_illegal_cols_tau1": 0.001256383373402059,
 "expert": {
  "er": 0.5268182793391976,
  "acc": 1.0,
  "best_er": 0.5268182793391976,
  "best_acc": 1.0,
  "mixture_er": 0.5268182793391976,
  "mixture_acc": 1.0,
  "er_bias": null,
  "er_nonbias": 0.5268182793391976,
  "er_by_phase": [
   0.5028494803888702,
   0.5328683662016995,
   0.5859550561797753
  ],
  "acc_bias_by_phase": [
   null,
   null,
   null
  ],
  "n_bias_by_phase": [
   0,
   0,
   0
  ]
 },
 "taus": {
  "0.001": {
   "er": 0.49454224244948,
   "acc": 0.9643972516059875,
   "er_bias": null,
   "er_nonbias": 0.49454224244948,
   "acc_bias": null,
   "acc_nonbias": 0.9643972516059875,
   "er_by_phase": [
    0.5014113601992499,
    0.48287092878049975,
    0.5124146170889753
   ],
   "acc_bias_by_phase": [
    null,
    null,
    null
   ],
   "acc_nonbias_by_phase": [
    0.9981008768081665,
    0.9443514347076416,
    0.9216722249984741
   ],
   "transcends_best_expert": false,
   "gain_vs_best_expert": -0.032276036889717585
  },
  "0.1": {
   "er": 0.49105097534161213,
   "acc": 0.960366427898407,
   "er_bias": null,
   "er_nonbias": 0.49105097534161213,
   "acc_bias": null,
   "acc_nonbias": 0.960366427898407,
   "er_by_phase": [
    0.5005826706922542,
    0.4767688675906412,
    0.5091472739825527
   ],
   "acc_bias_by_phase": [
    null,
    null,
    null
   ],
   "acc_nonbias_by_phase": [
    0.9968579411506653,
    0.9375027418136597,
    0.9181712865829468
   ],
   "transcends_best_expert": false,
   "gain_vs_best_expert": -0.03576730399758543
  },
  "0.3": {
   "er": 0.48149327185870355,
   "acc": 0.9494415521621704,
   "er_bias": null,
   "er_nonbias": 0.48149327185870355,
   "acc_bias": null,
   "acc_nonbias": 0.9494415521621704,
   "er_by_phase": [
    0.49756021670311734,
    0.46179220905105006,
    0.4966731234258734
   ],
   "acc_bias_by_phase": [
    null,
    null,
    null
   ],
   "acc_nonbias_by_phase": [
    0.9926925301551819,
    0.9207460880279541,
    0.9050244092941284
   ],
   "transcends_best_expert": false,
   "gain_vs_best_expert": -0.045325007480494006
  },
  "1.0": {
   "er": 0.44278052953953884,
   "acc": 0.903896689414978,
   "er_bias": null,
   "er_nonbias": 0.44278052953953884,
   "acc_bias": null,
   "acc_nonbias": 0.903896689414978,
   "er_by_phase": [
    0.4399764724756729,
    0.4376692846450278,
    0.47008830417442043
   ],
   "acc_bias_by_phase": [
    null,
    null,
    null
   ],
   "acc_nonbias_by_phase": [
    0.922696053981781,
    0.8943027257919312,
    0.8745039701461792
   ],
   "transcends_best_expert": false,
   "gain_vs_best_expert": -0.08403774979965872
  }
 }
}
