{
 "ckpt": "runs/comp_q1.0_n14_fa0.5/seed1/final.pt",
 "data": "data/perfect_test.npz",
 "expert_cfg": {
  "mode": "iid",
  "rho": 0.0,
  "pi": 0.0,
  "k": 4,
  "alpha": 0.0,
  "blind_plies": 4,
  "rule_mod": 3,
  "q_open": 1.0,
  "n_open": 8,
  "frac_a": 0.5,
  "b_open": "random",
  "bias_seed": 12345
 },
 "n_games": 3000,
 "n_states": 55932,
 "bias_state_frac": 0.0,
 "realized": {
  "error_rate": 0.0,
  "random_error_rate": 0.0,
  "shared_error_rate": 0.0
 },
 "theory": {
  "acc_tau0": 1.0,
  "acc_expert": 1.0,
  "acc_gain_tau0": 0.0
 },
 "mass_on_nonmove_tokens_tau1": 0.009542465209960938,
 "mass_on_illegal_cols_tau1": 0.0018146173097193241,
 "expert": {
  "er": 0.5268182793391976,
  "acc": 1.0,
  "best_er": 0.5268182793391976,
  "best_acc": 1.0,
  "mixture_er": 0.5268182793391976,
  "mixture_acc": 1.0,
  "er_bias": null,
  "er_nonbias": 0.5268182793391976,
  "er_by_phase": [
   0.5028494803888702,
   0.5328683662016995,
   0.5859550561797753
  ],
  "acc_bias_by_phase": [
   null,
   null,
   null
  ],
  "n_bias_by_phase": [
   0,
   0,
   0
  ]
 },
 "taus": {
  "0.001": {
   "er": 0.5008269865898145,
   "acc": 0.9715524911880493,
   "er_bias": null,
   "er_nonbias": 0.5008269865898145,
   "acc_bias": null,
   "acc_nonbias": 0.9715524911880493,
   "er_by_phase": [
    0.5024288522953754,
    0.4961598424541439,
    0.5118113951149845
   ],
   "acc_bias_by_phase": [
    null,
    null,
    null
   ],
   "acc_nonbias_by_phase": [
    0.9993691444396973,
    0.9592171907424927,
    0.9215425252914429
   ],
   "transcends_best_expert": false,
   "gain_vs_best_expert": -0.025991292749383055
  },
  "0.1": {
   "er": 0.4967657858720297,
   "acc": 0.9668114185333252,
   "er_bias": null,
   "er_nonbias": 0.4967657858720297,
   "acc_bias": null,
   "acc_nonbias": 0.9668114185333252,
   "er_by_phase": [
    0.5018888873688155,
    0.4888654064653602,
    0.5072771582481944
   ],
   "acc_bias_by_phase": [
    null,
    null,
    null
   ],
   "acc_nonbias_by_phase": [
    0.9986277222633362,
    0.9506802558898926,
    0.9166960120201111
   ],
   "transcends_best_expert": false,
   "gain_vs_best_expert": -0.030052493467167873
  },
  "0.3": {
   "er": 0.48830994285167345,
   "acc": 0.9572334885597229,
   "er_bias": null,
   "er_nonbias": 0.48830994285167345,
   "acc_bias": null,
   "acc_nonbias": 0.9572334885597229,
   "er_by_phase": [
    0.5009664827696655,
    0.4744665142385744,
    0.494395643474796
   ],
   "acc_bias_by_phase": [
    null,
    null,
    null
   ],
   "acc_nonbias_by_phase": [
    0.9973129034042358,
    0.9344711303710938,
    0.9026586413383484
   ],
   "transcends_best_expert": false,
   "gain_vs_best_expert": -0.03850833648752411
  },
  "1.0": {
   "er": 0.47385434985276087,
   "acc": 0.9405948519706726,
   "er_bias": null,
   "er_nonbias": 0.47385434985276087,
   "acc_bias": null,
   "acc_nonbias": 0.9405948519706726,
   "er_by_phase": [
    0.4980488087283319,
    0.4518077429632358,
    0.4700119596945084
   ],
   "acc_bias_by_phase": [
    null,
    null,
    null
   ],
   "acc_nonbias_by_phase": [
    0.9934707880020142,
    0.9094290137290955,
    0.8725743889808655
   ],
   "transcends_best_expert": false,
   "gain_vs_best_expert": -0.05296392948643669
  }
 }
}
