{
 "ckpt": "runs/comp_nocenter_n8_fa0.5/seed0/final.pt",
 "data": "data/perfect_test.npz",
 "expert_cfg": {
  "mode": "iid",
  "rho": 0.0,
  "pi": 0.0,
  "k": 4,
  "alpha": 0.0,
  "blind_plies": 4,
  "rule_mod": 3,
  "q_open": 1.0,
  "n_open": 8,
  "frac_a": 0.5,
  "b_open": "random",
  "bias_seed": 12345
 },
 "n_games": 3000,
 "n_states": 55932,
 "bias_state_frac": 0.0,
 "realized": {
  "error_rate": 0.0,
  "random_error_rate": 0.0,
  "shared_error_rate": 0.0
 },
 "theory": {
  "acc_tau0": 1.0,
  "acc_expert": 1.0,
  "acc_gain_tau0": 0.0
 },
 "mass_on_nonmove_tokens_tau1": 0.015410542488098145,
 "mass_on_illegal_cols_tau1": 0.0026999434921890497,
 "expert": {
  "er": 0.5268182793391976,
  "acc": 1.0,
  "best_er": 0.5268182793391976,
  "best_acc": 1.0,
  "mixture_er": 0.5268182793391976,
  "mixture_acc": 1.0,
  "er_bias": null,
  "er_nonbias": 0.5268182793391976,
  "er_by_phase": [
   0.5028494803888702,
   0.5328683662016995,
   0.5859550561797753
  ],
  "acc_bias_by_phase": [
   null,
   null,
   null
  ],
  "n_bias_by_phase": [
   0,
   0,
   0
  ]
 },
 "taus": {
  "0.001": {
   "er": 0.48798893218373596,
   "acc": 0.9564927816390991,
   "er_bias": null,
   "er_nonbias": 0.48798893218373596,
   "acc_bias": null,
   "acc_nonbias": 0.9564927816390991,
   "er_by_phase": [
    0.5011978597084998,
    0.4683320135472793,
    0.5125932804549933
   ],
   "acc_bias_by_phase": [
    null,
    null,
    null
   ],
   "acc_nonbias_by_phase": [
    0.9976412653923035,
    0.927700936794281,
    0.9194609522819519
   ],
   "transcends_best_expert": false,
   "gain_vs_best_expert": -0.0388293471554616
  },
  "0.1": {
   "er": 0.4848776225548008,
   "acc": 0.9531444907188416,
   "er_bias": null,
   "er_nonbias": 0.4848776225548008,
   "acc_bias": null,
   "acc_nonbias": 0.9531444907188416,
   "er_by_phase": [
    0.5001550054711517,
    0.4638325480717539,
    0.5074131636063813
   ],
   "acc_bias_by_phase": [
    null,
    null,
    null
   ],
   "acc_nonbias_by_phase": [
    0.9962503910064697,
    0.9230183362960815,
    0.9142270684242249
   ],
   "transcends_best_expert": false,
   "gain_vs_best_expert": -0.041940656784396735
  },
  "0.3": {
   "er": 0.47712374657260187,
   "acc": 0.9444220066070557,
   "er_bias": null,
   "er_nonbias": 0.47712374657260187,
   "acc_bias": null,
   "acc_nonbias": 0.9444220066070557,
   "er_by_phase": [
    0.49648218093014895,
    0.45337154335750895,
    0.49546648369361823
   ],
   "acc_bias_by_phase": [
    null,
    null,
    null
   ],
   "acc_nonbias_by_phase": [
    0.9914963245391846,
    0.9116588830947876,
    0.9014431834220886
   ],
   "transcends_best_expert": false,
   "gain_vs_best_expert": -0.04969453276659569
  },
  "1.0": {
   "er": 0.442078466522563,
   "acc": 0.9029029011726379,
   "er_bias": null,
   "er_nonbias": 0.442078466522563,
   "acc_bias": null,
   "acc_nonbias": 0.9029029011726379,
   "er_by_phase": [
    0.4400025153708819,
    0.43679745763888267,
    0.4675407007801154
   ],
   "acc_bias_by_phase": [
    null,
    null,
    null
   ],
   "acc_nonbias_by_phase": [
    0.9232854843139648,
    0.8934433460235596,
    0.867732584476471
   ],
   "transcends_best_expert": false,
   "gain_vs_best_expert": -0.08473981281663456
  }
 }
}
